#
# There is insufficient memory for the Java Runtime Environment to continue.
# Native memory allocation (malloc) failed to allocate 1857456 bytes. Error detail: Chunk::new
# Possible reasons:
#   The system is out of physical RAM or swap space
#   This process is running with CompressedOops enabled, and the Java Heap may be blocking the growth of the native heap
# Possible solutions:
#   Reduce memory load on the system
#   Increase physical memory or swap space
#   Check if swap backing store is full
#   Decrease Java heap size (-Xmx/-Xms)
#   Decrease number of Java threads
#   Decrease Java thread stack sizes (-Xss)
#   Set larger code cache with -XX:ReservedCodeCacheSize=
#   JVM is running with Unscaled Compressed Oops mode in which the Java heap is
#     placed in the first 4GB address space. The Java Heap base address is the
#     maximum limit for the native heap growth. Please use -XX:HeapBaseMinAddress
#     to set the Java Heap base and to place the Java Heap above 4GB virtual address.
# This output file may be truncated or incomplete.
#
#  Out of Memory Error (arena.cpp:168), pid=24720, tid=14248
#
# JRE version: OpenJDK Runtime Environment Temurin-21.0.8+9 (21.0.8+9) (build 21.0.8+9-LTS)
# Java VM: OpenJDK 64-Bit Server VM Temurin-21.0.8+9 (21.0.8+9-LTS, mixed mode, sharing, tiered, compressed oops, compressed class ptrs, parallel gc, windows-amd64)
# No core dump will be written. Minidumps are not enabled by default on client versions of Windows
#

---------------  S U M M A R Y ------------

Command Line: --add-modules=ALL-SYSTEM --add-opens=java.base/java.util=ALL-UNNAMED --add-opens=java.base/java.lang=ALL-UNNAMED --add-opens=java.base/sun.nio.fs=ALL-UNNAMED -Declipse.application=org.eclipse.jdt.ls.core.id1 -Dosgi.bundles.defaultStartLevel=4 -Declipse.product=org.eclipse.jdt.ls.core.product -Djava.import.generatesMetadataFilesAtProjectRoot=false -DDetectVMInstallationsJob.disabled=true -Dfile.encoding=utf8 -XX:+UseParallelGC -XX:GCTimeRatio=4 -XX:AdaptiveSizePolicyWeight=90 -Dsun.zip.disableMemoryMapping=true -Xmx2G -Xms100m -Xlog:disable -javaagent:c:\Users\sonal\.vscode\extensions\redhat.java-1.45.0-win32-x64\lombok\lombok-1.18.39-4050.jar -XX:+HeapDumpOnOutOfMemoryError -XX:HeapDumpPath=c:\Users\sonal\AppData\Roaming\Code\User\workspaceStorage\2867b351bed66f009d29e0a601d37d45\redhat.java -Daether.dependencyCollector.impl=bf c:\Users\sonal\.vscode\extensions\redhat.java-1.45.0-win32-x64\server\plugins\org.eclipse.equinox.launcher_1.7.0.v20250519-0528.jar -configuration c:\Users\sonal\AppData\Roaming\Code\User\globalStorage\redhat.java\1.45.0\config_win -data c:\Users\sonal\AppData\Roaming\Code\User\workspaceStorage\2867b351bed66f009d29e0a601d37d45\redhat.java\jdt_ws --pipe=\\.\pipe\lsp-8d5263c75c0e74a7eb795e5ed5686e59-sock

Host: Intel(R) Core(TM) i5-10210U CPU @ 1.60GHz, 8 cores, 7G,  Windows 11 , 64 bit Build 26100 (10.0.26100.5074)
Time: Tue Sep 30 06:46:40 2025 India Standard Time elapsed time: 19.189003 seconds (0d 0h 0m 19s)

---------------  T H R E A D  ---------------

Current thread (0x000001e81ba8cab0):  JavaThread "C2 CompilerThread0" daemon [_thread_in_native, id=14248, stack(0x0000005676e00000,0x0000005676f00000) (1024K)]


Current CompileTask:
C2:19189 9236   !   4       org.eclipse.core.internal.localstore.UnifiedTree::addChildren (479 bytes)

Stack: [0x0000005676e00000,0x0000005676f00000]
Native frames: (J=compiled Java code, j=interpreted, Vv=VM code, C=native code)
V  [jvm.dll+0x6d2449]
V  [jvm.dll+0x8ae341]
V  [jvm.dll+0x8b08be]
V  [jvm.dll+0x8b0fa3]
V  [jvm.dll+0x280c96]
V  [jvm.dll+0xc581d]
V  [jvm.dll+0xc5d53]
V  [jvm.dll+0x3b9162]
V  [jvm.dll+0x385315]
V  [jvm.dll+0x38477a]
V  [jvm.dll+0x248ed0]
V  [jvm.dll+0x2484af]
V  [jvm.dll+0x1c89ee]
V  [jvm.dll+0x257d4d]
V  [jvm.dll+0x2562ea]
V  [jvm.dll+0x3f2d16]
V  [jvm.dll+0x857e6b]
V  [jvm.dll+0x6d0b0d]
C  [ucrtbase.dll+0x37b0]
C  [KERNEL32.DLL+0x2e8d7]
C  [ntdll.dll+0x8d9c]


---------------  P R O C E S S  ---------------

Threads class SMR info:
_java_thread_list=0x000001e86875c5d0, length=50, elements={
0x000001e803101b30, 0x000001e81ba7a1d0, 0x000001e81ba7f5c0, 0x000001e81ba82070,
0x000001e81ba84bd0, 0x000001e81ba86b80, 0x000001e81ba88710, 0x000001e81ba8cab0,
0x000001e81baa6700, 0x000001e85e5208f0, 0x000001e85e69a490, 0x000001e85e799ed0,
0x000001e86390cbd0, 0x000001e863797bb0, 0x000001e8639b1040, 0x000001e86403d340,
0x000001e863caa0d0, 0x000001e863e12f60, 0x000001e863e128d0, 0x000001e863e11520,
0x000001e863e13c80, 0x000001e863e149a0, 0x000001e863e135f0, 0x000001e8652f4e70,
0x000001e8652f75d0, 0x000001e8652f5b90, 0x000001e8652f8980, 0x000001e8652f7c60,
0x000001e8652f6f40, 0x000001e8652f82f0, 0x000001e8652f5500, 0x000001e8652f9010,
0x000001e8652f68b0, 0x000001e8652f96a0, 0x000001e8652f6220, 0x000001e8652fbe00,
0x000001e8652fc490, 0x000001e8652f9d30, 0x000001e8652fa3c0, 0x000001e8652faa50,
0x000001e866f532d0, 0x000001e866f525b0, 0x000001e866f51f20, 0x000001e866f51200,
0x000001e866f52c40, 0x000001e866f53960, 0x000001e866f504e0, 0x000001e866f53ff0,
0x000001e8654d02a0, 0x000001e8675ee7e0
}

Java Threads: ( => current thread )
  0x000001e803101b30 JavaThread "main"                              [_thread_blocked, id=32020, stack(0x0000005676400000,0x0000005676500000) (1024K)]
  0x000001e81ba7a1d0 JavaThread "Reference Handler"          daemon [_thread_blocked, id=23232, stack(0x0000005676800000,0x0000005676900000) (1024K)]
  0x000001e81ba7f5c0 JavaThread "Finalizer"                  daemon [_thread_blocked, id=32436, stack(0x0000005676900000,0x0000005676a00000) (1024K)]
  0x000001e81ba82070 JavaThread "Signal Dispatcher"          daemon [_thread_blocked, id=21536, stack(0x0000005676a00000,0x0000005676b00000) (1024K)]
  0x000001e81ba84bd0 JavaThread "Attach Listener"            daemon [_thread_blocked, id=23668, stack(0x0000005676b00000,0x0000005676c00000) (1024K)]
  0x000001e81ba86b80 JavaThread "Service Thread"             daemon [_thread_blocked, id=15704, stack(0x0000005676c00000,0x0000005676d00000) (1024K)]
  0x000001e81ba88710 JavaThread "Monitor Deflation Thread"   daemon [_thread_blocked, id=33468, stack(0x0000005676d00000,0x0000005676e00000) (1024K)]
=>0x000001e81ba8cab0 JavaThread "C2 CompilerThread0"         daemon [_thread_in_native, id=14248, stack(0x0000005676e00000,0x0000005676f00000) (1024K)]
  0x000001e81baa6700 JavaThread "C1 CompilerThread0"         daemon [_thread_blocked, id=31320, stack(0x0000005676f00000,0x0000005677000000) (1024K)]
  0x000001e85e5208f0 JavaThread "Common-Cleaner"             daemon [_thread_blocked, id=32168, stack(0x0000005677000000,0x0000005677100000) (1024K)]
  0x000001e85e69a490 JavaThread "Notification Thread"        daemon [_thread_blocked, id=32760, stack(0x0000005677200000,0x0000005677300000) (1024K)]
  0x000001e85e799ed0 JavaThread "Active Thread: Equinox Container: 30079daf-9b57-4623-8a1c-934d91fc5f77"        [_thread_blocked, id=15164, stack(0x0000005677a00000,0x0000005677b00000) (1024K)]
  0x000001e86390cbd0 JavaThread "Refresh Thread: Equinox Container: 30079daf-9b57-4623-8a1c-934d91fc5f77" daemon [_thread_blocked, id=20956, stack(0x0000005677b00000,0x0000005677c00000) (1024K)]
  0x000001e863797bb0 JavaThread "Framework Event Dispatcher: Equinox Container: 30079daf-9b57-4623-8a1c-934d91fc5f77" daemon [_thread_blocked, id=17860, stack(0x0000005677d00000,0x0000005677e00000) (1024K)]
  0x000001e8639b1040 JavaThread "Start Level: Equinox Container: 30079daf-9b57-4623-8a1c-934d91fc5f77" daemon [_thread_blocked, id=31236, stack(0x0000005677e00000,0x0000005677f00000) (1024K)]
  0x000001e86403d340 JavaThread "Bundle File Closer"         daemon [_thread_blocked, id=13508, stack(0x0000005677f00000,0x0000005678000000) (1024K)]
  0x000001e863caa0d0 JavaThread "SCR Component Actor"        daemon [_thread_blocked, id=19152, stack(0x0000005678000000,0x0000005678100000) (1024K)]
  0x000001e863e12f60 JavaThread "Worker-JM"                         [_thread_blocked, id=6384, stack(0x0000005678100000,0x0000005678200000) (1024K)]
  0x000001e863e128d0 JavaThread "JNA Cleaner"                daemon [_thread_blocked, id=20728, stack(0x0000005678200000,0x0000005678300000) (1024K)]
  0x000001e863e11520 JavaThread "Worker-0"                          [_thread_blocked, id=27336, stack(0x0000005678300000,0x0000005678400000) (1024K)]
  0x000001e863e13c80 JavaThread "Worker-1: Refreshing workspace"        [_thread_blocked, id=6016, stack(0x0000005678400000,0x0000005678500000) (1024K)]
  0x000001e863e149a0 JavaThread "Worker-2: Initialize workspace"        [_thread_blocked, id=30780, stack(0x0000005678500000,0x0000005678600000) (1024K)]
  0x000001e863e135f0 JavaThread "Worker-3"                          [_thread_blocked, id=21192, stack(0x0000005678600000,0x0000005678700000) (1024K)]
  0x000001e8652f4e70 JavaThread "Java indexing"              daemon [_thread_blocked, id=33264, stack(0x0000005678700000,0x0000005678800000) (1024K)]
  0x000001e8652f75d0 JavaThread "Worker-4: Check JDK Index"         [_thread_blocked, id=5916, stack(0x0000005678800000,0x0000005678900000) (1024K)]
  0x000001e8652f5b90 JavaThread "Worker-5"                          [_thread_blocked, id=29660, stack(0x0000005678b00000,0x0000005678c00000) (1024K)]
  0x000001e8652f8980 JavaThread "Worker-6"                          [_thread_blocked, id=25132, stack(0x0000005678c00000,0x0000005678d00000) (1024K)]
  0x000001e8652f7c60 JavaThread "Worker-7"                          [_thread_blocked, id=22772, stack(0x0000005678d00000,0x0000005678e00000) (1024K)]
  0x000001e8652f6f40 JavaThread "Thread-2"                   daemon [_thread_in_native, id=31848, stack(0x0000005678e00000,0x0000005678f00000) (1024K)]
  0x000001e8652f82f0 JavaThread "Thread-3"                   daemon [_thread_in_native, id=31160, stack(0x0000005678f00000,0x0000005679000000) (1024K)]
  0x000001e8652f5500 JavaThread "Thread-4"                   daemon [_thread_in_native, id=29124, stack(0x0000005679000000,0x0000005679100000) (1024K)]
  0x000001e8652f9010 JavaThread "Thread-5"                   daemon [_thread_in_native, id=33696, stack(0x0000005679100000,0x0000005679200000) (1024K)]
  0x000001e8652f68b0 JavaThread "Thread-6"                   daemon [_thread_in_native, id=24208, stack(0x0000005679200000,0x0000005679300000) (1024K)]
  0x000001e8652f96a0 JavaThread "Thread-7"                   daemon [_thread_in_native, id=21204, stack(0x0000005679300000,0x0000005679400000) (1024K)]
  0x000001e8652f6220 JavaThread "Thread-8"                   daemon [_thread_in_native, id=28932, stack(0x0000005679400000,0x0000005679500000) (1024K)]
  0x000001e8652fbe00 JavaThread "Thread-9"                   daemon [_thread_in_native, id=28288, stack(0x0000005679500000,0x0000005679600000) (1024K)]
  0x000001e8652fc490 JavaThread "Thread-10"                  daemon [_thread_in_native, id=30044, stack(0x0000005679600000,0x0000005679700000) (1024K)]
  0x000001e8652f9d30 JavaThread "pool-2-thread-1"                   [_thread_blocked, id=25924, stack(0x0000005679700000,0x0000005679800000) (1024K)]
  0x000001e8652fa3c0 JavaThread "WorkspaceEventsHandler"            [_thread_blocked, id=21008, stack(0x0000005679800000,0x0000005679900000) (1024K)]
  0x000001e8652faa50 JavaThread "pool-1-thread-1"                   [_thread_blocked, id=17084, stack(0x0000005679900000,0x0000005679a00000) (1024K)]
  0x000001e866f532d0 JavaThread "ForkJoinPool.commonPool-worker-1" daemon [_thread_blocked, id=29520, stack(0x0000005679b00000,0x0000005679c00000) (1024K)]
  0x000001e866f525b0 JavaThread "ForkJoinPool.commonPool-worker-2" daemon [_thread_blocked, id=8108, stack(0x0000005679c00000,0x0000005679d00000) (1024K)]
  0x000001e866f51f20 JavaThread "ForkJoinPool.commonPool-worker-3" daemon [_thread_blocked, id=22924, stack(0x0000005679d00000,0x0000005679e00000) (1024K)]
  0x000001e866f51200 JavaThread "ForkJoinPool.commonPool-worker-4" daemon [_thread_blocked, id=12656, stack(0x0000005679e00000,0x0000005679f00000) (1024K)]
  0x000001e866f52c40 JavaThread "ForkJoinPool.commonPool-worker-5" daemon [_thread_blocked, id=3500, stack(0x0000005679f00000,0x000000567a000000) (1024K)]
  0x000001e866f53960 JavaThread "ForkJoinPool.commonPool-worker-6" daemon [_thread_blocked, id=33656, stack(0x000000567a000000,0x000000567a100000) (1024K)]
  0x000001e866f504e0 JavaThread "ForkJoinPool.commonPool-worker-7" daemon [_thread_blocked, id=3068, stack(0x000000567a100000,0x000000567a200000) (1024K)]
  0x000001e866f53ff0 JavaThread "Timer-0"                           [_thread_blocked, id=30996, stack(0x0000005677300000,0x0000005677400000) (1024K)]
  0x000001e8654d02a0 JavaThread "C2 CompilerThread1"         daemon [_thread_blocked, id=12848, stack(0x0000005677100000,0x0000005677200000) (1024K)]
  0x000001e8675ee7e0 JavaThread "C2 CompilerThread2"         daemon [_thread_blocked, id=29100, stack(0x0000005679a00000,0x0000005679b00000) (1024K)]
Total: 50

Other Threads:
  0x000001e803195ad0 VMThread "VM Thread"                           [id=27116, stack(0x0000005676700000,0x0000005676800000) (1024K)]
  0x000001e81b98ca00 WatcherThread "VM Periodic Task Thread"        [id=29000, stack(0x0000005676600000,0x0000005676700000) (1024K)]
  0x000001e802ea1b10 WorkerThread "GC Thread#0"                     [id=16380, stack(0x0000005676500000,0x0000005676600000) (1024K)]
  0x000001e86329bb00 WorkerThread "GC Thread#1"                     [id=8052, stack(0x0000005677400000,0x0000005677500000) (1024K)]
  0x000001e86329bea0 WorkerThread "GC Thread#2"                     [id=31412, stack(0x0000005677500000,0x0000005677600000) (1024K)]
  0x000001e8637556d0 WorkerThread "GC Thread#3"                     [id=28196, stack(0x0000005677600000,0x0000005677700000) (1024K)]
  0x000001e863755a70 WorkerThread "GC Thread#4"                     [id=30948, stack(0x0000005677700000,0x0000005677800000) (1024K)]
  0x000001e8634716b0 WorkerThread "GC Thread#5"                     [id=29020, stack(0x0000005677800000,0x0000005677900000) (1024K)]
  0x000001e863471a50 WorkerThread "GC Thread#6"                     [id=30648, stack(0x0000005677900000,0x0000005677a00000) (1024K)]
  0x000001e86390d230 WorkerThread "GC Thread#7"                     [id=33160, stack(0x0000005677c00000,0x0000005677d00000) (1024K)]
Total: 10

Threads with active compile tasks:
C2 CompilerThread0  19244 9236   !   4       org.eclipse.core.internal.localstore.UnifiedTree::addChildren (479 bytes)
C2 CompilerThread1  19244 9343   !   4       org.eclipse.core.internal.resources.Container::getChildren (154 bytes)
C2 CompilerThread2  19244 9260   !   4       org.eclipse.jdt.internal.compiler.classfmt.ClassFileReader::<init> (1968 bytes)
Total: 3

VM state: at safepoint (normal execution)

VM Mutex/Monitor currently owned by a thread:  ([mutex/lock_event])
[0x00007ff960d65458] Threads_lock - owner thread: 0x000001e803195ad0
[0x00007ff960d65558] Heap_lock - owner thread: 0x000001e866f504e0
[0x00007ff960d659d8] PSOldGenExpand_lock - owner thread: 0x000001e802ea1b10

Heap address: 0x0000000080000000, size: 2048 MB, Compressed Oops mode: 32-bit

CDS archive(s) mapped at: [0x000001e81c000000-0x000001e81cba0000-0x000001e81cba0000), size 12189696, SharedBaseAddress: 0x000001e81c000000, ArchiveRelocationMode: 1.
Compressed class space mapped at: 0x000001e81d000000-0x000001e85d000000, reserved size: 1073741824
Narrow klass base: 0x000001e81c000000, Narrow klass shift: 0, Narrow klass range: 0x100000000

GC Precious Log:
 CardTable entry size: 512
 CPUs: 8 total, 8 available
 Memory: 7995M
 Large Page Support: Disabled
 NUMA Support: Disabled
 Compressed Oops: Enabled (32-bit)
 Alignments: Space 512K, Generation 512K, Heap 2M
 Heap Min Capacity: 100M
 Heap Initial Capacity: 100M
 Heap Max Capacity: 2G
 Pre-touch: Disabled
 Parallel Workers: 8

Heap:
 PSYoungGen      total 3072K, used 3007K [0x00000000d5580000, 0x00000000d5980000, 0x0000000100000000)
  eden space 2048K, 99% used [0x00000000d5580000,0x00000000d577fff0,0x00000000d5780000)
  from space 1024K, 93% used [0x00000000d5880000,0x00000000d5970000,0x00000000d5980000)
  to   space 1024K, 100% used [0x00000000d5780000,0x00000000d5880000,0x00000000d5880000)
 ParOldGen       total 119296K, used 119291K [0x0000000080000000, 0x0000000087480000, 0x00000000d5580000)
  object space 119296K, 99% used [0x0000000080000000,0x000000008747ed70,0x0000000087480000)
 Metaspace       used 58401K, committed 59712K, reserved 1114112K
  class space    used 6768K, committed 7296K, reserved 1048576K

Card table byte_map: [0x000001e816dc0000,0x000001e8171d0000] _byte_map_base: 0x000001e8169c0000

Marking Bits: (ParMarkBitMap*) 0x00007ff960d6a340
 Begin Bits: [0x000001e817480000, 0x000001e819480000)
 End Bits:   [0x000001e819480000, 0x000001e81b480000)

Polling page: 0x000001e803550000

Metaspace:

Usage:
  Non-class:     50.42 MB used.
      Class:      6.61 MB used.
       Both:     57.03 MB used.

Virtual space:
  Non-class space:       64.00 MB reserved,      51.19 MB ( 80%) committed,  1 nodes.
      Class space:        1.00 GB reserved,       7.12 MB ( <1%) committed,  1 nodes.
             Both:        1.06 GB reserved,      58.31 MB (  5%) committed. 

Chunk freelists:
   Non-Class:  12.14 MB
       Class:  8.70 MB
        Both:  20.84 MB

MaxMetaspaceSize: unlimited
CompressedClassSpaceSize: 1.00 GB
Initial GC threshold: 21.00 MB
Current GC threshold: 58.38 MB
CDS: on
 - commit_granule_bytes: 65536.
 - commit_granule_words: 8192.
 - virtual_space_node_default_size: 8388608.
 - enlarge_chunks_in_place: 1.
 - use_allocation_guard: 0.


Internal statistics:

num_allocs_failed_limit: 8.
num_arena_births: 1036.
num_arena_deaths: 26.
num_vsnodes_births: 2.
num_vsnodes_deaths: 0.
num_space_committed: 933.
num_space_uncommitted: 0.
num_chunks_returned_to_freelist: 37.
num_chunks_taken_from_freelist: 3613.
num_chunk_merges: 11.
num_chunk_splits: 2302.
num_chunks_enlarged: 1412.
num_inconsistent_stats: 0.

CodeHeap 'non-profiled nmethods': size=120000Kb used=5766Kb max_used=5766Kb free=114233Kb
 bounds [0x000001e80f6b0000, 0x000001e80fc60000, 0x000001e816be0000]
CodeHeap 'profiled nmethods': size=120000Kb used=17632Kb max_used=17632Kb free=102367Kb
 bounds [0x000001e807be0000, 0x000001e808d20000, 0x000001e80f110000]
CodeHeap 'non-nmethods': size=5760Kb used=1389Kb max_used=1501Kb free=4370Kb
 bounds [0x000001e80f110000, 0x000001e80f380000, 0x000001e80f6b0000]
CodeCache: size=245760Kb, used=24787Kb, max_used=24899Kb, free=220970Kb
 total_blobs=9431, nmethods=8742, adapters=595, full_count=0
Compilation: enabled, stopped_count=0, restarted_count=0

Compilation events (20 events):
Event: 18.157 Thread 0x000001e81baa6700 9406       2       com.google.common.base.CharMatcher::is (9 bytes)
Event: 18.157 Thread 0x000001e81baa6700 nmethod 9406 0x000001e808d12a10 code [0x000001e808d12ba0, 0x000001e808d12ce8]
Event: 18.157 Thread 0x000001e81baa6700 9407       2       com.google.common.base.CharMatcher$Is::<init> (10 bytes)
Event: 18.157 Thread 0x000001e81baa6700 nmethod 9407 0x000001e808d12d90 code [0x000001e808d12f20, 0x000001e808d13028]
Event: 18.157 Thread 0x000001e81baa6700 9408       2       org.eclipse.jdt.ls.core.internal.ProjectUtils::isGradleProject (7 bytes)
Event: 18.158 Thread 0x000001e81baa6700 nmethod 9408 0x000001e808d13110 code [0x000001e808d132c0, 0x000001e808d13468]
Event: 18.160 Thread 0x000001e81baa6700 9409       2       java.util.LinkedHashMap::keysToArray (80 bytes)
Event: 18.161 Thread 0x000001e81baa6700 nmethod 9409 0x000001e808d13610 code [0x000001e808d137e0, 0x000001e808d13b58]
Event: 18.161 Thread 0x000001e81baa6700 9410       3       org.eclipse.jdt.internal.compiler.util.JRTUtil::getClassfile (33 bytes)
Event: 18.162 Thread 0x000001e81baa6700 nmethod 9410 0x000001e808d13d90 code [0x000001e808d13fa0, 0x000001e808d145e0]
Event: 18.162 Thread 0x000001e81baa6700 9411       3       org.eclipse.jdt.internal.compiler.classfmt.ClassFileReader::getConstantClassNameAt (33 bytes)
Event: 18.162 Thread 0x000001e81baa6700 nmethod 9411 0x000001e808d14890 code [0x000001e808d14a60, 0x000001e808d14ef8]
Event: 18.162 Thread 0x000001e81baa6700 9413   !   2       org.eclipse.core.internal.resources.ProjectPreferences::load (299 bytes)
Event: 18.164 Thread 0x000001e81baa6700 nmethod 9413 0x000001e808d15110 code [0x000001e808d15560, 0x000001e808d16688]
Event: 18.165 Thread 0x000001e81baa6700 9414       2       sun.nio.ch.Invoker$GroupAndInvokeCount::resetInvokeCount (6 bytes)
Event: 18.165 Thread 0x000001e81baa6700 nmethod 9414 0x000001e808d17310 code [0x000001e808d174a0, 0x000001e808d175b0]
Event: 18.165 Thread 0x000001e81baa6700 9415       2       jdk.internal.ref.Cleaner::create (19 bytes)
Event: 18.166 Thread 0x000001e81baa6700 nmethod 9415 0x000001e808d17610 code [0x000001e808d177c0, 0x000001e808d17b48]
Event: 18.166 Thread 0x000001e81baa6700 9416       2       jdk.internal.ref.Cleaner::<init> (24 bytes)
Event: 18.170 Thread 0x000001e81baa6700 nmethod 9416 0x000001e808d17c90 code [0x000001e808d17e20, 0x000001e808d17fa0]

GC Heap History (20 events):
Event: 17.924 GC heap before
{Heap before GC invocations=467 (full 2):
 PSYoungGen      total 4608K, used 4352K [0x00000000d5580000, 0x00000000d5b00000, 0x0000000100000000)
  eden space 4096K, 100% used [0x00000000d5580000,0x00000000d5980000,0x00000000d5980000)
  from space 512K, 50% used [0x00000000d5a80000,0x00000000d5ac0000,0x00000000d5b00000)
  to   space 512K, 0% used [0x00000000d5a00000,0x00000000d5a00000,0x00000000d5a80000)
 ParOldGen       total 112128K, used 112083K [0x0000000080000000, 0x0000000086d80000, 0x00000000d5580000)
  object space 112128K, 99% used [0x0000000080000000,0x0000000086d74ec0,0x0000000086d80000)
 Metaspace       used 58217K, committed 59520K, reserved 1114112K
  class space    used 6759K, committed 7296K, reserved 1048576K
}
Event: 17.925 GC heap after
{Heap after GC invocations=467 (full 2):
 PSYoungGen      total 4608K, used 320K [0x00000000d5580000, 0x00000000d5b00000, 0x0000000100000000)
  eden space 4096K, 0% used [0x00000000d5580000,0x00000000d5580000,0x00000000d5980000)
  from space 512K, 62% used [0x00000000d5a00000,0x00000000d5a50000,0x00000000d5a80000)
  to   space 512K, 0% used [0x00000000d5a80000,0x00000000d5a80000,0x00000000d5b00000)
 ParOldGen       total 112640K, used 112171K [0x0000000080000000, 0x0000000086e00000, 0x00000000d5580000)
  object space 112640K, 99% used [0x0000000080000000,0x0000000086d8aec0,0x0000000086e00000)
 Metaspace       used 58217K, committed 59520K, reserved 1114112K
  class space    used 6759K, committed 7296K, reserved 1048576K
}
Event: 17.982 GC heap before
{Heap before GC invocations=468 (full 2):
 PSYoungGen      total 4608K, used 4416K [0x00000000d5580000, 0x00000000d5b00000, 0x0000000100000000)
  eden space 4096K, 100% used [0x00000000d5580000,0x00000000d5980000,0x00000000d5980000)
  from space 512K, 62% used [0x00000000d5a00000,0x00000000d5a50000,0x00000000d5a80000)
  to   space 512K, 0% used [0x00000000d5a80000,0x00000000d5a80000,0x00000000d5b00000)
 ParOldGen       total 112640K, used 112171K [0x0000000080000000, 0x0000000086e00000, 0x00000000d5580000)
  object space 112640K, 99% used [0x0000000080000000,0x0000000086d8aec0,0x0000000086e00000)
 Metaspace       used 58243K, committed 59520K, reserved 1114112K
  class space    used 6759K, committed 7296K, reserved 1048576K
}
Event: 17.983 GC heap after
{Heap after GC invocations=468 (full 2):
 PSYoungGen      total 4608K, used 352K [0x00000000d5580000, 0x00000000d5b00000, 0x0000000100000000)
  eden space 4096K, 0% used [0x00000000d5580000,0x00000000d5580000,0x00000000d5980000)
  from space 512K, 68% used [0x00000000d5a80000,0x00000000d5ad8000,0x00000000d5b00000)
  to   space 512K, 0% used [0x00000000d5a00000,0x00000000d5a00000,0x00000000d5a80000)
 ParOldGen       total 112640K, used 112226K [0x0000000080000000, 0x0000000086e00000, 0x00000000d5580000)
  object space 112640K, 99% used [0x0000000080000000,0x0000000086d98900,0x0000000086e00000)
 Metaspace       used 58243K, committed 59520K, reserved 1114112K
  class space    used 6759K, committed 7296K, reserved 1048576K
}
Event: 18.072 GC heap before
{Heap before GC invocations=469 (full 2):
 PSYoungGen      total 4608K, used 4448K [0x00000000d5580000, 0x00000000d5b00000, 0x0000000100000000)
  eden space 4096K, 100% used [0x00000000d5580000,0x00000000d5980000,0x00000000d5980000)
  from space 512K, 68% used [0x00000000d5a80000,0x00000000d5ad8000,0x00000000d5b00000)
  to   space 512K, 0% used [0x00000000d5a00000,0x00000000d5a00000,0x00000000d5a80000)
 ParOldGen       total 112640K, used 112226K [0x0000000080000000, 0x0000000086e00000, 0x00000000d5580000)
  object space 112640K, 99% used [0x0000000080000000,0x0000000086d98900,0x0000000086e00000)
 Metaspace       used 58272K, committed 59520K, reserved 1114112K
  class space    used 6759K, committed 7296K, reserved 1048576K
}
Event: 18.073 GC heap after
{Heap after GC invocations=469 (full 2):
 PSYoungGen      total 4608K, used 256K [0x00000000d5580000, 0x00000000d5b00000, 0x0000000100000000)
  eden space 4096K, 0% used [0x00000000d5580000,0x00000000d5580000,0x00000000d5980000)
  from space 512K, 50% used [0x00000000d5a00000,0x00000000d5a40000,0x00000000d5a80000)
  to   space 512K, 0% used [0x00000000d5a80000,0x00000000d5a80000,0x00000000d5b00000)
 ParOldGen       total 112640K, used 112288K [0x0000000080000000, 0x0000000086e00000, 0x00000000d5580000)
  object space 112640K, 99% used [0x0000000080000000,0x0000000086da8340,0x0000000086e00000)
 Metaspace       used 58272K, committed 59520K, reserved 1114112K
  class space    used 6759K, committed 7296K, reserved 1048576K
}
Event: 18.099 GC heap before
{Heap before GC invocations=470 (full 2):
 PSYoungGen      total 4608K, used 4352K [0x00000000d5580000, 0x00000000d5b00000, 0x0000000100000000)
  eden space 4096K, 100% used [0x00000000d5580000,0x00000000d5980000,0x00000000d5980000)
  from space 512K, 50% used [0x00000000d5a00000,0x00000000d5a40000,0x00000000d5a80000)
  to   space 512K, 0% used [0x00000000d5a80000,0x00000000d5a80000,0x00000000d5b00000)
 ParOldGen       total 112640K, used 112288K [0x0000000080000000, 0x0000000086e00000, 0x00000000d5580000)
  object space 112640K, 99% used [0x0000000080000000,0x0000000086da8340,0x0000000086e00000)
 Metaspace       used 58317K, committed 59584K, reserved 1114112K
  class space    used 6759K, committed 7296K, reserved 1048576K
}
Event: 18.100 GC heap after
{Heap after GC invocations=470 (full 2):
 PSYoungGen      total 4608K, used 160K [0x00000000d5580000, 0x00000000d5b00000, 0x0000000100000000)
  eden space 4096K, 0% used [0x00000000d5580000,0x00000000d5580000,0x00000000d5980000)
  from space 512K, 31% used [0x00000000d5a80000,0x00000000d5aa8000,0x00000000d5b00000)
  to   space 512K, 0% used [0x00000000d5a00000,0x00000000d5a00000,0x00000000d5a80000)
 ParOldGen       total 112640K, used 112328K [0x0000000080000000, 0x0000000086e00000, 0x00000000d5580000)
  object space 112640K, 99% used [0x0000000080000000,0x0000000086db2340,0x0000000086e00000)
 Metaspace       used 58317K, committed 59584K, reserved 1114112K
  class space    used 6759K, committed 7296K, reserved 1048576K
}
Event: 18.133 GC heap before
{Heap before GC invocations=471 (full 2):
 PSYoungGen      total 4608K, used 4255K [0x00000000d5580000, 0x00000000d5b00000, 0x0000000100000000)
  eden space 4096K, 99% used [0x00000000d5580000,0x00000000d597ffa8,0x00000000d5980000)
  from space 512K, 31% used [0x00000000d5a80000,0x00000000d5aa8000,0x00000000d5b00000)
  to   space 512K, 0% used [0x00000000d5a00000,0x00000000d5a00000,0x00000000d5a80000)
 ParOldGen       total 112640K, used 112328K [0x0000000080000000, 0x0000000086e00000, 0x00000000d5580000)
  object space 112640K, 99% used [0x0000000080000000,0x0000000086db2340,0x0000000086e00000)
 Metaspace       used 58385K, committed 59712K, reserved 1114112K
  class space    used 6768K, committed 7296K, reserved 1048576K
}
Event: 18.134 GC heap after
{Heap after GC invocations=471 (full 2):
 PSYoungGen      total 4608K, used 511K [0x00000000d5580000, 0x00000000d5b80000, 0x0000000100000000)
  eden space 4096K, 0% used [0x00000000d5580000,0x00000000d5580000,0x00000000d5980000)
  from space 512K, 99% used [0x00000000d5a00000,0x00000000d5a7fcb0,0x00000000d5a80000)
  to   space 1024K, 0% used [0x00000000d5a80000,0x00000000d5a80000,0x00000000d5b80000)
 ParOldGen       total 112640K, used 112607K [0x0000000080000000, 0x0000000086e00000, 0x00000000d5580000)
  object space 112640K, 99% used [0x0000000080000000,0x0000000086df7ff0,0x0000000086e00000)
 Metaspace       used 58385K, committed 59712K, reserved 1114112K
  class space    used 6768K, committed 7296K, reserved 1048576K
}
Event: 18.148 GC heap before
{Heap before GC invocations=472 (full 2):
 PSYoungGen      total 4608K, used 4607K [0x00000000d5580000, 0x00000000d5b80000, 0x0000000100000000)
  eden space 4096K, 100% used [0x00000000d5580000,0x00000000d5980000,0x00000000d5980000)
  from space 512K, 99% used [0x00000000d5a00000,0x00000000d5a7fcb0,0x00000000d5a80000)
  to   space 1024K, 0% used [0x00000000d5a80000,0x00000000d5a80000,0x00000000d5b80000)
 ParOldGen       total 112640K, used 112607K [0x0000000080000000, 0x0000000086e00000, 0x00000000d5580000)
  object space 112640K, 99% used [0x0000000080000000,0x0000000086df7ff0,0x0000000086e00000)
 Metaspace       used 58393K, committed 59712K, reserved 1114112K
  class space    used 6768K, committed 7296K, reserved 1048576K
}
Event: 18.150 GC heap after
{Heap after GC invocations=472 (full 2):
 PSYoungGen      total 1536K, used 1012K [0x00000000d5580000, 0x00000000d6280000, 0x0000000100000000)
  eden space 512K, 0% used [0x00000000d5580000,0x00000000d5580000,0x00000000d5600000)
  from space 1024K, 98% used [0x00000000d5a80000,0x00000000d5b7d0d0,0x00000000d5b80000)
  to   space 4608K, 0% used [0x00000000d5600000,0x00000000d5600000,0x00000000d5a80000)
 ParOldGen       total 115712K, used 115591K [0x0000000080000000, 0x0000000087100000, 0x00000000d5580000)
  object space 115712K, 99% used [0x0000000080000000,0x00000000870e1ca0,0x0000000087100000)
 Metaspace       used 58393K, committed 59712K, reserved 1114112K
  class space    used 6768K, committed 7296K, reserved 1048576K
}
Event: 18.152 GC heap before
{Heap before GC invocations=473 (full 2):
 PSYoungGen      total 1536K, used 1524K [0x00000000d5580000, 0x00000000d6280000, 0x0000000100000000)
  eden space 512K, 100% used [0x00000000d5580000,0x00000000d5600000,0x00000000d5600000)
  from space 1024K, 98% used [0x00000000d5a80000,0x00000000d5b7d0d0,0x00000000d5b80000)
  to   space 4608K, 0% used [0x00000000d5600000,0x00000000d5600000,0x00000000d5a80000)
 ParOldGen       total 115712K, used 115591K [0x0000000080000000, 0x0000000087100000, 0x00000000d5580000)
  object space 115712K, 99% used [0x0000000080000000,0x00000000870e1ca0,0x0000000087100000)
 Metaspace       used 58393K, committed 59712K, reserved 1114112K
  class space    used 6768K, committed 7296K, reserved 1048576K
}
Event: 18.153 GC heap after
{Heap after GC invocations=473 (full 2):
 PSYoungGen      total 1024K, used 384K [0x00000000d5580000, 0x00000000d5b00000, 0x0000000100000000)
  eden space 512K, 0% used [0x00000000d5580000,0x00000000d5580000,0x00000000d5600000)
  from space 512K, 75% used [0x00000000d5600000,0x00000000d5660000,0x00000000d5680000)
  to   space 2048K, 0% used [0x00000000d5900000,0x00000000d5900000,0x00000000d5b00000)
 ParOldGen       total 116736K, used 116635K [0x0000000080000000, 0x0000000087200000, 0x00000000d5580000)
  object space 116736K, 99% used [0x0000000080000000,0x00000000871e6d70,0x0000000087200000)
 Metaspace       used 58393K, committed 59712K, reserved 1114112K
  class space    used 6768K, committed 7296K, reserved 1048576K
}
Event: 18.154 GC heap before
{Heap before GC invocations=474 (full 2):
 PSYoungGen      total 1024K, used 895K [0x00000000d5580000, 0x00000000d5b00000, 0x0000000100000000)
  eden space 512K, 99% used [0x00000000d5580000,0x00000000d55fffc8,0x00000000d5600000)
  from space 512K, 75% used [0x00000000d5600000,0x00000000d5660000,0x00000000d5680000)
  to   space 2048K, 0% used [0x00000000d5900000,0x00000000d5900000,0x00000000d5b00000)
 ParOldGen       total 116736K, used 116635K [0x0000000080000000, 0x0000000087200000, 0x00000000d5580000)
  object space 116736K, 99% used [0x0000000080000000,0x00000000871e6d70,0x0000000087200000)
 Metaspace       used 58395K, committed 59712K, reserved 1114112K
  class space    used 6768K, committed 7296K, reserved 1048576K
}
Event: 18.156 GC heap after
{Heap after GC invocations=474 (full 2):
 PSYoungGen      total 1536K, used 480K [0x00000000d5580000, 0x00000000d5980000, 0x0000000100000000)
  eden space 1024K, 0% used [0x00000000d5580000,0x00000000d5580000,0x00000000d5680000)
  from space 512K, 93% used [0x00000000d5900000,0x00000000d5978000,0x00000000d5980000)
  to   space 1024K, 0% used [0x00000000d5780000,0x00000000d5780000,0x00000000d5880000)
 ParOldGen       total 117248K, used 117003K [0x0000000080000000, 0x0000000087280000, 0x00000000d5580000)
  object space 117248K, 99% used [0x0000000080000000,0x0000000087242d70,0x0000000087280000)
 Metaspace       used 58395K, committed 59712K, reserved 1114112K
  class space    used 6768K, committed 7296K, reserved 1048576K
}
Event: 18.158 GC heap before
{Heap before GC invocations=475 (full 2):
 PSYoungGen      total 1536K, used 1504K [0x00000000d5580000, 0x00000000d5980000, 0x0000000100000000)
  eden space 1024K, 100% used [0x00000000d5580000,0x00000000d5680000,0x00000000d5680000)
  from space 512K, 93% used [0x00000000d5900000,0x00000000d5978000,0x00000000d5980000)
  to   space 1024K, 0% used [0x00000000d5780000,0x00000000d5780000,0x00000000d5880000)
 ParOldGen       total 117248K, used 117003K [0x0000000080000000, 0x0000000087280000, 0x00000000d5580000)
  object space 117248K, 99% used [0x0000000080000000,0x0000000087242d70,0x0000000087280000)
 Metaspace       used 58396K, committed 59712K, reserved 1114112K
  class space    used 6768K, committed 7296K, reserved 1048576K
}
Event: 18.160 GC heap after
{Heap after GC invocations=475 (full 2):
 PSYoungGen      total 2560K, used 960K [0x00000000d5580000, 0x00000000d5a00000, 0x0000000100000000)
  eden space 1536K, 0% used [0x00000000d5580000,0x00000000d5580000,0x00000000d5700000)
  from space 1024K, 93% used [0x00000000d5780000,0x00000000d5870000,0x00000000d5880000)
  to   space 1536K, 0% used [0x00000000d5880000,0x00000000d5880000,0x00000000d5a00000)
 ParOldGen       total 117760K, used 117411K [0x0000000080000000, 0x0000000087300000, 0x00000000d5580000)
  object space 117760K, 99% used [0x0000000080000000,0x00000000872a8d70,0x0000000087300000)
 Metaspace       used 58396K, committed 59712K, reserved 1114112K
  class space    used 6768K, committed 7296K, reserved 1048576K
}
Event: 18.166 GC heap before
{Heap before GC invocations=476 (full 2):
 PSYoungGen      total 2560K, used 2496K [0x00000000d5580000, 0x00000000d5a00000, 0x0000000100000000)
  eden space 1536K, 100% used [0x00000000d5580000,0x00000000d5700000,0x00000000d5700000)
  from space 1024K, 93% used [0x00000000d5780000,0x00000000d5870000,0x00000000d5880000)
  to   space 1536K, 0% used [0x00000000d5880000,0x00000000d5880000,0x00000000d5a00000)
 ParOldGen       total 117760K, used 117411K [0x0000000080000000, 0x0000000087300000, 0x00000000d5580000)
  object space 117760K, 99% used [0x0000000080000000,0x00000000872a8d70,0x0000000087300000)
 Metaspace       used 58401K, committed 59712K, reserved 1114112K
  class space    used 6768K, committed 7296K, reserved 1048576K
}
Event: 18.169 GC heap after
{Heap after GC invocations=476 (full 2):
 PSYoungGen      total 3072K, used 960K [0x00000000d5580000, 0x00000000d5980000, 0x0000000100000000)
  eden space 2048K, 0% used [0x00000000d5580000,0x00000000d5580000,0x00000000d5780000)
  from space 1024K, 93% used [0x00000000d5880000,0x00000000d5970000,0x00000000d5980000)
  to   space 1024K, 0% used [0x00000000d5780000,0x00000000d5780000,0x00000000d5880000)
 ParOldGen       total 118272K, used 118243K [0x0000000080000000, 0x0000000087380000, 0x00000000d5580000)
  object space 118272K, 99% used [0x0000000080000000,0x0000000087378d70,0x0000000087380000)
 Metaspace       used 58401K, committed 59712K, reserved 1114112K
  class space    used 6768K, committed 7296K, reserved 1048576K
}

Dll operation events (13 events):
Event: 0.024 Loaded shared library c:\Users\sonal\.vscode\extensions\redhat.java-1.45.0-win32-x64\jre\21.0.8-win32-x86_64\bin\java.dll
Event: 0.184 Loaded shared library c:\Users\sonal\.vscode\extensions\redhat.java-1.45.0-win32-x64\jre\21.0.8-win32-x86_64\bin\zip.dll
Event: 0.232 Loaded shared library C:\Users\sonal\.vscode\extensions\redhat.java-1.45.0-win32-x64\jre\21.0.8-win32-x86_64\bin\instrument.dll
Event: 0.244 Loaded shared library C:\Users\sonal\.vscode\extensions\redhat.java-1.45.0-win32-x64\jre\21.0.8-win32-x86_64\bin\net.dll
Event: 0.248 Loaded shared library C:\Users\sonal\.vscode\extensions\redhat.java-1.45.0-win32-x64\jre\21.0.8-win32-x86_64\bin\nio.dll
Event: 0.257 Loaded shared library C:\Users\sonal\.vscode\extensions\redhat.java-1.45.0-win32-x64\jre\21.0.8-win32-x86_64\bin\zip.dll
Event: 0.293 Loaded shared library C:\Users\sonal\.vscode\extensions\redhat.java-1.45.0-win32-x64\jre\21.0.8-win32-x86_64\bin\jimage.dll
Event: 0.376 Loaded shared library c:\Users\sonal\.vscode\extensions\redhat.java-1.45.0-win32-x64\jre\21.0.8-win32-x86_64\bin\verify.dll
Event: 1.618 Loaded shared library C:\Users\sonal\AppData\Roaming\Code\User\globalStorage\redhat.java\1.45.0\config_win\org.eclipse.equinox.launcher\org.eclipse.equinox.launcher.win32.win32.x86_64_1.2.1400.v20250801-0854\eclipse_11916.dll
Event: 4.283 Loaded shared library C:\Users\sonal\AppData\Local\Temp\jna--801715498\jna7058244436791977403.dll
Event: 12.507 Loaded shared library C:\Users\sonal\.gradle\native\1def1411415f61bf3af743bc5b6707747c0891f09f0c88961ee8f79bc544acac\windows-amd64\native-platform.dll
Event: 13.776 Loaded shared library C:\Users\sonal\.vscode\extensions\redhat.java-1.45.0-win32-x64\jre\21.0.8-win32-x86_64\bin\management.dll
Event: 13.780 Loaded shared library C:\Users\sonal\.vscode\extensions\redhat.java-1.45.0-win32-x64\jre\21.0.8-win32-x86_64\bin\management_ext.dll

Deoptimization events (20 events):
Event: 17.806 Thread 0x000001e863e149a0 DEOPT PACKING pc=0x000001e80fc1f978 sp=0x00000056785fe8d0
Event: 17.806 Thread 0x000001e863e149a0 DEOPT UNPACKING pc=0x000001e80f163aa2 sp=0x00000056785fe848 mode 2
Event: 17.835 Thread 0x000001e866f51f20 DEOPT PACKING pc=0x000001e808acd23b sp=0x0000005679dfe070
Event: 17.835 Thread 0x000001e866f51f20 DEOPT UNPACKING pc=0x000001e80f164242 sp=0x0000005679dfd5a8 mode 0
Event: 18.041 Thread 0x000001e863e13c80 DEOPT PACKING pc=0x000001e808b53b01 sp=0x00000056784fec50
Event: 18.041 Thread 0x000001e863e13c80 DEOPT UNPACKING pc=0x000001e80f164242 sp=0x00000056784fe170 mode 0
Event: 18.104 Thread 0x000001e863e149a0 DEOPT PACKING pc=0x000001e808acd23b sp=0x00000056785fe180
Event: 18.104 Thread 0x000001e863e149a0 DEOPT UNPACKING pc=0x000001e80f164242 sp=0x00000056785fd6b8 mode 0
Event: 18.129 Thread 0x000001e866f51200 Uncommon trap: trap_request=0xffffff45 fr.pc=0x000001e80f9e4a08 relative=0x00000000000003c8
Event: 18.129 Thread 0x000001e866f51200 Uncommon trap: reason=unstable_if action=reinterpret pc=0x000001e80f9e4a08 method=org.eclipse.jdt.internal.core.index.DiskIndex.addQueryResults([[C[CILorg/eclipse/jdt/internal/core/index/MemoryIndex;)Lorg/eclipse/jdt/internal/compiler/util/HashtableOfObje
Event: 18.129 Thread 0x000001e866f51200 DEOPT PACKING pc=0x000001e80f9e4a08 sp=0x0000005679efea20
Event: 18.129 Thread 0x000001e866f53960 Uncommon trap: trap_request=0xffffff45 fr.pc=0x000001e80f9e4904 relative=0x00000000000002c4
Event: 18.129 Thread 0x000001e866f53960 Uncommon trap: reason=unstable_if action=reinterpret pc=0x000001e80f9e4904 method=org.eclipse.jdt.internal.core.index.DiskIndex.addQueryResults([[C[CILorg/eclipse/jdt/internal/core/index/MemoryIndex;)Lorg/eclipse/jdt/internal/compiler/util/HashtableOfObje
Event: 18.129 Thread 0x000001e866f51200 DEOPT UNPACKING pc=0x000001e80f163aa2 sp=0x0000005679efe998 mode 2
Event: 18.129 Thread 0x000001e866f53960 DEOPT PACKING pc=0x000001e80f9e4904 sp=0x000000567a0fed40
Event: 18.129 Thread 0x000001e866f53960 DEOPT UNPACKING pc=0x000001e80f163aa2 sp=0x000000567a0fecb0 mode 2
Event: 18.129 Thread 0x000001e866f53960 Uncommon trap: trap_request=0xffffff45 fr.pc=0x000001e80f9e36a8 relative=0x00000000000002c8
Event: 18.129 Thread 0x000001e866f53960 Uncommon trap: reason=unstable_if action=reinterpret pc=0x000001e80f9e36a8 method=org.eclipse.jdt.internal.core.index.DiskIndex.addQueryResults([[C[CILorg/eclipse/jdt/internal/core/index/MemoryIndex;)Lorg/eclipse/jdt/internal/compiler/util/HashtableOfObje
Event: 18.129 Thread 0x000001e866f53960 DEOPT PACKING pc=0x000001e80f9e36a8 sp=0x000000567a0fed10
Event: 18.129 Thread 0x000001e866f53960 DEOPT UNPACKING pc=0x000001e80f163aa2 sp=0x000000567a0fecb0 mode 2

Classes loaded (20 events):
Event: 14.743 Loading class java/nio/ByteBufferAsIntBufferL
Event: 14.743 Loading class java/nio/ByteBufferAsIntBufferL done
Event: 14.748 Loading class jdk/internal/jimage/ImageReader$Directory
Event: 14.749 Loading class jdk/internal/jimage/ImageReader$Directory done
Event: 15.055 Loading class java/nio/channels/Channels$ReadableByteChannelImpl
Event: 15.056 Loading class java/nio/channels/Channels$ReadableByteChannelImpl done
Event: 15.056 Loading class java/nio/channels/NonWritableChannelException
Event: 15.056 Loading class java/nio/channels/NonWritableChannelException done
Event: 17.494 Loading class java/util/stream/DistinctOps
Event: 17.495 Loading class java/util/stream/DistinctOps done
Event: 17.495 Loading class java/util/stream/DistinctOps$1
Event: 17.495 Loading class java/util/stream/DistinctOps$1 done
Event: 17.498 Loading class java/util/stream/DistinctOps$1$2
Event: 17.498 Loading class java/util/stream/DistinctOps$1$2 done
Event: 18.126 Loading class java/util/stream/ReduceOps$5
Event: 18.128 Loading class java/util/stream/ReduceOps$5 done
Event: 18.128 Loading class java/util/stream/ReduceOps$CountingSink$OfRef
Event: 18.128 Loading class java/util/stream/ReduceOps$CountingSink
Event: 18.128 Loading class java/util/stream/ReduceOps$CountingSink done
Event: 18.128 Loading class java/util/stream/ReduceOps$CountingSink$OfRef done

Classes unloaded (13 events):
Event: 5.186 Thread 0x000001e803195ad0 Unloading class 0x000001e81d1aa800 'java/lang/invoke/LambdaForm$MH+0x000001e81d1aa800'
Event: 5.186 Thread 0x000001e803195ad0 Unloading class 0x000001e81d1aa400 'java/lang/invoke/LambdaForm$MH+0x000001e81d1aa400'
Event: 5.186 Thread 0x000001e803195ad0 Unloading class 0x000001e81d1aa000 'java/lang/invoke/LambdaForm$MH+0x000001e81d1aa000'
Event: 5.186 Thread 0x000001e803195ad0 Unloading class 0x000001e81d1a9c00 'java/lang/invoke/LambdaForm$MH+0x000001e81d1a9c00'
Event: 5.186 Thread 0x000001e803195ad0 Unloading class 0x000001e81d1a9800 'java/lang/invoke/LambdaForm$BMH+0x000001e81d1a9800'
Event: 5.186 Thread 0x000001e803195ad0 Unloading class 0x000001e81d1a9400 'java/lang/invoke/LambdaForm$DMH+0x000001e81d1a9400'
Event: 5.186 Thread 0x000001e803195ad0 Unloading class 0x000001e81d1a8000 'java/lang/invoke/LambdaForm$DMH+0x000001e81d1a8000'
Event: 7.097 Thread 0x000001e803195ad0 Unloading class 0x000001e81d2ef000 'java/lang/invoke/LambdaForm$MH+0x000001e81d2ef000'
Event: 7.097 Thread 0x000001e803195ad0 Unloading class 0x000001e81d2ee400 'java/lang/invoke/LambdaForm$MH+0x000001e81d2ee400'
Event: 7.097 Thread 0x000001e803195ad0 Unloading class 0x000001e81d2edc00 'java/lang/invoke/LambdaForm$MH+0x000001e81d2edc00'
Event: 7.097 Thread 0x000001e803195ad0 Unloading class 0x000001e81d2ed400 'java/lang/invoke/LambdaForm$MH+0x000001e81d2ed400'
Event: 7.097 Thread 0x000001e803195ad0 Unloading class 0x000001e81d2ed000 'java/lang/invoke/LambdaForm$DMH+0x000001e81d2ed000'
Event: 7.097 Thread 0x000001e803195ad0 Unloading class 0x000001e81d2ec400 'java/lang/invoke/LambdaForm$MH+0x000001e81d2ec400'

Classes redefined (0 events):
No events

Internal exceptions (20 events):
Event: 18.146 Thread 0x000001e863e149a0 Exception <a 'sun/nio/fs/WindowsException'{0x00000000d57c5b48}> (0x00000000d57c5b48) 
thrown [s\src\hotspot\share\prims\jni.cpp, line 520]
Event: 18.146 Thread 0x000001e863e149a0 Exception <a 'sun/nio/fs/WindowsException'{0x00000000d57c6198}> (0x00000000d57c6198) 
thrown [s\src\hotspot\share\prims\jni.cpp, line 520]
Event: 18.151 Thread 0x000001e863e149a0 Exception <a 'sun/nio/fs/WindowsException'{0x00000000d55db928}> (0x00000000d55db928) 
thrown [s\src\hotspot\share\prims\jni.cpp, line 520]
Event: 18.151 Thread 0x000001e863e149a0 Exception <a 'sun/nio/fs/WindowsException'{0x00000000d55dbf78}> (0x00000000d55dbf78) 
thrown [s\src\hotspot\share\prims\jni.cpp, line 520]
Event: 18.154 Thread 0x000001e866f51f20 Exception <a 'sun/nio/fs/WindowsException'{0x00000000d55c4118}> (0x00000000d55c4118) 
thrown [s\src\hotspot\share\prims\jni.cpp, line 520]
Event: 18.156 Thread 0x000001e866f51f20 Exception <a 'sun/nio/fs/WindowsException'{0x00000000d5581378}> (0x00000000d5581378) 
thrown [s\src\hotspot\share\prims\jni.cpp, line 520]
Event: 18.157 Thread 0x000001e863e149a0 Exception <a 'sun/nio/fs/WindowsException'{0x00000000d5608dc8}> (0x00000000d5608dc8) 
thrown [s\src\hotspot\share\prims\jni.cpp, line 520]
Event: 18.157 Thread 0x000001e863e149a0 Exception <a 'sun/nio/fs/WindowsException'{0x00000000d5609418}> (0x00000000d5609418) 
thrown [s\src\hotspot\share\prims\jni.cpp, line 520]
Event: 18.160 Thread 0x000001e863e149a0 Exception <a 'sun/nio/fs/WindowsException'{0x00000000d5583d28}> (0x00000000d5583d28) 
thrown [s\src\hotspot\share\prims\jni.cpp, line 520]
Event: 18.160 Thread 0x000001e863e149a0 Exception <a 'sun/nio/fs/WindowsException'{0x00000000d5584378}> (0x00000000d5584378) 
thrown [s\src\hotspot\share\prims\jni.cpp, line 520]
Event: 18.163 Thread 0x000001e863e149a0 Exception <a 'sun/nio/fs/WindowsException'{0x00000000d56c4ce0}> (0x00000000d56c4ce0) 
thrown [s\src\hotspot\share\prims\jni.cpp, line 520]
Event: 18.163 Thread 0x000001e863e149a0 Exception <a 'sun/nio/fs/WindowsException'{0x00000000d56cf8d8}> (0x00000000d56cf8d8) 
thrown [s\src\hotspot\share\prims\jni.cpp, line 520]
Event: 18.172 Thread 0x000001e863e149a0 Exception <a 'sun/nio/fs/WindowsException'{0x00000000d55fffa8}> (0x00000000d55fffa8) 
thrown [s\src\hotspot\share\prims\jni.cpp, line 520]
Event: 18.172 Thread 0x000001e863e149a0 Exception <a 'sun/nio/fs/WindowsException'{0x00000000d56005f8}> (0x00000000d56005f8) 
thrown [s\src\hotspot\share\prims\jni.cpp, line 520]
Event: 18.173 Thread 0x000001e863e149a0 Exception <a 'sun/nio/fs/WindowsException'{0x00000000d563dc60}> (0x00000000d563dc60) 
thrown [s\src\hotspot\share\prims\jni.cpp, line 520]
Event: 18.174 Thread 0x000001e863e149a0 Exception <a 'sun/nio/fs/WindowsException'{0x00000000d564f730}> (0x00000000d564f730) 
thrown [s\src\hotspot\share\prims\jni.cpp, line 520]
Event: 18.175 Thread 0x000001e863e149a0 Exception <a 'sun/nio/fs/WindowsException'{0x00000000d56cbea8}> (0x00000000d56cbea8) 
thrown [s\src\hotspot\share\prims\jni.cpp, line 520]
Event: 18.175 Thread 0x000001e863e149a0 Exception <a 'sun/nio/fs/WindowsException'{0x00000000d57006c8}> (0x00000000d57006c8) 
thrown [s\src\hotspot\share\prims\jni.cpp, line 520]
Event: 18.176 Thread 0x000001e863e149a0 Exception <a 'sun/nio/fs/WindowsException'{0x00000000d57425b8}> (0x00000000d57425b8) 
thrown [s\src\hotspot\share\prims\jni.cpp, line 520]
Event: 18.176 Thread 0x000001e863e149a0 Exception <a 'sun/nio/fs/WindowsException'{0x00000000d5764930}> (0x00000000d5764930) 
thrown [s\src\hotspot\share\prims\jni.cpp, line 520]

ZGC Phase Switch (0 events):
No events

VM Operations (20 events):
Event: 17.925 Executing VM operation: ParallelGCFailedAllocation (Allocation Failure) done
Event: 17.982 Executing VM operation: ParallelGCFailedAllocation (Allocation Failure)
Event: 17.983 Executing VM operation: ParallelGCFailedAllocation (Allocation Failure) done
Event: 18.072 Executing VM operation: ParallelGCFailedAllocation (Allocation Failure)
Event: 18.073 Executing VM operation: ParallelGCFailedAllocation (Allocation Failure) done
Event: 18.099 Executing VM operation: ParallelGCFailedAllocation (Allocation Failure)
Event: 18.101 Executing VM operation: ParallelGCFailedAllocation (Allocation Failure) done
Event: 18.133 Executing VM operation: ParallelGCFailedAllocation (Allocation Failure)
Event: 18.134 Executing VM operation: ParallelGCFailedAllocation (Allocation Failure) done
Event: 18.148 Executing VM operation: ParallelGCFailedAllocation (Allocation Failure)
Event: 18.151 Executing VM operation: ParallelGCFailedAllocation (Allocation Failure) done
Event: 18.152 Executing VM operation: ParallelGCFailedAllocation (Allocation Failure)
Event: 18.153 Executing VM operation: ParallelGCFailedAllocation (Allocation Failure) done
Event: 18.154 Executing VM operation: ParallelGCFailedAllocation (Allocation Failure)
Event: 18.156 Executing VM operation: ParallelGCFailedAllocation (Allocation Failure) done
Event: 18.158 Executing VM operation: ParallelGCFailedAllocation (Allocation Failure)
Event: 18.160 Executing VM operation: ParallelGCFailedAllocation (Allocation Failure) done
Event: 18.166 Executing VM operation: ParallelGCFailedAllocation (Allocation Failure)
Event: 18.169 Executing VM operation: ParallelGCFailedAllocation (Allocation Failure) done
Event: 18.176 Executing VM operation: ParallelGCFailedAllocation (Allocation Failure)

Memory protections (0 events):
No events

Nmethod flushes (20 events):
Event: 7.110 Thread 0x000001e803195ad0 flushing  nmethod 0x000001e8082f6990
Event: 7.110 Thread 0x000001e803195ad0 flushing  nmethod 0x000001e8082f7290
Event: 7.110 Thread 0x000001e803195ad0 flushing  nmethod 0x000001e8082f8490
Event: 7.110 Thread 0x000001e803195ad0 flushing  nmethod 0x000001e8082f8c90
Event: 7.110 Thread 0x000001e803195ad0 flushing  nmethod 0x000001e8082f9410
Event: 7.110 Thread 0x000001e803195ad0 flushing  nmethod 0x000001e8082fa990
Event: 7.110 Thread 0x000001e803195ad0 flushing  nmethod 0x000001e8082fae90
Event: 7.110 Thread 0x000001e803195ad0 flushing  nmethod 0x000001e8082fbe10
Event: 7.110 Thread 0x000001e803195ad0 flushing  nmethod 0x000001e8082fc690
Event: 7.110 Thread 0x000001e803195ad0 flushing  nmethod 0x000001e8082fe110
Event: 7.110 Thread 0x000001e803195ad0 flushing  nmethod 0x000001e808307410
Event: 7.110 Thread 0x000001e803195ad0 flushing  nmethod 0x000001e808307910
Event: 7.110 Thread 0x000001e803195ad0 flushing  nmethod 0x000001e808323690
Event: 7.110 Thread 0x000001e803195ad0 flushing  nmethod 0x000001e808327d10
Event: 7.110 Thread 0x000001e803195ad0 flushing  nmethod 0x000001e808332910
Event: 7.110 Thread 0x000001e803195ad0 flushing  nmethod 0x000001e808334110
Event: 7.110 Thread 0x000001e803195ad0 flushing  nmethod 0x000001e808339210
Event: 7.110 Thread 0x000001e803195ad0 flushing  nmethod 0x000001e808341410
Event: 7.110 Thread 0x000001e803195ad0 flushing  nmethod 0x000001e80838ba10
Event: 7.110 Thread 0x000001e803195ad0 flushing  nmethod 0x000001e8083bc210

Events (20 events):
Event: 10.042 Thread 0x000001e8652f75d0 Thread added: 0x000001e866f525b0
Event: 10.042 Thread 0x000001e866f532d0 Thread added: 0x000001e866f51f20
Event: 10.042 Thread 0x000001e866f51f20 Thread added: 0x000001e866f51200
Event: 10.044 Thread 0x000001e866f51200 Thread added: 0x000001e866f52c40
Event: 10.048 Thread 0x000001e866f52c40 Thread added: 0x000001e866f53960
Event: 10.048 Thread 0x000001e866f525b0 Thread added: 0x000001e866f504e0
Event: 10.311 Thread 0x000001e863e11bb0 Thread exited: 0x000001e863e11bb0
Event: 10.987 Thread 0x000001e85e50e950 Thread exited: 0x000001e85e50e950
Event: 11.120 Thread 0x000001e863bc3fa0 Thread exited: 0x000001e863bc3fa0
Event: 11.463 Thread 0x000001e81baa6700 Thread added: 0x000001e85e50e950
Event: 11.478 Thread 0x000001e8652f7c60 Thread added: 0x000001e866f53ff0
Event: 11.564 Thread 0x000001e81baa6700 Thread added: 0x000001e863dee460
Event: 11.717 Thread 0x000001e8652f7c60 Thread added: 0x000001e866f51890
Event: 13.168 Thread 0x000001e863dee460 Thread exited: 0x000001e863dee460
Event: 13.168 Thread 0x000001e85e50e950 Thread exited: 0x000001e85e50e950
Event: 13.440 Thread 0x000001e81baa6700 Thread added: 0x000001e8654d02a0
Event: 13.870 Thread 0x000001e866f51890 Thread exited: 0x000001e866f51890
Event: 13.905 Thread 0x000001e81baa6700 Thread added: 0x000001e8675ee7e0
Event: 14.388 Thread 0x000001e8675ee7e0 Thread exited: 0x000001e8675ee7e0
Event: 14.507 Thread 0x000001e81baa6700 Thread added: 0x000001e8675ee7e0


Dynamic libraries:
0x00007ff792950000 - 0x00007ff79295e000 	c:\Users\sonal\.vscode\extensions\redhat.java-1.45.0-win32-x64\jre\21.0.8-win32-x86_64\bin\java.exe
0x00007ffa3dd00000 - 0x00007ffa3df69000 	C:\WINDOWS\SYSTEM32\ntdll.dll
0x00007ffa3cdb0000 - 0x00007ffa3ce79000 	C:\WINDOWS\System32\KERNEL32.DLL
0x00007ffa3aff0000 - 0x00007ffa3b3e3000 	C:\WINDOWS\System32\KERNELBASE.dll
0x00007ffa37ae0000 - 0x00007ffa37b7e000 	C:\WINDOWS\SYSTEM32\apphelp.dll
0x00007ffa3b8e0000 - 0x00007ffa3ba2b000 	C:\WINDOWS\System32\ucrtbase.dll
0x00007ffa05fd0000 - 0x00007ffa05fe8000 	c:\Users\sonal\.vscode\extensions\redhat.java-1.45.0-win32-x64\jre\21.0.8-win32-x86_64\bin\jli.dll
0x00007ffa11fd0000 - 0x00007ffa11fee000 	c:\Users\sonal\.vscode\extensions\redhat.java-1.45.0-win32-x64\jre\21.0.8-win32-x86_64\bin\VCRUNTIME140.dll
0x00007ffa3d300000 - 0x00007ffa3d4c4000 	C:\WINDOWS\System32\USER32.dll
0x00007ffa3ae90000 - 0x00007ffa3aeb7000 	C:\WINDOWS\System32\win32u.dll
0x00007ffa1af60000 - 0x00007ffa1b1f3000 	C:\WINDOWS\WinSxS\amd64_microsoft.windows.common-controls_6595b64144ccf1df_6.0.26100.5074_none_3e0d6f78e32fd63f\COMCTL32.dll
0x00007ffa3ce80000 - 0x00007ffa3cf29000 	C:\WINDOWS\System32\msvcrt.dll
0x00007ffa3c460000 - 0x00007ffa3c48b000 	C:\WINDOWS\System32\GDI32.dll
0x00007ffa3aec0000 - 0x00007ffa3afed000 	C:\WINDOWS\System32\gdi32full.dll
0x00007ffa3b830000 - 0x00007ffa3b8d3000 	C:\WINDOWS\System32\msvcp_win.dll
0x00007ffa3dc80000 - 0x00007ffa3dcaf000 	C:\WINDOWS\System32\IMM32.DLL
0x00007ffa19950000 - 0x00007ffa1995c000 	c:\Users\sonal\.vscode\extensions\redhat.java-1.45.0-win32-x64\jre\21.0.8-win32-x86_64\bin\vcruntime140_1.dll
0x00007ff9ca4e0000 - 0x00007ff9ca56d000 	c:\Users\sonal\.vscode\extensions\redhat.java-1.45.0-win32-x64\jre\21.0.8-win32-x86_64\bin\msvcp140.dll
0x00007ff9600b0000 - 0x00007ff960e47000 	c:\Users\sonal\.vscode\extensions\redhat.java-1.45.0-win32-x64\jre\21.0.8-win32-x86_64\bin\server\jvm.dll
0x00007ffa3ccf0000 - 0x00007ffa3cda4000 	C:\WINDOWS\System32\ADVAPI32.dll
0x00007ffa3da00000 - 0x00007ffa3daa6000 	C:\WINDOWS\System32\sechost.dll
0x00007ffa3d8e0000 - 0x00007ffa3d9f8000 	C:\WINDOWS\System32\RPCRT4.dll
0x00007ffa3bbb0000 - 0x00007ffa3bc24000 	C:\WINDOWS\System32\WS2_32.dll
0x00007ffa3ad10000 - 0x00007ffa3ad6e000 	C:\WINDOWS\SYSTEM32\POWRPROF.dll
0x00007ffa264a0000 - 0x00007ffa264d5000 	C:\WINDOWS\SYSTEM32\WINMM.dll
0x00007ffa38860000 - 0x00007ffa3886b000 	C:\WINDOWS\SYSTEM32\VERSION.dll
0x00007ffa3acd0000 - 0x00007ffa3ace4000 	C:\WINDOWS\SYSTEM32\UMPDC.dll
0x00007ffa39c50000 - 0x00007ffa39c6b000 	C:\WINDOWS\SYSTEM32\kernel.appcore.dll
0x00007ffa19900000 - 0x00007ffa1990a000 	c:\Users\sonal\.vscode\extensions\redhat.java-1.45.0-win32-x64\jre\21.0.8-win32-x86_64\bin\jimage.dll
0x00007ffa37860000 - 0x00007ffa37aa2000 	C:\WINDOWS\SYSTEM32\DBGHELP.DLL
0x00007ffa3d560000 - 0x00007ffa3d8db000 	C:\WINDOWS\System32\combase.dll
0x00007ffa3bc30000 - 0x00007ffa3bd07000 	C:\WINDOWS\System32\OLEAUT32.dll
0x00007ffa1b2e0000 - 0x00007ffa1b31d000 	C:\WINDOWS\SYSTEM32\dbgcore.DLL
0x00007ffa3ba30000 - 0x00007ffa3bac9000 	C:\WINDOWS\System32\bcryptPrimitives.dll
0x00007ffa37690000 - 0x00007ffa3769f000 	c:\Users\sonal\.vscode\extensions\redhat.java-1.45.0-win32-x64\jre\21.0.8-win32-x86_64\bin\instrument.dll
0x00007ff9fc360000 - 0x00007ff9fc37f000 	c:\Users\sonal\.vscode\extensions\redhat.java-1.45.0-win32-x64\jre\21.0.8-win32-x86_64\bin\java.dll
0x00007ffa3bd10000 - 0x00007ffa3c45d000 	C:\WINDOWS\System32\SHELL32.dll
0x00007ffa3b3f0000 - 0x00007ffa3b55c000 	C:\WINDOWS\System32\wintypes.dll
0x00007ffa38ad0000 - 0x00007ffa39329000 	C:\WINDOWS\SYSTEM32\windows.storage.dll
0x00007ffa3d1a0000 - 0x00007ffa3d290000 	C:\WINDOWS\System32\SHCORE.dll
0x00007ffa3c670000 - 0x00007ffa3c6d2000 	C:\WINDOWS\System32\shlwapi.dll
0x00007ffa3adb0000 - 0x00007ffa3add9000 	C:\WINDOWS\SYSTEM32\profapi.dll
0x00007ff9fc340000 - 0x00007ff9fc358000 	c:\Users\sonal\.vscode\extensions\redhat.java-1.45.0-win32-x64\jre\21.0.8-win32-x86_64\bin\zip.dll
0x00007ffa171d0000 - 0x00007ffa171e0000 	C:\Users\sonal\.vscode\extensions\redhat.java-1.45.0-win32-x64\jre\21.0.8-win32-x86_64\bin\net.dll
0x00007ffa31890000 - 0x00007ffa319af000 	C:\WINDOWS\SYSTEM32\WINHTTP.dll
0x00007ffa3a1f0000 - 0x00007ffa3a25b000 	C:\WINDOWS\system32\mswsock.dll
0x00007ff9fc320000 - 0x00007ff9fc336000 	C:\Users\sonal\.vscode\extensions\redhat.java-1.45.0-win32-x64\jre\21.0.8-win32-x86_64\bin\nio.dll
0x00007ffa37680000 - 0x00007ffa37690000 	c:\Users\sonal\.vscode\extensions\redhat.java-1.45.0-win32-x64\jre\21.0.8-win32-x86_64\bin\verify.dll
0x00007ffa057f0000 - 0x00007ffa05834000 	C:\Users\sonal\AppData\Roaming\Code\User\globalStorage\redhat.java\1.45.0\config_win\org.eclipse.equinox.launcher\org.eclipse.equinox.launcher.win32.win32.x86_64_1.2.1400.v20250801-0854\eclipse_11916.dll
0x00007ffa3cf30000 - 0x00007ffa3d0c8000 	C:\WINDOWS\System32\ole32.dll
0x00007ffa3a490000 - 0x00007ffa3a4ab000 	C:\WINDOWS\SYSTEM32\CRYPTSP.dll
0x00007ffa39bb0000 - 0x00007ffa39beb000 	C:\WINDOWS\system32\rsaenh.dll
0x00007ffa3a290000 - 0x00007ffa3a2bb000 	C:\WINDOWS\SYSTEM32\USERENV.dll
0x00007ffa3ad80000 - 0x00007ffa3ada6000 	C:\WINDOWS\SYSTEM32\bcrypt.dll
0x00007ffa3a4b0000 - 0x00007ffa3a4bc000 	C:\WINDOWS\SYSTEM32\CRYPTBASE.dll
0x00007ffa39640000 - 0x00007ffa39674000 	C:\WINDOWS\SYSTEM32\IPHLPAPI.DLL
0x00007ffa3d4d0000 - 0x00007ffa3d4da000 	C:\WINDOWS\System32\NSI.dll
0x00007ff9f8810000 - 0x00007ff9f8859000 	C:\Users\sonal\AppData\Local\Temp\jna--801715498\jna7058244436791977403.dll
0x00007ffa3bba0000 - 0x00007ffa3bba8000 	C:\WINDOWS\System32\PSAPI.DLL
0x00007ffa311b0000 - 0x00007ffa311ce000 	C:\WINDOWS\SYSTEM32\dhcpcsvc6.DLL
0x00007ffa30fe0000 - 0x00007ffa31003000 	C:\WINDOWS\SYSTEM32\dhcpcsvc.DLL
0x00007ffa1e250000 - 0x00007ffa1e277000 	C:\Users\sonal\.gradle\native\1def1411415f61bf3af743bc5b6707747c0891f09f0c88961ee8f79bc544acac\windows-amd64\native-platform.dll
0x00007ffa120c0000 - 0x00007ffa120ca000 	C:\Users\sonal\.vscode\extensions\redhat.java-1.45.0-win32-x64\jre\21.0.8-win32-x86_64\bin\management.dll
0x00007ffa11f70000 - 0x00007ffa11f7b000 	C:\Users\sonal\.vscode\extensions\redhat.java-1.45.0-win32-x64\jre\21.0.8-win32-x86_64\bin\management_ext.dll

JVMTI agents:
c:\Users\sonal\.vscode\extensions\redhat.java-1.45.0-win32-x64\lombok\lombok-1.18.39-4050.jar path:c:\Users\sonal\.vscode\extensions\redhat.java-1.45.0-win32-x64\jre\21.0.8-win32-x86_64\bin\instrument.dll, loaded, initialized, instrumentlib options:none

dbghelp: loaded successfully - version: 4.0.5 - missing functions: none
symbol engine: initialized successfully - sym options: 0x614 - pdb path: .;c:\Users\sonal\.vscode\extensions\redhat.java-1.45.0-win32-x64\jre\21.0.8-win32-x86_64\bin;C:\WINDOWS\SYSTEM32;C:\WINDOWS\WinSxS\amd64_microsoft.windows.common-controls_6595b64144ccf1df_6.0.26100.5074_none_3e0d6f78e32fd63f;c:\Users\sonal\.vscode\extensions\redhat.java-1.45.0-win32-x64\jre\21.0.8-win32-x86_64\bin\server;C:\Users\sonal\AppData\Roaming\Code\User\globalStorage\redhat.java\1.45.0\config_win\org.eclipse.equinox.launcher\org.eclipse.equinox.launcher.win32.win32.x86_64_1.2.1400.v20250801-0854;C:\Users\sonal\AppData\Local\Temp\jna--801715498;C:\Users\sonal\.gradle\native\1def1411415f61bf3af743bc5b6707747c0891f09f0c88961ee8f79bc544acac\windows-amd64

VM Arguments:
jvm_args: --add-modules=ALL-SYSTEM --add-opens=java.base/java.util=ALL-UNNAMED --add-opens=java.base/java.lang=ALL-UNNAMED --add-opens=java.base/sun.nio.fs=ALL-UNNAMED -Declipse.application=org.eclipse.jdt.ls.core.id1 -Dosgi.bundles.defaultStartLevel=4 -Declipse.product=org.eclipse.jdt.ls.core.product -Djava.import.generatesMetadataFilesAtProjectRoot=false -DDetectVMInstallationsJob.disabled=true -Dfile.encoding=utf8 -XX:+UseParallelGC -XX:GCTimeRatio=4 -XX:AdaptiveSizePolicyWeight=90 -Dsun.zip.disableMemoryMapping=true -Xmx2G -Xms100m -Xlog:disable -javaagent:c:\Users\sonal\.vscode\extensions\redhat.java-1.45.0-win32-x64\lombok\lombok-1.18.39-4050.jar -XX:+HeapDumpOnOutOfMemoryError -XX:HeapDumpPath=c:\Users\sonal\AppData\Roaming\Code\User\workspaceStorage\2867b351bed66f009d29e0a601d37d45\redhat.java -Daether.dependencyCollector.impl=bf 
java_command: c:\Users\sonal\.vscode\extensions\redhat.java-1.45.0-win32-x64\server\plugins\org.eclipse.equinox.launcher_1.7.0.v20250519-0528.jar -configuration c:\Users\sonal\AppData\Roaming\Code\User\globalStorage\redhat.java\1.45.0\config_win -data c:\Users\sonal\AppData\Roaming\Code\User\workspaceStorage\2867b351bed66f009d29e0a601d37d45\redhat.java\jdt_ws --pipe=\\.\pipe\lsp-8d5263c75c0e74a7eb795e5ed5686e59-sock
java_class_path (initial): c:\Users\sonal\.vscode\extensions\redhat.java-1.45.0-win32-x64\server\plugins\org.eclipse.equinox.launcher_1.7.0.v20250519-0528.jar
Launcher Type: SUN_STANDARD

[Global flags]
    uintx AdaptiveSizePolicyWeight                 = 90                                        {product} {command line}
     intx CICompilerCount                          = 4                                         {product} {ergonomic}
    uintx GCTimeRatio                              = 4                                         {product} {command line}
     bool HeapDumpOnOutOfMemoryError               = true                                   {manageable} {command line}
    ccstr HeapDumpPath                             = c:\Users\sonal\AppData\Roaming\Code\User\workspaceStorage\2867b351bed66f009d29e0a601d37d45\redhat.java         {manageable} {command line}
   size_t InitialHeapSize                          = 104857600                                 {product} {command line}
   size_t MaxHeapSize                              = 2147483648                                {product} {command line}
   size_t MaxNewSize                               = 715653120                                 {product} {ergonomic}
   size_t MinHeapDeltaBytes                        = 524288                                    {product} {ergonomic}
   size_t MinHeapSize                              = 104857600                                 {product} {command line}
   size_t NewSize                                  = 34603008                                  {product} {ergonomic}
    uintx NonNMethodCodeHeapSize                   = 5839372                                {pd product} {ergonomic}
    uintx NonProfiledCodeHeapSize                  = 122909434                              {pd product} {ergonomic}
   size_t OldSize                                  = 70254592                                  {product} {ergonomic}
    uintx ProfiledCodeHeapSize                     = 122909434                              {pd product} {ergonomic}
    uintx ReservedCodeCacheSize                    = 251658240                              {pd product} {ergonomic}
     bool SegmentedCodeCache                       = true                                      {product} {ergonomic}
   size_t SoftMaxHeapSize                          = 2147483648                             {manageable} {ergonomic}
     bool UseCompressedOops                        = true                           {product lp64_product} {ergonomic}
     bool UseLargePagesIndividualAllocation        = false                                  {pd product} {ergonomic}
     bool UseParallelGC                            = true                                      {product} {command line}

Logging:
Log output configuration:
 #0: stdout all=off uptime,level,tags foldmultilines=false
 #1: stderr all=off uptime,level,tags foldmultilines=false

Environment Variables:
JAVA_HOME=C:\Program Files\Java\jdk-17.0.12
PATH=C:\Program Files\Amazon Corretto\jdk17.0.14_7\bin;C:\Program Files\Common Files\Oracle\Java\javapath;C:\Program Files\Java\jdk-11\bin;C:\Python312\Scripts\;C:\Python312\;C:\WINDOWS\system32;C:\WINDOWS;C:\WINDOWS\System32\Wbem;C:\WINDOWS\System32\WindowsPowerShell\v1.0\;C:\WINDOWS\System32\OpenSSH\;C:\ProgramData\chocolatey\bin;C:\Program Files\Git\cmd;C:\Program Files\Java\jdk-17.0.12\bin;C:\adb;C:\Users\sonal\AppData\Local\Android\Sdk;C:\Users\sonal\AppData\Local\Android\Sdk\platform-tools;C:\Users\sonal\AppData\Local\Android\Sdk\tools;C:\Users\sonal\AppData\Local\nvm;C:\nvm4w\nodejs;C:\Program Files\PostgreSQL\18\bin;C:\Program Files\MySQL\MySQL Shell 8.0\bin;C:\Program Files\MySQL\MySQL Shell 8.0\bin\;C:\Program Files\Java\jdk-17.0.12\bin;C:\Program Files\Amazon Corretto\jdk17.0.14_7\bin;C:\Program Files\Common Files\Oracle\Java\javapath;C:\Program Files\Java\jdk-11\bin;C:\Python312\Scripts\;C:\Python312\;C:\WINDOWS\system32;C:\WINDOWS;C:\WINDOWS\System32\Wbem;C:\WINDOWS\System32\WindowsPowerShell\v1.0\;C:\WINDOWS\System32\OpenSSH\;C:\ProgramData\chocolatey\bin;C:\Program Files\Git\cmd;C:\Program Files\Java\jdk-17.0.12\bin;C:\adb;C:\Users\sonal\AppData\Local\Android\Sdk;C:\Users\sonal\AppData\Local\Android\Sdk\platform-tools;C:\Users\sonal\AppData\Local\Android\Sdk\tools;C:\Users\sonal\AppData\Local\nvm;C:\nvm4w\nodejs;C:\Program Files\PostgreSQL\18\bin;C:\Program Files\MySQL\MySQL Shell 8.0\bin;;C:\Users\sonal\AppData\Local\Programs\Microsoft VS Code\bin;C:\Users\sonal\AppData\Local\nvm;C:\nvm4w\nodejs;C:\Users\sonal\AppData\Local\GitHubDesktop\bin
USERNAME=Sonal Singh
OS=Windows_NT
PROCESSOR_IDENTIFIER=Intel64 Family 6 Model 142 Stepping 12, GenuineIntel
TMP=C:\Users\sonal\AppData\Local\Temp
TEMP=C:\Users\sonal\AppData\Local\Temp




Periodic native trim disabled

---------------  S Y S T E M  ---------------

OS:
 Windows 11 , 64 bit Build 26100 (10.0.26100.5074)
OS uptime: 4 days 14:20 hours
Hyper-V role detected

CPU: total 8 (initial active 8) (4 cores per cpu, 2 threads per core) family 6 model 142 stepping 12 microcode 0xea, cx8, cmov, fxsr, ht, mmx, 3dnowpref, sse, sse2, sse3, ssse3, sse4.1, sse4.2, popcnt, lzcnt, tsc, tscinvbit, avx, avx2, aes, erms, clmul, bmi1, bmi2, adx, fma, vzeroupper, clflush, clflushopt, hv, rdtscp, f16c
Processor Information for the first 8 processors :
  Max Mhz: 2112, Current Mhz: 1609, Mhz Limit: 1605

Memory: 4k page, system-wide physical 7995M (717M free)
TotalPageFile size 31812M (AvailPageFile size 5M)
current process WorkingSet (physical memory assigned to process): 337M, peak: 337M
current process commit charge ("private bytes"): 412M, peak: 418M

vm_info: OpenJDK 64-Bit Server VM (21.0.8+9-LTS) for windows-amd64 JRE (21.0.8+9-LTS), built on 2025-07-15T00:00:00Z by "admin" with MS VC++ 17.7 (VS2022)

END.
