#
# There is insufficient memory for the Java Runtime Environment to continue.
# Native memory allocation (malloc) failed to allocate 1179616 bytes. Error detail: Chunk::new
# Possible reasons:
#   The system is out of physical RAM or swap space
#   This process is running with CompressedOops enabled, and the Java Heap may be blocking the growth of the native heap
# Possible solutions:
#   Reduce memory load on the system
#   Increase physical memory or swap space
#   Check if swap backing store is full
#   Decrease Java heap size (-Xmx/-Xms)
#   Decrease number of Java threads
#   Decrease Java thread stack sizes (-Xss)
#   Set larger code cache with -XX:ReservedCodeCacheSize=
#   JVM is running with Unscaled Compressed Oops mode in which the Java heap is
#     placed in the first 4GB address space. The Java Heap base address is the
#     maximum limit for the native heap growth. Please use -XX:HeapBaseMinAddress
#     to set the Java Heap base and to place the Java Heap above 4GB virtual address.
# This output file may be truncated or incomplete.
#
#  Out of Memory Error (arena.cpp:168), pid=32508, tid=31276
#
# JRE version: OpenJDK Runtime Environment Temurin-21.0.8+9 (21.0.8+9) (build 21.0.8+9-LTS)
# Java VM: OpenJDK 64-Bit Server VM Temurin-21.0.8+9 (21.0.8+9-LTS, mixed mode, sharing, tiered, compressed oops, compressed class ptrs, parallel gc, windows-amd64)
# No core dump will be written. Minidumps are not enabled by default on client versions of Windows
#

---------------  S U M M A R Y ------------

Command Line: --add-modules=ALL-SYSTEM --add-opens=java.base/java.util=ALL-UNNAMED --add-opens=java.base/java.lang=ALL-UNNAMED --add-opens=java.base/sun.nio.fs=ALL-UNNAMED -Declipse.application=org.eclipse.jdt.ls.core.id1 -Dosgi.bundles.defaultStartLevel=4 -Declipse.product=org.eclipse.jdt.ls.core.product -Djava.import.generatesMetadataFilesAtProjectRoot=false -DDetectVMInstallationsJob.disabled=true -Dfile.encoding=utf8 -XX:+UseParallelGC -XX:GCTimeRatio=4 -XX:AdaptiveSizePolicyWeight=90 -Dsun.zip.disableMemoryMapping=true -Xmx2G -Xms100m -Xlog:disable -javaagent:c:\Users\sonal\.vscode\extensions\redhat.java-1.45.0-win32-x64\lombok\lombok-1.18.39-4050.jar -XX:+HeapDumpOnOutOfMemoryError -XX:HeapDumpPath=c:\Users\sonal\AppData\Roaming\Code\User\workspaceStorage\2867b351bed66f009d29e0a601d37d45\redhat.java -Daether.dependencyCollector.impl=bf c:\Users\sonal\.vscode\extensions\redhat.java-1.45.0-win32-x64\server\plugins\org.eclipse.equinox.launcher_1.7.0.v20250519-0528.jar -configuration c:\Users\sonal\AppData\Roaming\Code\User\globalStorage\redhat.java\1.45.0\config_win -data c:\Users\sonal\AppData\Roaming\Code\User\workspaceStorage\2867b351bed66f009d29e0a601d37d45\redhat.java\jdt_ws --pipe=\\.\pipe\lsp-e6a34f9db77d40d812645de2176dd1d5-sock

Host: Intel(R) Core(TM) i5-10210U CPU @ 1.60GHz, 8 cores, 7G,  Windows 11 , 64 bit Build 26100 (10.0.26100.5074)
Time: Tue Sep 30 06:46:19 2025 India Standard Time elapsed time: 7.512326 seconds (0d 0h 0m 7s)

---------------  T H R E A D  ---------------

Current thread (0x000001c16d9ecb50):  JavaThread "C2 CompilerThread2" daemon [_thread_in_native, id=31276, stack(0x000000a5cdf00000,0x000000a5ce000000) (1024K)]


Current CompileTask:
C2:7512 5101       4       org.eclipse.core.internal.watson.ElementTreeIterator::doIteration (114 bytes)

Stack: [0x000000a5cdf00000,0x000000a5ce000000]
Native frames: (J=compiled Java code, j=interpreted, Vv=VM code, C=native code)
V  [jvm.dll+0x6d2449]
V  [jvm.dll+0x8ae341]
V  [jvm.dll+0x8b08be]
V  [jvm.dll+0x8b0fa3]
V  [jvm.dll+0x280c96]
V  [jvm.dll+0xc581d]
V  [jvm.dll+0xc5d53]
V  [jvm.dll+0x2f539d]
V  [jvm.dll+0x5fa00a]
V  [jvm.dll+0x252092]
V  [jvm.dll+0x25244f]
V  [jvm.dll+0x24ad14]
V  [jvm.dll+0x2483a4]
V  [jvm.dll+0x1c89ee]
V  [jvm.dll+0x257d4d]
V  [jvm.dll+0x2562ea]
V  [jvm.dll+0x3f2d16]
V  [jvm.dll+0x857e6b]
V  [jvm.dll+0x6d0b0d]
C  [ucrtbase.dll+0x37b0]
C  [KERNEL32.DLL+0x2e8d7]
C  [ntdll.dll+0x8d9c]


---------------  P R O C E S S  ---------------

Threads class SMR info:
_java_thread_list=0x000001c173eb30a0, length=41, elements={
0x000001c1555a0b40, 0x000001c15564dfc0, 0x000001c15550a3c0, 0x000001c155514aa0,
0x000001c1555189c0, 0x000001c15551a1d0, 0x000001c15551c9f0, 0x000001c1555248b0,
0x000001c1555261b0, 0x000001c16d8c7640, 0x000001c16da6aee0, 0x000001c16d9ecb50,
0x000001c16dafcf30, 0x000001c172ad0220, 0x000001c172ab1aa0, 0x000001c1729b2d80,
0x000001c172528600, 0x000001c172edbac0, 0x000001c172f1c390, 0x000001c172b854b0,
0x000001c172b86860, 0x000001c172b86ef0, 0x000001c172b85b40, 0x000001c172b861d0,
0x000001c172b87580, 0x000001c172b88930, 0x000001c17277faf0, 0x000001c17277edd0,
0x000001c172780180, 0x000001c17277f460, 0x000001c172781530, 0x000001c172780810,
0x000001c172780ea0, 0x000001c172781bc0, 0x000001c172782250, 0x000001c174f17820,
0x000001c174f15750, 0x000001c174f143a0, 0x000001c174f15de0, 0x000001c174f150c0,
0x000001c174f17190
}

Java Threads: ( => current thread )
  0x000001c1555a0b40 JavaThread "main"                              [_thread_in_Java, id=32944, stack(0x000000a5cd100000,0x000000a5cd200000) (1024K)]
  0x000001c15564dfc0 JavaThread "Reference Handler"          daemon [_thread_blocked, id=22308, stack(0x000000a5cd500000,0x000000a5cd600000) (1024K)]
  0x000001c15550a3c0 JavaThread "Finalizer"                  daemon [_thread_blocked, id=27952, stack(0x000000a5cd600000,0x000000a5cd700000) (1024K)]
  0x000001c155514aa0 JavaThread "Signal Dispatcher"          daemon [_thread_blocked, id=26448, stack(0x000000a5cd700000,0x000000a5cd800000) (1024K)]
  0x000001c1555189c0 JavaThread "Attach Listener"            daemon [_thread_blocked, id=9416, stack(0x000000a5cd800000,0x000000a5cd900000) (1024K)]
  0x000001c15551a1d0 JavaThread "Service Thread"             daemon [_thread_blocked, id=22256, stack(0x000000a5cd900000,0x000000a5cda00000) (1024K)]
  0x000001c15551c9f0 JavaThread "Monitor Deflation Thread"   daemon [_thread_blocked, id=32688, stack(0x000000a5cda00000,0x000000a5cdb00000) (1024K)]
  0x000001c1555248b0 JavaThread "C2 CompilerThread0"         daemon [_thread_in_native, id=28852, stack(0x000000a5cdb00000,0x000000a5cdc00000) (1024K)]
  0x000001c1555261b0 JavaThread "C1 CompilerThread0"         daemon [_thread_in_vm, id=4724, stack(0x000000a5cdc00000,0x000000a5cdd00000) (1024K)]
  0x000001c16d8c7640 JavaThread "Common-Cleaner"             daemon [_thread_blocked, id=29848, stack(0x000000a5cdd00000,0x000000a5cde00000) (1024K)]
  0x000001c16da6aee0 JavaThread "C2 CompilerThread1"         daemon [_thread_in_native, id=2308, stack(0x000000a5cde00000,0x000000a5cdf00000) (1024K)]
=>0x000001c16d9ecb50 JavaThread "C2 CompilerThread2"         daemon [_thread_in_native, id=31276, stack(0x000000a5cdf00000,0x000000a5ce000000) (1024K)]
  0x000001c16dafcf30 JavaThread "Notification Thread"        daemon [_thread_blocked, id=20048, stack(0x000000a5ce000000,0x000000a5ce100000) (1024K)]
  0x000001c172ad0220 JavaThread "Active Thread: Equinox Container: 56402ade-a21f-46b1-83c8-29da916e1723"        [_thread_blocked, id=29832, stack(0x000000a5ce700000,0x000000a5ce800000) (1024K)]
  0x000001c172ab1aa0 JavaThread "Refresh Thread: Equinox Container: 56402ade-a21f-46b1-83c8-29da916e1723" daemon [_thread_blocked, id=29464, stack(0x000000a5ce800000,0x000000a5ce900000) (1024K)]
  0x000001c1729b2d80 JavaThread "Framework Event Dispatcher: Equinox Container: 56402ade-a21f-46b1-83c8-29da916e1723" daemon [_thread_blocked, id=32080, stack(0x000000a5cea00000,0x000000a5ceb00000) (1024K)]
  0x000001c172528600 JavaThread "Start Level: Equinox Container: 56402ade-a21f-46b1-83c8-29da916e1723" daemon [_thread_blocked, id=30448, stack(0x000000a5ceb00000,0x000000a5cec00000) (1024K)]
  0x000001c172edbac0 JavaThread "Bundle File Closer"         daemon [_thread_blocked, id=29272, stack(0x000000a5cec00000,0x000000a5ced00000) (1024K)]
  0x000001c172f1c390 JavaThread "SCR Component Actor"        daemon [_thread_blocked, id=31820, stack(0x000000a5ced00000,0x000000a5cee00000) (1024K)]
  0x000001c172b854b0 JavaThread "SCR Component Registry"     daemon [_thread_blocked, id=3252, stack(0x000000a5cee00000,0x000000a5cef00000) (1024K)]
  0x000001c172b86860 JavaThread "Worker-JM"                         [_thread_blocked, id=26944, stack(0x000000a5cef00000,0x000000a5cf000000) (1024K)]
  0x000001c172b86ef0 JavaThread "JNA Cleaner"                daemon [_thread_blocked, id=21400, stack(0x000000a5cf000000,0x000000a5cf100000) (1024K)]
  0x000001c172b85b40 JavaThread "Worker-0: Initialize After Load"        [_thread_in_vm, id=31316, stack(0x000000a5cf100000,0x000000a5cf200000) (1024K)]
  0x000001c172b861d0 JavaThread "Worker-1: Refreshing workspace"        [_thread_in_vm, id=3808, stack(0x000000a5cf200000,0x000000a5cf300000) (1024K)]
  0x000001c172b87580 JavaThread "Worker-2: Updating Maven Dependencies"        [_thread_in_Java, id=31876, stack(0x000000a5cf300000,0x000000a5cf400000) (1024K)]
  0x000001c172b88930 JavaThread "Worker-3: Repository registry initialization"        [_thread_blocked, id=26572, stack(0x000000a5cf400000,0x000000a5cf500000) (1024K)]
  0x000001c17277faf0 JavaThread "Java indexing"              daemon [_thread_blocked, id=32908, stack(0x000000a5cf500000,0x000000a5cf600000) (1024K)]
  0x000001c17277edd0 JavaThread "Worker-4"                          [_thread_blocked, id=32348, stack(0x000000a5cf600000,0x000000a5cf700000) (1024K)]
  0x000001c172780180 JavaThread "Worker-5: Loading available Gradle versions"        [_thread_in_vm, id=17028, stack(0x000000a5cf900000,0x000000a5cfa00000) (1024K)]
  0x000001c17277f460 JavaThread "Worker-6: Load persistent model for all projects"        [_thread_in_vm, id=20468, stack(0x000000a5cfa00000,0x000000a5cfb00000) (1024K)]
  0x000001c172781530 JavaThread "Worker-7"                          [_thread_blocked, id=18020, stack(0x000000a5cfb00000,0x000000a5cfc00000) (1024K)]
  0x000001c172780810 JavaThread "Thread-2"                   daemon [_thread_in_native, id=32224, stack(0x000000a5cfc00000,0x000000a5cfd00000) (1024K)]
  0x000001c172780ea0 JavaThread "Thread-3"                   daemon [_thread_in_native, id=31784, stack(0x000000a5cfd00000,0x000000a5cfe00000) (1024K)]
  0x000001c172781bc0 JavaThread "Thread-4"                   daemon [_thread_in_native, id=30760, stack(0x000000a5cfe00000,0x000000a5cff00000) (1024K)]
  0x000001c172782250 JavaThread "Thread-5"                   daemon [_thread_in_native, id=1716, stack(0x000000a5cff00000,0x000000a5d0000000) (1024K)]
  0x000001c174f17820 JavaThread "Thread-6"                   daemon [_thread_in_native, id=2592, stack(0x000000a5d0000000,0x000000a5d0100000) (1024K)]
  0x000001c174f15750 JavaThread "Thread-7"                   daemon [_thread_in_native, id=12600, stack(0x000000a5d0100000,0x000000a5d0200000) (1024K)]
  0x000001c174f143a0 JavaThread "Thread-8"                   daemon [_thread_in_native, id=20088, stack(0x000000a5d0200000,0x000000a5d0300000) (1024K)]
  0x000001c174f15de0 JavaThread "Thread-9"                   daemon [_thread_in_native, id=25016, stack(0x000000a5d0300000,0x000000a5d0400000) (1024K)]
  0x000001c174f150c0 JavaThread "Thread-10"                  daemon [_thread_in_native, id=25032, stack(0x000000a5d0400000,0x000000a5d0500000) (1024K)]
  0x000001c174f17190 JavaThread "pool-2-thread-1"                   [_thread_blocked, id=17704, stack(0x000000a5d0500000,0x000000a5d0600000) (1024K)]
Total: 41

Other Threads:
  0x000001c155634da0 VMThread "VM Thread"                           [id=17380, stack(0x000000a5cd400000,0x000000a5cd500000) (1024K)]
  0x000001c15541ca00 WatcherThread "VM Periodic Task Thread"        [id=32848, stack(0x000000a5cd300000,0x000000a5cd400000) (1024K)]
  0x000001c1532b1b40 WorkerThread "GC Thread#0"                     [id=22028, stack(0x000000a5cd200000,0x000000a5cd300000) (1024K)]
  0x000001c1728880d0 WorkerThread "GC Thread#1"                     [id=31052, stack(0x000000a5ce100000,0x000000a5ce200000) (1024K)]
  0x000001c17282ac90 WorkerThread "GC Thread#2"                     [id=32764, stack(0x000000a5ce200000,0x000000a5ce300000) (1024K)]
  0x000001c1721811a0 WorkerThread "GC Thread#3"                     [id=31840, stack(0x000000a5ce300000,0x000000a5ce400000) (1024K)]
  0x000001c172181540 WorkerThread "GC Thread#4"                     [id=24344, stack(0x000000a5ce400000,0x000000a5ce500000) (1024K)]
  0x000001c1721818e0 WorkerThread "GC Thread#5"                     [id=15220, stack(0x000000a5ce500000,0x000000a5ce600000) (1024K)]
  0x000001c172675db0 WorkerThread "GC Thread#6"                     [id=32244, stack(0x000000a5ce600000,0x000000a5ce700000) (1024K)]
  0x000001c1729a5410 WorkerThread "GC Thread#7"                     [id=32924, stack(0x000000a5ce900000,0x000000a5cea00000) (1024K)]
Total: 10

Threads with active compile tasks:
C2 CompilerThread0  7549 5020   !   4       org.eclipse.osgi.internal.loader.classpath.ClasspathManager::findClassImpl (343 bytes)
C1 CompilerThread0  7549 5397       2       org.eclipse.core.internal.jobs.DeadlockDetector::reduceGraph (509 bytes)
C2 CompilerThread1  7549 5283       4       sun.nio.cs.StreamDecoder::lockedRead (189 bytes)
C2 CompilerThread2  7549 5101       4       org.eclipse.core.internal.watson.ElementTreeIterator::doIteration (114 bytes)
Total: 4

VM state: not at safepoint (normal execution)

VM Mutex/Monitor currently owned by a thread: None

Heap address: 0x0000000080000000, size: 2048 MB, Compressed Oops mode: 32-bit

CDS archive(s) mapped at: [0x000001c100000000-0x000001c100ba0000-0x000001c100ba0000), size 12189696, SharedBaseAddress: 0x000001c100000000, ArchiveRelocationMode: 1.
Compressed class space mapped at: 0x000001c101000000-0x000001c141000000, reserved size: 1073741824
Narrow klass base: 0x000001c100000000, Narrow klass shift: 0, Narrow klass range: 0x100000000

GC Precious Log:
 CardTable entry size: 512
 CPUs: 8 total, 8 available
 Memory: 7995M
 Large Page Support: Disabled
 NUMA Support: Disabled
 Compressed Oops: Enabled (32-bit)
 Alignments: Space 512K, Generation 512K, Heap 2M
 Heap Min Capacity: 100M
 Heap Initial Capacity: 100M
 Heap Max Capacity: 2G
 Pre-touch: Disabled
 Parallel Workers: 8

Heap:
 PSYoungGen      total 12288K, used 6850K [0x00000000d5580000, 0x00000000d6400000, 0x0000000100000000)
  eden space 11776K, 58% used [0x00000000d5580000,0x00000000d5c30b80,0x00000000d6100000)
  from space 512K, 0% used [0x00000000d6380000,0x00000000d6380000,0x00000000d6400000)
  to   space 512K, 0% used [0x00000000d6300000,0x00000000d6300000,0x00000000d6380000)
 ParOldGen       total 68608K, used 31894K [0x0000000080000000, 0x0000000084300000, 0x00000000d5580000)
  object space 68608K, 46% used [0x0000000080000000,0x0000000081f25a08,0x0000000084300000)
 Metaspace       used 35187K, committed 36224K, reserved 1114112K
  class space    used 3602K, committed 4032K, reserved 1048576K

Card table byte_map: [0x000001c154f30000,0x000001c155340000] _byte_map_base: 0x000001c154b30000

Marking Bits: (ParMarkBitMap*) 0x00007ff960d6a340
 Begin Bits: [0x000001c167a30000, 0x000001c169a30000)
 End Bits:   [0x000001c169a30000, 0x000001c16ba30000)

Polling page: 0x000001c1533b0000

Metaspace:

Usage:
  Non-class:     30.84 MB used.
      Class:      3.52 MB used.
       Both:     34.36 MB used.

Virtual space:
  Non-class space:       64.00 MB reserved,      31.44 MB ( 49%) committed,  1 nodes.
      Class space:        1.00 GB reserved,       3.94 MB ( <1%) committed,  1 nodes.
             Both:        1.06 GB reserved,      35.38 MB (  3%) committed. 

Chunk freelists:
   Non-Class:  128.00 KB
       Class:  12.02 MB
        Both:  12.14 MB

MaxMetaspaceSize: unlimited
CompressedClassSpaceSize: 1.00 GB
Initial GC threshold: 21.00 MB
Current GC threshold: 58.38 MB
CDS: on
 - commit_granule_bytes: 65536.
 - commit_granule_words: 8192.
 - virtual_space_node_default_size: 8388608.
 - enlarge_chunks_in_place: 1.
 - use_allocation_guard: 0.


Internal statistics:

num_allocs_failed_limit: 6.
num_arena_births: 758.
num_arena_deaths: 22.
num_vsnodes_births: 2.
num_vsnodes_deaths: 0.
num_space_committed: 566.
num_space_uncommitted: 0.
num_chunks_returned_to_freelist: 31.
num_chunks_taken_from_freelist: 2300.
num_chunk_merges: 10.
num_chunk_splits: 1420.
num_chunks_enlarged: 846.
num_inconsistent_stats: 0.

CodeHeap 'non-profiled nmethods': size=120000Kb used=2351Kb max_used=2764Kb free=117648Kb
 bounds [0x000001c160250000, 0x000001c160510000, 0x000001c167780000]
CodeHeap 'profiled nmethods': size=120000Kb used=9713Kb max_used=11401Kb free=110286Kb
 bounds [0x000001c158780000, 0x000001c1592b0000, 0x000001c15fcb0000]
CodeHeap 'non-nmethods': size=5760Kb used=1356Kb max_used=1404Kb free=4403Kb
 bounds [0x000001c15fcb0000, 0x000001c15ff20000, 0x000001c160250000]
CodeCache: size=245760Kb, used=13420Kb, max_used=15569Kb, free=232337Kb
 total_blobs=5347, nmethods=4695, adapters=558, full_count=0
Compilation: enabled, stopped_count=0, restarted_count=0

Compilation events (20 events):
Event: 6.409 Thread 0x000001c1555261b0 5359       1       sun.util.calendar.CalendarDate::getYear (5 bytes)
Event: 6.409 Thread 0x000001c1555261b0 nmethod 5359 0x000001c160500510 code [0x000001c1605006a0, 0x000001c160500768]
Event: 6.414 Thread 0x000001c1555261b0 5362       2       org.eclipse.osgi.internal.loader.classpath.ClasspathEntry::manifestPackageAttributesFor (36 bytes)
Event: 6.414 Thread 0x000001c1555261b0 nmethod 5362 0x000001c15929ee90 code [0x000001c15929f040, 0x000001c15929f210]
Event: 6.414 Thread 0x000001c1555261b0 5363   !   2       org.eclipse.osgi.internal.loader.ModuleClassLoader::publicDefinePackage (50 bytes)
Event: 6.414 Thread 0x000001c1555261b0 nmethod 5363 0x000001c15929f310 code [0x000001c15929f4c0, 0x000001c15929f790]
Event: 6.424 Thread 0x000001c1555261b0 5364 %     3       org.codehaus.plexus.util.InterpolationFilterReader::read @ 3 (48 bytes)
Event: 6.425 Thread 0x000001c1555261b0 nmethod 5364% 0x000001c15929f990 code [0x000001c15929fb60, 0x000001c15929ff50]
Event: 6.425 Thread 0x000001c1555261b0 5365       3       org.codehaus.plexus.util.InterpolationFilterReader::read (48 bytes)
Event: 6.425 Thread 0x000001c1555261b0 nmethod 5365 0x000001c1592a0110 code [0x000001c1592a02e0, 0x000001c1592a05e8]
Event: 6.426 Thread 0x000001c1555261b0 5366       2       org.eclipse.core.internal.jobs.DeadlockDetector::indexOf (43 bytes)
Event: 6.431 Thread 0x000001c1555261b0 nmethod 5366 0x000001c1592a0790 code [0x000001c1592a0960, 0x000001c1592a0c40]
Event: 6.432 Thread 0x000001c1555261b0 5367       3       java.lang.String::getBytes (44 bytes)
Event: 6.432 Thread 0x000001c1555261b0 nmethod 5367 0x000001c1592a0e90 code [0x000001c1592a1060, 0x000001c1592a1368]
Event: 6.433 Thread 0x000001c16da6aee0 nmethod 5097 0x000001c160500b10 code [0x000001c160500de0, 0x000001c1605023f0]
Event: 6.433 Thread 0x000001c1555261b0 5368       3       java.io.WinNTFileSystem::normalize (143 bytes)
Event: 6.433 Thread 0x000001c16da6aee0 5356       4       sun.nio.cs.StreamDecoder::implRead (232 bytes)
Event: 6.434 Thread 0x000001c1555261b0 nmethod 5368 0x000001c1592a1490 code [0x000001c1592a1720, 0x000001c1592a2180]
Event: 6.436 Thread 0x000001c1555261b0 5370   !   2       org.eclipse.core.internal.registry.ConfigurationElement::createExecutableExtension (419 bytes)
Event: 6.500 Thread 0x000001c1555261b0 nmethod 5370 0x000001c158794690 code [0x000001c158794ac0, 0x000001c158795ae0]

GC Heap History (20 events):
Event: 5.306 GC heap before
{Heap before GC invocations=19 (full 1):
 PSYoungGen      total 13312K, used 12320K [0x00000000d5580000, 0x00000000d6580000, 0x0000000100000000)
  eden space 11776K, 100% used [0x00000000d5580000,0x00000000d6100000,0x00000000d6100000)
  from space 1536K, 35% used [0x00000000d6300000,0x00000000d6388000,0x00000000d6480000)
  to   space 1024K, 0% used [0x00000000d6480000,0x00000000d6480000,0x00000000d6580000)
 ParOldGen       total 68608K, used 29670K [0x0000000080000000, 0x0000000084300000, 0x00000000d5580000)
  object space 68608K, 43% used [0x0000000080000000,0x0000000081cf9bc0,0x0000000084300000)
 Metaspace       used 29046K, committed 29952K, reserved 1114112K
  class space    used 2832K, committed 3264K, reserved 1048576K
}
Event: 5.309 GC heap after
{Heap after GC invocations=19 (full 1):
 PSYoungGen      total 12800K, used 704K [0x00000000d5580000, 0x00000000d6580000, 0x0000000100000000)
  eden space 11776K, 0% used [0x00000000d5580000,0x00000000d5580000,0x00000000d6100000)
  from space 1024K, 68% used [0x00000000d6480000,0x00000000d6530000,0x00000000d6580000)
  to   space 1024K, 0% used [0x00000000d6380000,0x00000000d6380000,0x00000000d6480000)
 ParOldGen       total 68608K, used 30057K [0x0000000080000000, 0x0000000084300000, 0x00000000d5580000)
  object space 68608K, 43% used [0x0000000080000000,0x0000000081d5a560,0x0000000084300000)
 Metaspace       used 29046K, committed 29952K, reserved 1114112K
  class space    used 2832K, committed 3264K, reserved 1048576K
}
Event: 5.587 GC heap before
{Heap before GC invocations=20 (full 1):
 PSYoungGen      total 12800K, used 12471K [0x00000000d5580000, 0x00000000d6580000, 0x0000000100000000)
  eden space 11776K, 99% used [0x00000000d5580000,0x00000000d60fdce8,0x00000000d6100000)
  from space 1024K, 68% used [0x00000000d6480000,0x00000000d6530000,0x00000000d6580000)
  to   space 1024K, 0% used [0x00000000d6380000,0x00000000d6380000,0x00000000d6480000)
 ParOldGen       total 68608K, used 30057K [0x0000000080000000, 0x0000000084300000, 0x00000000d5580000)
  object space 68608K, 43% used [0x0000000080000000,0x0000000081d5a560,0x0000000084300000)
 Metaspace       used 30648K, committed 31616K, reserved 1114112K
  class space    used 2993K, committed 3392K, reserved 1048576K
}
Event: 5.591 GC heap after
{Heap after GC invocations=20 (full 1):
 PSYoungGen      total 12800K, used 810K [0x00000000d5580000, 0x00000000d6500000, 0x0000000100000000)
  eden space 11776K, 0% used [0x00000000d5580000,0x00000000d5580000,0x00000000d6100000)
  from space 1024K, 79% used [0x00000000d6380000,0x00000000d644abc8,0x00000000d6480000)
  to   space 512K, 0% used [0x00000000d6480000,0x00000000d6480000,0x00000000d6500000)
 ParOldGen       total 68608K, used 30617K [0x0000000080000000, 0x0000000084300000, 0x00000000d5580000)
  object space 68608K, 44% used [0x0000000080000000,0x0000000081de6560,0x0000000084300000)
 Metaspace       used 30648K, committed 31616K, reserved 1114112K
  class space    used 2993K, committed 3392K, reserved 1048576K
}
Event: 5.792 GC heap before
{Heap before GC invocations=21 (full 1):
 PSYoungGen      total 12800K, used 12586K [0x00000000d5580000, 0x00000000d6500000, 0x0000000100000000)
  eden space 11776K, 100% used [0x00000000d5580000,0x00000000d6100000,0x00000000d6100000)
  from space 1024K, 79% used [0x00000000d6380000,0x00000000d644abc8,0x00000000d6480000)
  to   space 512K, 0% used [0x00000000d6480000,0x00000000d6480000,0x00000000d6500000)
 ParOldGen       total 68608K, used 30617K [0x0000000080000000, 0x0000000084300000, 0x00000000d5580000)
  object space 68608K, 44% used [0x0000000080000000,0x0000000081de6560,0x0000000084300000)
 Metaspace       used 32130K, committed 33152K, reserved 1114112K
  class space    used 3182K, committed 3648K, reserved 1048576K
}
Event: 5.795 GC heap after
{Heap after GC invocations=21 (full 1):
 PSYoungGen      total 12288K, used 512K [0x00000000d5580000, 0x00000000d6500000, 0x0000000100000000)
  eden space 11776K, 0% used [0x00000000d5580000,0x00000000d5580000,0x00000000d6100000)
  from space 512K, 100% used [0x00000000d6480000,0x00000000d6500000,0x00000000d6500000)
  to   space 1536K, 0% used [0x00000000d6200000,0x00000000d6200000,0x00000000d6380000)
 ParOldGen       total 68608K, used 31311K [0x0000000080000000, 0x0000000084300000, 0x00000000d5580000)
  object space 68608K, 45% used [0x0000000080000000,0x0000000081e93cc8,0x0000000084300000)
 Metaspace       used 32130K, committed 33152K, reserved 1114112K
  class space    used 3182K, committed 3648K, reserved 1048576K
}
Event: 5.867 GC heap before
{Heap before GC invocations=22 (full 1):
 PSYoungGen      total 12288K, used 12288K [0x00000000d5580000, 0x00000000d6500000, 0x0000000100000000)
  eden space 11776K, 100% used [0x00000000d5580000,0x00000000d6100000,0x00000000d6100000)
  from space 512K, 100% used [0x00000000d6480000,0x00000000d6500000,0x00000000d6500000)
  to   space 1536K, 0% used [0x00000000d6200000,0x00000000d6200000,0x00000000d6380000)
 ParOldGen       total 68608K, used 31311K [0x0000000080000000, 0x0000000084300000, 0x00000000d5580000)
  object space 68608K, 45% used [0x0000000080000000,0x0000000081e93cc8,0x0000000084300000)
 Metaspace       used 32392K, committed 33344K, reserved 1114112K
  class space    used 3229K, committed 3648K, reserved 1048576K
}
Event: 5.871 GC heap after
{Heap after GC invocations=22 (full 1):
 PSYoungGen      total 13312K, used 256K [0x00000000d5580000, 0x00000000d6500000, 0x0000000100000000)
  eden space 11776K, 0% used [0x00000000d5580000,0x00000000d5580000,0x00000000d6100000)
  from space 1536K, 16% used [0x00000000d6200000,0x00000000d6240000,0x00000000d6380000)
  to   space 1024K, 0% used [0x00000000d6400000,0x00000000d6400000,0x00000000d6500000)
 ParOldGen       total 68608K, used 31762K [0x0000000080000000, 0x0000000084300000, 0x00000000d5580000)
  object space 68608K, 46% used [0x0000000080000000,0x0000000081f04b00,0x0000000084300000)
 Metaspace       used 32392K, committed 33344K, reserved 1114112K
  class space    used 3229K, committed 3648K, reserved 1048576K
}
Event: 5.948 GC heap before
{Heap before GC invocations=23 (full 1):
 PSYoungGen      total 13312K, used 12032K [0x00000000d5580000, 0x00000000d6500000, 0x0000000100000000)
  eden space 11776K, 100% used [0x00000000d5580000,0x00000000d6100000,0x00000000d6100000)
  from space 1536K, 16% used [0x00000000d6200000,0x00000000d6240000,0x00000000d6380000)
  to   space 1024K, 0% used [0x00000000d6400000,0x00000000d6400000,0x00000000d6500000)
 ParOldGen       total 68608K, used 31762K [0x0000000080000000, 0x0000000084300000, 0x00000000d5580000)
  object space 68608K, 46% used [0x0000000080000000,0x0000000081f04b00,0x0000000084300000)
 Metaspace       used 32657K, committed 33664K, reserved 1114112K
  class space    used 3265K, committed 3712K, reserved 1048576K
}
Event: 5.951 GC heap after
{Heap after GC invocations=23 (full 1):
 PSYoungGen      total 12288K, used 256K [0x00000000d5580000, 0x00000000d6480000, 0x0000000100000000)
  eden space 11776K, 0% used [0x00000000d5580000,0x00000000d5580000,0x00000000d6100000)
  from space 512K, 50% used [0x00000000d6400000,0x00000000d6440000,0x00000000d6480000)
  to   space 512K, 0% used [0x00000000d6380000,0x00000000d6380000,0x00000000d6400000)
 ParOldGen       total 68608K, used 31850K [0x0000000080000000, 0x0000000084300000, 0x00000000d5580000)
  object space 68608K, 46% used [0x0000000080000000,0x0000000081f1ab00,0x0000000084300000)
 Metaspace       used 32657K, committed 33664K, reserved 1114112K
  class space    used 3265K, committed 3712K, reserved 1048576K
}
Event: 6.039 GC heap before
{Heap before GC invocations=24 (full 1):
 PSYoungGen      total 12288K, used 12032K [0x00000000d5580000, 0x00000000d6480000, 0x0000000100000000)
  eden space 11776K, 100% used [0x00000000d5580000,0x00000000d6100000,0x00000000d6100000)
  from space 512K, 50% used [0x00000000d6400000,0x00000000d6440000,0x00000000d6480000)
  to   space 512K, 0% used [0x00000000d6380000,0x00000000d6380000,0x00000000d6400000)
 ParOldGen       total 68608K, used 31850K [0x0000000080000000, 0x0000000084300000, 0x00000000d5580000)
  object space 68608K, 46% used [0x0000000080000000,0x0000000081f1ab00,0x0000000084300000)
 Metaspace       used 32894K, committed 33856K, reserved 1114112K
  class space    used 3299K, committed 3712K, reserved 1048576K
}
Event: 6.042 GC heap after
{Heap after GC invocations=24 (full 1):
 PSYoungGen      total 12288K, used 320K [0x00000000d5580000, 0x00000000d6480000, 0x0000000100000000)
  eden space 11776K, 0% used [0x00000000d5580000,0x00000000d5580000,0x00000000d6100000)
  from space 512K, 62% used [0x00000000d6380000,0x00000000d63d0000,0x00000000d6400000)
  to   space 512K, 0% used [0x00000000d6400000,0x00000000d6400000,0x00000000d6480000)
 ParOldGen       total 68608K, used 31954K [0x0000000080000000, 0x0000000084300000, 0x00000000d5580000)
  object space 68608K, 46% used [0x0000000080000000,0x0000000081f34b00,0x0000000084300000)
 Metaspace       used 32894K, committed 33856K, reserved 1114112K
  class space    used 3299K, committed 3712K, reserved 1048576K
}
Event: 6.344 GC heap before
{Heap before GC invocations=25 (full 1):
 PSYoungGen      total 12288K, used 12096K [0x00000000d5580000, 0x00000000d6480000, 0x0000000100000000)
  eden space 11776K, 100% used [0x00000000d5580000,0x00000000d6100000,0x00000000d6100000)
  from space 512K, 62% used [0x00000000d6380000,0x00000000d63d0000,0x00000000d6400000)
  to   space 512K, 0% used [0x00000000d6400000,0x00000000d6400000,0x00000000d6480000)
 ParOldGen       total 68608K, used 31954K [0x0000000080000000, 0x0000000084300000, 0x00000000d5580000)
  object space 68608K, 46% used [0x0000000080000000,0x0000000081f34b00,0x0000000084300000)
 Metaspace       used 33838K, committed 34816K, reserved 1114112K
  class space    used 3412K, committed 3840K, reserved 1048576K
}
Event: 6.345 GC heap after
{Heap after GC invocations=25 (full 1):
 PSYoungGen      total 12288K, used 496K [0x00000000d5580000, 0x00000000d6480000, 0x0000000100000000)
  eden space 11776K, 0% used [0x00000000d5580000,0x00000000d5580000,0x00000000d6100000)
  from space 512K, 96% used [0x00000000d6400000,0x00000000d647c010,0x00000000d6480000)
  to   space 1024K, 0% used [0x00000000d6280000,0x00000000d6280000,0x00000000d6380000)
 ParOldGen       total 68608K, used 32315K [0x0000000080000000, 0x0000000084300000, 0x00000000d5580000)
  object space 68608K, 47% used [0x0000000080000000,0x0000000081f8ef40,0x0000000084300000)
 Metaspace       used 33838K, committed 34816K, reserved 1114112K
  class space    used 3412K, committed 3840K, reserved 1048576K
}
Event: 6.429 GC heap before
{Heap before GC invocations=26 (full 1):
 PSYoungGen      total 12288K, used 12272K [0x00000000d5580000, 0x00000000d6480000, 0x0000000100000000)
  eden space 11776K, 100% used [0x00000000d5580000,0x00000000d6100000,0x00000000d6100000)
  from space 512K, 96% used [0x00000000d6400000,0x00000000d647c010,0x00000000d6480000)
  to   space 1024K, 0% used [0x00000000d6280000,0x00000000d6280000,0x00000000d6380000)
 ParOldGen       total 68608K, used 32315K [0x0000000080000000, 0x0000000084300000, 0x00000000d5580000)
  object space 68608K, 47% used [0x0000000080000000,0x0000000081f8ef40,0x0000000084300000)
 Metaspace       used 34753K, committed 35840K, reserved 1114112K
  class space    used 3539K, committed 3968K, reserved 1048576K
}
Event: 6.431 GC heap after
{Heap after GC invocations=26 (full 1):
 PSYoungGen      total 12800K, used 1008K [0x00000000d5580000, 0x00000000d6480000, 0x0000000100000000)
  eden space 11776K, 0% used [0x00000000d5580000,0x00000000d5580000,0x00000000d6100000)
  from space 1024K, 98% used [0x00000000d6280000,0x00000000d637c000,0x00000000d6380000)
  to   space 1024K, 0% used [0x00000000d6380000,0x00000000d6380000,0x00000000d6480000)
 ParOldGen       total 68608K, used 32765K [0x0000000080000000, 0x0000000084300000, 0x00000000d5580000)
  object space 68608K, 47% used [0x0000000080000000,0x0000000081fff7d8,0x0000000084300000)
 Metaspace       used 34753K, committed 35840K, reserved 1114112K
  class space    used 3539K, committed 3968K, reserved 1048576K
}
Event: 6.439 GC heap before
{Heap before GC invocations=27 (full 1):
 PSYoungGen      total 12800K, used 1969K [0x00000000d5580000, 0x00000000d6480000, 0x0000000100000000)
  eden space 11776K, 8% used [0x00000000d5580000,0x00000000d56705e0,0x00000000d6100000)
  from space 1024K, 98% used [0x00000000d6280000,0x00000000d637c000,0x00000000d6380000)
  to   space 1024K, 0% used [0x00000000d6380000,0x00000000d6380000,0x00000000d6480000)
 ParOldGen       total 68608K, used 32765K [0x0000000080000000, 0x0000000084300000, 0x00000000d5580000)
  object space 68608K, 47% used [0x0000000080000000,0x0000000081fff7d8,0x0000000084300000)
 Metaspace       used 34818K, committed 35840K, reserved 1114112K
  class space    used 3546K, committed 3968K, reserved 1048576K
}
Event: 6.441 GC heap after
{Heap after GC invocations=27 (full 1):
 PSYoungGen      total 12288K, used 192K [0x00000000d5580000, 0x00000000d6400000, 0x0000000100000000)
  eden space 11776K, 0% used [0x00000000d5580000,0x00000000d5580000,0x00000000d6100000)
  from space 512K, 37% used [0x00000000d6380000,0x00000000d63b0000,0x00000000d6400000)
  to   space 512K, 0% used [0x00000000d6300000,0x00000000d6300000,0x00000000d6380000)
 ParOldGen       total 68608K, used 33598K [0x0000000080000000, 0x0000000084300000, 0x00000000d5580000)
  object space 68608K, 48% used [0x0000000080000000,0x00000000820cfa60,0x0000000084300000)
 Metaspace       used 34818K, committed 35840K, reserved 1114112K
  class space    used 3546K, committed 3968K, reserved 1048576K
}
Event: 6.441 GC heap before
{Heap before GC invocations=28 (full 2):
 PSYoungGen      total 12288K, used 192K [0x00000000d5580000, 0x00000000d6400000, 0x0000000100000000)
  eden space 11776K, 0% used [0x00000000d5580000,0x00000000d5580000,0x00000000d6100000)
  from space 512K, 37% used [0x00000000d6380000,0x00000000d63b0000,0x00000000d6400000)
  to   space 512K, 0% used [0x00000000d6300000,0x00000000d6300000,0x00000000d6380000)
 ParOldGen       total 68608K, used 33598K [0x0000000080000000, 0x0000000084300000, 0x00000000d5580000)
  object space 68608K, 48% used [0x0000000080000000,0x00000000820cfa60,0x0000000084300000)
 Metaspace       used 34818K, committed 35840K, reserved 1114112K
  class space    used 3546K, committed 3968K, reserved 1048576K
}
Event: 6.494 GC heap after
{Heap after GC invocations=28 (full 2):
 PSYoungGen      total 12288K, used 0K [0x00000000d5580000, 0x00000000d6400000, 0x0000000100000000)
  eden space 11776K, 0% used [0x00000000d5580000,0x00000000d5580000,0x00000000d6100000)
  from space 512K, 0% used [0x00000000d6380000,0x00000000d6380000,0x00000000d6400000)
  to   space 512K, 0% used [0x00000000d6300000,0x00000000d6300000,0x00000000d6380000)
 ParOldGen       total 68608K, used 31894K [0x0000000080000000, 0x0000000084300000, 0x00000000d5580000)
  object space 68608K, 46% used [0x0000000080000000,0x0000000081f25a08,0x0000000084300000)
 Metaspace       used 34811K, committed 35840K, reserved 1114112K
  class space    used 3544K, committed 3968K, reserved 1048576K
}

Dll operation events (10 events):
Event: 0.013 Loaded shared library c:\Users\sonal\.vscode\extensions\redhat.java-1.45.0-win32-x64\jre\21.0.8-win32-x86_64\bin\java.dll
Event: 0.077 Loaded shared library c:\Users\sonal\.vscode\extensions\redhat.java-1.45.0-win32-x64\jre\21.0.8-win32-x86_64\bin\zip.dll
Event: 0.096 Loaded shared library C:\Users\sonal\.vscode\extensions\redhat.java-1.45.0-win32-x64\jre\21.0.8-win32-x86_64\bin\instrument.dll
Event: 0.099 Loaded shared library C:\Users\sonal\.vscode\extensions\redhat.java-1.45.0-win32-x64\jre\21.0.8-win32-x86_64\bin\net.dll
Event: 0.101 Loaded shared library C:\Users\sonal\.vscode\extensions\redhat.java-1.45.0-win32-x64\jre\21.0.8-win32-x86_64\bin\nio.dll
Event: 0.104 Loaded shared library C:\Users\sonal\.vscode\extensions\redhat.java-1.45.0-win32-x64\jre\21.0.8-win32-x86_64\bin\zip.dll
Event: 0.119 Loaded shared library C:\Users\sonal\.vscode\extensions\redhat.java-1.45.0-win32-x64\jre\21.0.8-win32-x86_64\bin\jimage.dll
Event: 0.183 Loaded shared library c:\Users\sonal\.vscode\extensions\redhat.java-1.45.0-win32-x64\jre\21.0.8-win32-x86_64\bin\verify.dll
Event: 1.410 Loaded shared library C:\Users\sonal\AppData\Roaming\Code\User\globalStorage\redhat.java\1.45.0\config_win\org.eclipse.equinox.launcher\org.eclipse.equinox.launcher.win32.win32.x86_64_1.2.1400.v20250801-0854\eclipse_11916.dll
Event: 2.960 Loaded shared library C:\Users\sonal\AppData\Local\Temp\jna--801715498\jna8552007070438157323.dll

Deoptimization events (20 events):
Event: 6.357 Thread 0x000001c172b87580 Uncommon trap: trap_request=0xffffff45 fr.pc=0x000001c160372144 relative=0x0000000000000124
Event: 6.357 Thread 0x000001c172b87580 Uncommon trap: reason=unstable_if action=reinterpret pc=0x000001c160372144 method=java.util.ArrayList.indexOfRange(Ljava/lang/Object;II)I @ 7 c2
Event: 6.357 Thread 0x000001c172b87580 DEOPT PACKING pc=0x000001c160372144 sp=0x000000a5cf3fe080
Event: 6.357 Thread 0x000001c172b87580 DEOPT UNPACKING pc=0x000001c15fd03aa2 sp=0x000000a5cf3fe000 mode 2
Event: 6.406 Thread 0x000001c17277edd0 Uncommon trap: trap_request=0xffffff45 fr.pc=0x000001c1604cc2a8 relative=0x0000000000000fa8
Event: 6.406 Thread 0x000001c17277edd0 Uncommon trap: reason=unstable_if action=reinterpret pc=0x000001c1604cc2a8 method=java.util.regex.Pattern.compile()V @ 379 c2
Event: 6.406 Thread 0x000001c17277edd0 DEOPT PACKING pc=0x000001c1604cc2a8 sp=0x000000a5cf6fd710
Event: 6.406 Thread 0x000001c17277edd0 DEOPT UNPACKING pc=0x000001c15fd03aa2 sp=0x000000a5cf6fd6d8 mode 2
Event: 6.412 Thread 0x000001c1555a0b40 Uncommon trap: trap_request=0xffffff45 fr.pc=0x000001c1603ecbc8 relative=0x0000000000000108
Event: 6.412 Thread 0x000001c1555a0b40 Uncommon trap: reason=unstable_if action=reinterpret pc=0x000001c1603ecbc8 method=java.io.WinNTFileSystem.normalize(Ljava/lang/String;)Ljava/lang/String; @ 74 c2
Event: 6.412 Thread 0x000001c1555a0b40 DEOPT PACKING pc=0x000001c1603ecbc8 sp=0x000000a5cd1fe540
Event: 6.412 Thread 0x000001c1555a0b40 DEOPT UNPACKING pc=0x000001c15fd03aa2 sp=0x000000a5cd1fe518 mode 2
Event: 6.424 Thread 0x000001c17277edd0 Uncommon trap: trap_request=0xffffff45 fr.pc=0x000001c16027d718 relative=0x00000000000000f8
Event: 6.424 Thread 0x000001c17277edd0 Uncommon trap: reason=unstable_if action=reinterpret pc=0x000001c16027d718 method=java.lang.String.getBytes([BIB)V @ 5 c2
Event: 6.424 Thread 0x000001c17277edd0 DEOPT PACKING pc=0x000001c16027d718 sp=0x000000a5cf6fe0f0
Event: 6.424 Thread 0x000001c17277edd0 DEOPT UNPACKING pc=0x000001c15fd03aa2 sp=0x000000a5cf6fe098 mode 2
Event: 6.432 Thread 0x000001c172780180 Uncommon trap: trap_request=0xffffff45 fr.pc=0x000001c1604e7ef4 relative=0x0000000000003bd4
Event: 6.432 Thread 0x000001c172780180 Uncommon trap: reason=unstable_if action=reinterpret pc=0x000001c1604e7ef4 method=java.util.concurrent.ConcurrentHashMap.remove(Ljava/lang/Object;Ljava/lang/Object;)Z @ 23 c2
Event: 6.432 Thread 0x000001c172780180 DEOPT PACKING pc=0x000001c1604e7ef4 sp=0x000000a5cf9faa50
Event: 6.433 Thread 0x000001c172780180 DEOPT UNPACKING pc=0x000001c15fd03aa2 sp=0x000000a5cf9fa7f8 mode 2

Classes loaded (20 events):
Event: 6.421 Loading class sun/nio/ch/AsynchronousChannelGroupImpl done
Event: 6.421 Loading class sun/nio/ch/Iocp done
Event: 6.421 Loading class sun/nio/ch/Iocp$CompletionStatus
Event: 6.421 Loading class sun/nio/ch/Iocp$CompletionStatus done
Event: 6.421 Loading class sun/nio/ch/ThreadPool
Event: 6.422 Loading class sun/nio/ch/ThreadPool done
Event: 6.422 Loading class sun/nio/ch/Iocp$EventHandlerTask
Event: 6.422 Loading class sun/nio/ch/Iocp$EventHandlerTask done
Event: 6.422 Loading class sun/nio/ch/AsynchronousChannelGroupImpl$2
Event: 6.422 Loading class sun/nio/ch/AsynchronousChannelGroupImpl$2 done
Event: 6.423 Loading class sun/nio/ch/AsynchronousChannelGroupImpl$1
Event: 6.423 Loading class sun/nio/ch/AsynchronousChannelGroupImpl$1 done
Event: 6.424 Loading class sun/nio/ch/PendingIoCache
Event: 6.424 Loading class sun/nio/ch/Invoker
Event: 6.424 Loading class sun/nio/ch/PendingIoCache done
Event: 6.424 Loading class sun/nio/ch/Invoker done
Event: 6.424 Loading class sun/nio/ch/Invoker$1
Event: 6.424 Loading class sun/nio/ch/Invoker$1 done
Event: 6.425 Loading class sun/nio/ch/Invoker$GroupAndInvokeCount
Event: 6.426 Loading class sun/nio/ch/Invoker$GroupAndInvokeCount done

Classes unloaded (11 events):
Event: 3.949 Thread 0x000001c155634da0 Unloading class 0x000001c1011aa800 'java/lang/invoke/LambdaForm$MH+0x000001c1011aa800'
Event: 3.949 Thread 0x000001c155634da0 Unloading class 0x000001c1011aa400 'java/lang/invoke/LambdaForm$MH+0x000001c1011aa400'
Event: 3.949 Thread 0x000001c155634da0 Unloading class 0x000001c1011aa000 'java/lang/invoke/LambdaForm$MH+0x000001c1011aa000'
Event: 3.949 Thread 0x000001c155634da0 Unloading class 0x000001c1011a9c00 'java/lang/invoke/LambdaForm$MH+0x000001c1011a9c00'
Event: 3.949 Thread 0x000001c155634da0 Unloading class 0x000001c1011a9800 'java/lang/invoke/LambdaForm$BMH+0x000001c1011a9800'
Event: 3.949 Thread 0x000001c155634da0 Unloading class 0x000001c1011a9400 'java/lang/invoke/LambdaForm$DMH+0x000001c1011a9400'
Event: 3.949 Thread 0x000001c155634da0 Unloading class 0x000001c1011a8000 'java/lang/invoke/LambdaForm$DMH+0x000001c1011a8000'
Event: 6.453 Thread 0x000001c155634da0 Unloading class 0x000001c1012fa400 'java/lang/invoke/LambdaForm$MH+0x000001c1012fa400'
Event: 6.453 Thread 0x000001c155634da0 Unloading class 0x000001c1012f9c00 'java/lang/invoke/LambdaForm$MH+0x000001c1012f9c00'
Event: 6.453 Thread 0x000001c155634da0 Unloading class 0x000001c1012f9400 'java/lang/invoke/LambdaForm$MH+0x000001c1012f9400'
Event: 6.453 Thread 0x000001c155634da0 Unloading class 0x000001c1012f8800 'java/lang/invoke/LambdaForm$MH+0x000001c1012f8800'

Classes redefined (0 events):
No events

Internal exceptions (20 events):
Event: 6.356 Thread 0x000001c17277edd0 Exception <a 'sun/nio/fs/WindowsException'{0x00000000d561d210}> (0x00000000d561d210) 
thrown [s\src\hotspot\share\prims\jni.cpp, line 520]
Event: 6.356 Thread 0x000001c17277edd0 Exception <a 'sun/nio/fs/WindowsException'{0x00000000d561ded0}> (0x00000000d561ded0) 
thrown [s\src\hotspot\share\prims\jni.cpp, line 520]
Event: 6.356 Thread 0x000001c17277edd0 Exception <a 'sun/nio/fs/WindowsException'{0x00000000d561e7d0}> (0x00000000d561e7d0) 
thrown [s\src\hotspot\share\prims\jni.cpp, line 520]
Event: 6.359 Thread 0x000001c17277edd0 Exception <a 'sun/nio/fs/WindowsException'{0x00000000d56e9fd8}> (0x00000000d56e9fd8) 
thrown [s\src\hotspot\share\prims\jni.cpp, line 520]
Event: 6.359 Thread 0x000001c17277edd0 Exception <a 'sun/nio/fs/WindowsException'{0x00000000d56ea8d8}> (0x00000000d56ea8d8) 
thrown [s\src\hotspot\share\prims\jni.cpp, line 520]
Event: 6.372 Thread 0x000001c17277edd0 Exception <a 'sun/nio/fs/WindowsException'{0x00000000d5887f28}> (0x00000000d5887f28) 
thrown [s\src\hotspot\share\prims\jni.cpp, line 520]
Event: 6.373 Thread 0x000001c17277edd0 Exception <a 'sun/nio/fs/WindowsException'{0x00000000d5888828}> (0x00000000d5888828) 
thrown [s\src\hotspot\share\prims\jni.cpp, line 520]
Event: 6.375 Thread 0x000001c17277edd0 Exception <a 'java/lang/NoSuchMethodError'{0x00000000d589d520}: 'void java.lang.invoke.DirectMethodHandle$Holder.invokeVirtual(java.lang.Object, java.lang.Object, java.lang.Object, java.lang.Object)'> (0x00000000d589d520) 
thrown [s\src\hotspot\share\interpreter\linkResolver.cpp, line 773]
Event: 6.379 Thread 0x000001c17277edd0 Exception <a 'sun/nio/fs/WindowsException'{0x00000000d596d550}> (0x00000000d596d550) 
thrown [s\src\hotspot\share\prims\jni.cpp, line 520]
Event: 6.379 Thread 0x000001c17277edd0 Exception <a 'sun/nio/fs/WindowsException'{0x00000000d596de50}> (0x00000000d596de50) 
thrown [s\src\hotspot\share\prims\jni.cpp, line 520]
Event: 6.381 Thread 0x000001c17277edd0 Exception <a 'sun/nio/fs/WindowsException'{0x00000000d5a0a428}> (0x00000000d5a0a428) 
thrown [s\src\hotspot\share\prims\jni.cpp, line 520]
Event: 6.381 Thread 0x000001c17277edd0 Exception <a 'sun/nio/fs/WindowsException'{0x00000000d5a0ad28}> (0x00000000d5a0ad28) 
thrown [s\src\hotspot\share\prims\jni.cpp, line 520]
Event: 6.391 Thread 0x000001c17277edd0 Exception <a 'sun/nio/fs/WindowsException'{0x00000000d5b97dc0}> (0x00000000d5b97dc0) 
thrown [s\src\hotspot\share\prims\jni.cpp, line 520]
Event: 6.391 Thread 0x000001c17277edd0 Exception <a 'sun/nio/fs/WindowsException'{0x00000000d5b986c0}> (0x00000000d5b986c0) 
thrown [s\src\hotspot\share\prims\jni.cpp, line 520]
Event: 6.398 Thread 0x000001c17277edd0 Exception <a 'sun/nio/fs/WindowsException'{0x00000000d5cc07f0}> (0x00000000d5cc07f0) 
thrown [s\src\hotspot\share\prims\jni.cpp, line 520]
Event: 6.398 Thread 0x000001c17277edd0 Exception <a 'sun/nio/fs/WindowsException'{0x00000000d5cc10f0}> (0x00000000d5cc10f0) 
thrown [s\src\hotspot\share\prims\jni.cpp, line 520]
Event: 6.406 Thread 0x000001c1555a0b40 Exception <a 'java/lang/NoSuchMethodError'{0x00000000d5e80158}: 'java.lang.Object java.lang.invoke.DirectMethodHandle$Holder.invokeStatic(java.lang.Object, long, java.lang.Object)'> (0x00000000d5e80158) 
thrown [s\src\hotspot\share\interpreter\linkResolver.cpp, line 773]
Event: 6.407 Thread 0x000001c17277edd0 Exception <a 'java/lang/NullPointerException'{0x00000000d5e07158}> (0x00000000d5e07158) 
thrown [s\src\hotspot\share\interpreter\linkResolver.cpp, line 1456]
Event: 6.409 Thread 0x000001c1555a0b40 Exception <a 'java/lang/NoSuchMethodError'{0x00000000d5eea478}: 'java.lang.Object java.lang.invoke.DirectMethodHandle$Holder.invokeStaticInit(java.lang.Object, long, java.lang.Object)'> (0x00000000d5eea478) 
thrown [s\src\hotspot\share\interpreter\linkResolver.cpp, line 773]
Event: 6.410 Thread 0x000001c1555a0b40 Exception <a 'java/lang/NoSuchMethodError'{0x00000000d5ef0ff0}: 'java.lang.Object java.lang.invoke.DirectMethodHandle$Holder.newInvokeSpecial(java.lang.Object, long)'> (0x00000000d5ef0ff0) 
thrown [s\src\hotspot\share\interpreter\linkResolver.cpp, line 773]

ZGC Phase Switch (0 events):
No events

VM Operations (20 events):
Event: 5.792 Executing VM operation: ParallelGCFailedAllocation (Allocation Failure)
Event: 5.796 Executing VM operation: ParallelGCFailedAllocation (Allocation Failure) done
Event: 5.845 Executing VM operation: HandshakeAllThreads (Deoptimize)
Event: 5.848 Executing VM operation: HandshakeAllThreads (Deoptimize) done
Event: 5.866 Executing VM operation: ParallelGCFailedAllocation (Allocation Failure)
Event: 5.871 Executing VM operation: ParallelGCFailedAllocation (Allocation Failure) done
Event: 5.948 Executing VM operation: ParallelGCFailedAllocation (Allocation Failure)
Event: 5.951 Executing VM operation: ParallelGCFailedAllocation (Allocation Failure) done
Event: 6.039 Executing VM operation: ParallelGCFailedAllocation (Allocation Failure)
Event: 6.042 Executing VM operation: ParallelGCFailedAllocation (Allocation Failure) done
Event: 6.179 Executing VM operation: HandshakeAllThreads (Deoptimize)
Event: 6.180 Executing VM operation: HandshakeAllThreads (Deoptimize) done
Event: 6.283 Executing VM operation: HandshakeAllThreads (Deoptimize)
Event: 6.285 Executing VM operation: HandshakeAllThreads (Deoptimize) done
Event: 6.343 Executing VM operation: ParallelGCFailedAllocation (Allocation Failure)
Event: 6.345 Executing VM operation: ParallelGCFailedAllocation (Allocation Failure) done
Event: 6.426 Executing VM operation: ParallelGCFailedAllocation (Allocation Failure)
Event: 6.431 Executing VM operation: ParallelGCFailedAllocation (Allocation Failure) done
Event: 6.439 Executing VM operation: CollectForMetadataAllocation (Metadata GC Threshold)
Event: 6.494 Executing VM operation: CollectForMetadataAllocation (Metadata GC Threshold) done

Memory protections (0 events):
No events

Nmethod flushes (20 events):
Event: 6.468 Thread 0x000001c155634da0 flushing  nmethod 0x000001c158e7f490
Event: 6.468 Thread 0x000001c155634da0 flushing  nmethod 0x000001c158e80110
Event: 6.468 Thread 0x000001c155634da0 flushing  nmethod 0x000001c158e80a10
Event: 6.468 Thread 0x000001c155634da0 flushing  nmethod 0x000001c158e81c10
Event: 6.468 Thread 0x000001c155634da0 flushing  nmethod 0x000001c158e82410
Event: 6.468 Thread 0x000001c155634da0 flushing  nmethod 0x000001c158e82b90
Event: 6.468 Thread 0x000001c155634da0 flushing  nmethod 0x000001c158e84110
Event: 6.468 Thread 0x000001c155634da0 flushing  nmethod 0x000001c158e84610
Event: 6.468 Thread 0x000001c155634da0 flushing  nmethod 0x000001c158e84a10
Event: 6.468 Thread 0x000001c155634da0 flushing  nmethod 0x000001c158e85290
Event: 6.468 Thread 0x000001c155634da0 flushing  nmethod 0x000001c158e86d10
Event: 6.468 Thread 0x000001c155634da0 flushing  nmethod 0x000001c158e87210
Event: 6.468 Thread 0x000001c155634da0 flushing  nmethod 0x000001c158e92190
Event: 6.468 Thread 0x000001c155634da0 flushing  nmethod 0x000001c158ea6510
Event: 6.468 Thread 0x000001c155634da0 flushing  nmethod 0x000001c158ebae10
Event: 6.468 Thread 0x000001c155634da0 flushing  nmethod 0x000001c158ebc610
Event: 6.468 Thread 0x000001c155634da0 flushing  nmethod 0x000001c158ec1410
Event: 6.468 Thread 0x000001c155634da0 flushing  nmethod 0x000001c158ec8910
Event: 6.468 Thread 0x000001c155634da0 flushing  nmethod 0x000001c158f19c90
Event: 6.468 Thread 0x000001c155634da0 flushing  nmethod 0x000001c158f4a290

Events (20 events):
Event: 2.425 Thread 0x000001c172528600 Thread added: 0x000001c172b86860
Event: 2.985 Thread 0x000001c172528600 Thread added: 0x000001c172b86ef0
Event: 3.090 Thread 0x000001c172528600 Thread added: 0x000001c172b85b40
Event: 3.249 Thread 0x000001c172528600 Thread added: 0x000001c172b861d0
Event: 3.450 Thread 0x000001c172b861d0 Thread added: 0x000001c172b87580
Event: 4.935 Thread 0x000001c172b87580 Thread added: 0x000001c172b88930
Event: 5.316 Thread 0x000001c172528600 Thread added: 0x000001c17277faf0
Event: 5.323 Thread 0x000001c172b85b40 Thread added: 0x000001c17277edd0
Event: 6.341 Thread 0x000001c172b85b40 Thread added: 0x000001c172780180
Event: 6.383 Thread 0x000001c172780180 Thread added: 0x000001c17277f460
Event: 6.420 Thread 0x000001c17277f460 Thread added: 0x000001c172781530
Event: 6.423 Thread 0x000001c1555a0b40 Thread added: 0x000001c172780810
Event: 6.423 Thread 0x000001c1555a0b40 Thread added: 0x000001c172780ea0
Event: 6.423 Thread 0x000001c1555a0b40 Thread added: 0x000001c172781bc0
Event: 6.423 Thread 0x000001c1555a0b40 Thread added: 0x000001c172782250
Event: 6.424 Thread 0x000001c1555a0b40 Thread added: 0x000001c174f17820
Event: 6.424 Thread 0x000001c1555a0b40 Thread added: 0x000001c174f15750
Event: 6.424 Thread 0x000001c1555a0b40 Thread added: 0x000001c174f143a0
Event: 6.424 Thread 0x000001c1555a0b40 Thread added: 0x000001c174f15de0
Event: 6.424 Thread 0x000001c1555a0b40 Thread added: 0x000001c174f150c0


Dynamic libraries:
0x00007ff792950000 - 0x00007ff79295e000 	c:\Users\sonal\.vscode\extensions\redhat.java-1.45.0-win32-x64\jre\21.0.8-win32-x86_64\bin\java.exe
0x00007ffa3dd00000 - 0x00007ffa3df69000 	C:\WINDOWS\SYSTEM32\ntdll.dll
0x00007ffa3cdb0000 - 0x00007ffa3ce79000 	C:\WINDOWS\System32\KERNEL32.DLL
0x00007ffa3aff0000 - 0x00007ffa3b3e3000 	C:\WINDOWS\System32\KERNELBASE.dll
0x00007ffa37ae0000 - 0x00007ffa37b7e000 	C:\WINDOWS\SYSTEM32\apphelp.dll
0x00007ffa3b8e0000 - 0x00007ffa3ba2b000 	C:\WINDOWS\System32\ucrtbase.dll
0x00007ffa11fd0000 - 0x00007ffa11fee000 	c:\Users\sonal\.vscode\extensions\redhat.java-1.45.0-win32-x64\jre\21.0.8-win32-x86_64\bin\VCRUNTIME140.dll
0x00007ffa05fd0000 - 0x00007ffa05fe8000 	c:\Users\sonal\.vscode\extensions\redhat.java-1.45.0-win32-x64\jre\21.0.8-win32-x86_64\bin\jli.dll
0x00007ffa3d300000 - 0x00007ffa3d4c4000 	C:\WINDOWS\System32\USER32.dll
0x00007ffa1af60000 - 0x00007ffa1b1f3000 	C:\WINDOWS\WinSxS\amd64_microsoft.windows.common-controls_6595b64144ccf1df_6.0.26100.5074_none_3e0d6f78e32fd63f\COMCTL32.dll
0x00007ffa3ae90000 - 0x00007ffa3aeb7000 	C:\WINDOWS\System32\win32u.dll
0x00007ffa3ce80000 - 0x00007ffa3cf29000 	C:\WINDOWS\System32\msvcrt.dll
0x00007ffa3c460000 - 0x00007ffa3c48b000 	C:\WINDOWS\System32\GDI32.dll
0x00007ffa3aec0000 - 0x00007ffa3afed000 	C:\WINDOWS\System32\gdi32full.dll
0x00007ffa3b830000 - 0x00007ffa3b8d3000 	C:\WINDOWS\System32\msvcp_win.dll
0x00007ffa3dc80000 - 0x00007ffa3dcaf000 	C:\WINDOWS\System32\IMM32.DLL
0x00007ffa19950000 - 0x00007ffa1995c000 	c:\Users\sonal\.vscode\extensions\redhat.java-1.45.0-win32-x64\jre\21.0.8-win32-x86_64\bin\vcruntime140_1.dll
0x00007ff9ca4e0000 - 0x00007ff9ca56d000 	c:\Users\sonal\.vscode\extensions\redhat.java-1.45.0-win32-x64\jre\21.0.8-win32-x86_64\bin\msvcp140.dll
0x00007ff9600b0000 - 0x00007ff960e47000 	c:\Users\sonal\.vscode\extensions\redhat.java-1.45.0-win32-x64\jre\21.0.8-win32-x86_64\bin\server\jvm.dll
0x00007ffa3ccf0000 - 0x00007ffa3cda4000 	C:\WINDOWS\System32\ADVAPI32.dll
0x00007ffa3da00000 - 0x00007ffa3daa6000 	C:\WINDOWS\System32\sechost.dll
0x00007ffa3d8e0000 - 0x00007ffa3d9f8000 	C:\WINDOWS\System32\RPCRT4.dll
0x00007ffa3bbb0000 - 0x00007ffa3bc24000 	C:\WINDOWS\System32\WS2_32.dll
0x00007ffa3ad10000 - 0x00007ffa3ad6e000 	C:\WINDOWS\SYSTEM32\POWRPROF.dll
0x00007ffa264a0000 - 0x00007ffa264d5000 	C:\WINDOWS\SYSTEM32\WINMM.dll
0x00007ffa38860000 - 0x00007ffa3886b000 	C:\WINDOWS\SYSTEM32\VERSION.dll
0x00007ffa3acd0000 - 0x00007ffa3ace4000 	C:\WINDOWS\SYSTEM32\UMPDC.dll
0x00007ffa39c50000 - 0x00007ffa39c6b000 	C:\WINDOWS\SYSTEM32\kernel.appcore.dll
0x00007ffa19900000 - 0x00007ffa1990a000 	c:\Users\sonal\.vscode\extensions\redhat.java-1.45.0-win32-x64\jre\21.0.8-win32-x86_64\bin\jimage.dll
0x00007ffa37860000 - 0x00007ffa37aa2000 	C:\WINDOWS\SYSTEM32\DBGHELP.DLL
0x00007ffa3d560000 - 0x00007ffa3d8db000 	C:\WINDOWS\System32\combase.dll
0x00007ffa3bc30000 - 0x00007ffa3bd07000 	C:\WINDOWS\System32\OLEAUT32.dll
0x00007ffa1b2e0000 - 0x00007ffa1b31d000 	C:\WINDOWS\SYSTEM32\dbgcore.DLL
0x00007ffa3ba30000 - 0x00007ffa3bac9000 	C:\WINDOWS\System32\bcryptPrimitives.dll
0x00007ffa37690000 - 0x00007ffa3769f000 	c:\Users\sonal\.vscode\extensions\redhat.java-1.45.0-win32-x64\jre\21.0.8-win32-x86_64\bin\instrument.dll
0x00007ff9fc360000 - 0x00007ff9fc37f000 	c:\Users\sonal\.vscode\extensions\redhat.java-1.45.0-win32-x64\jre\21.0.8-win32-x86_64\bin\java.dll
0x00007ffa3bd10000 - 0x00007ffa3c45d000 	C:\WINDOWS\System32\SHELL32.dll
0x00007ffa3b3f0000 - 0x00007ffa3b55c000 	C:\WINDOWS\System32\wintypes.dll
0x00007ffa38ad0000 - 0x00007ffa39329000 	C:\WINDOWS\SYSTEM32\windows.storage.dll
0x00007ffa3d1a0000 - 0x00007ffa3d290000 	C:\WINDOWS\System32\SHCORE.dll
0x00007ffa3c670000 - 0x00007ffa3c6d2000 	C:\WINDOWS\System32\shlwapi.dll
0x00007ffa3adb0000 - 0x00007ffa3add9000 	C:\WINDOWS\SYSTEM32\profapi.dll
0x00007ff9fc340000 - 0x00007ff9fc358000 	c:\Users\sonal\.vscode\extensions\redhat.java-1.45.0-win32-x64\jre\21.0.8-win32-x86_64\bin\zip.dll
0x00007ffa171d0000 - 0x00007ffa171e0000 	C:\Users\sonal\.vscode\extensions\redhat.java-1.45.0-win32-x64\jre\21.0.8-win32-x86_64\bin\net.dll
0x00007ffa31890000 - 0x00007ffa319af000 	C:\WINDOWS\SYSTEM32\WINHTTP.dll
0x00007ffa3a1f0000 - 0x00007ffa3a25b000 	C:\WINDOWS\system32\mswsock.dll
0x00007ff9fc320000 - 0x00007ff9fc336000 	C:\Users\sonal\.vscode\extensions\redhat.java-1.45.0-win32-x64\jre\21.0.8-win32-x86_64\bin\nio.dll
0x00007ffa37680000 - 0x00007ffa37690000 	c:\Users\sonal\.vscode\extensions\redhat.java-1.45.0-win32-x64\jre\21.0.8-win32-x86_64\bin\verify.dll
0x00007ffa14950000 - 0x00007ffa14994000 	C:\Users\sonal\AppData\Roaming\Code\User\globalStorage\redhat.java\1.45.0\config_win\org.eclipse.equinox.launcher\org.eclipse.equinox.launcher.win32.win32.x86_64_1.2.1400.v20250801-0854\eclipse_11916.dll
0x00007ffa3cf30000 - 0x00007ffa3d0c8000 	C:\WINDOWS\System32\ole32.dll
0x00007ffa3a490000 - 0x00007ffa3a4ab000 	C:\WINDOWS\SYSTEM32\CRYPTSP.dll
0x00007ffa39bb0000 - 0x00007ffa39beb000 	C:\WINDOWS\system32\rsaenh.dll
0x00007ffa3a290000 - 0x00007ffa3a2bb000 	C:\WINDOWS\SYSTEM32\USERENV.dll
0x00007ffa3ad80000 - 0x00007ffa3ada6000 	C:\WINDOWS\SYSTEM32\bcrypt.dll
0x00007ffa3a4b0000 - 0x00007ffa3a4bc000 	C:\WINDOWS\SYSTEM32\CRYPTBASE.dll
0x00007ffa39640000 - 0x00007ffa39674000 	C:\WINDOWS\SYSTEM32\IPHLPAPI.DLL
0x00007ffa3d4d0000 - 0x00007ffa3d4da000 	C:\WINDOWS\System32\NSI.dll
0x00007ffa133c0000 - 0x00007ffa13409000 	C:\Users\sonal\AppData\Local\Temp\jna--801715498\jna8552007070438157323.dll
0x00007ffa3bba0000 - 0x00007ffa3bba8000 	C:\WINDOWS\System32\PSAPI.DLL
0x00007ffa311b0000 - 0x00007ffa311ce000 	C:\WINDOWS\SYSTEM32\dhcpcsvc6.DLL
0x00007ffa30fe0000 - 0x00007ffa31003000 	C:\WINDOWS\SYSTEM32\dhcpcsvc.DLL

JVMTI agents:
c:\Users\sonal\.vscode\extensions\redhat.java-1.45.0-win32-x64\lombok\lombok-1.18.39-4050.jar path:c:\Users\sonal\.vscode\extensions\redhat.java-1.45.0-win32-x64\jre\21.0.8-win32-x86_64\bin\instrument.dll, loaded, initialized, instrumentlib options:none

dbghelp: loaded successfully - version: 4.0.5 - missing functions: none
symbol engine: initialized successfully - sym options: 0x614 - pdb path: .;c:\Users\sonal\.vscode\extensions\redhat.java-1.45.0-win32-x64\jre\21.0.8-win32-x86_64\bin;C:\WINDOWS\SYSTEM32;C:\WINDOWS\WinSxS\amd64_microsoft.windows.common-controls_6595b64144ccf1df_6.0.26100.5074_none_3e0d6f78e32fd63f;c:\Users\sonal\.vscode\extensions\redhat.java-1.45.0-win32-x64\jre\21.0.8-win32-x86_64\bin\server;C:\Users\sonal\AppData\Roaming\Code\User\globalStorage\redhat.java\1.45.0\config_win\org.eclipse.equinox.launcher\org.eclipse.equinox.launcher.win32.win32.x86_64_1.2.1400.v20250801-0854;C:\Users\sonal\AppData\Local\Temp\jna--801715498

VM Arguments:
jvm_args: --add-modules=ALL-SYSTEM --add-opens=java.base/java.util=ALL-UNNAMED --add-opens=java.base/java.lang=ALL-UNNAMED --add-opens=java.base/sun.nio.fs=ALL-UNNAMED -Declipse.application=org.eclipse.jdt.ls.core.id1 -Dosgi.bundles.defaultStartLevel=4 -Declipse.product=org.eclipse.jdt.ls.core.product -Djava.import.generatesMetadataFilesAtProjectRoot=false -DDetectVMInstallationsJob.disabled=true -Dfile.encoding=utf8 -XX:+UseParallelGC -XX:GCTimeRatio=4 -XX:AdaptiveSizePolicyWeight=90 -Dsun.zip.disableMemoryMapping=true -Xmx2G -Xms100m -Xlog:disable -javaagent:c:\Users\sonal\.vscode\extensions\redhat.java-1.45.0-win32-x64\lombok\lombok-1.18.39-4050.jar -XX:+HeapDumpOnOutOfMemoryError -XX:HeapDumpPath=c:\Users\sonal\AppData\Roaming\Code\User\workspaceStorage\2867b351bed66f009d29e0a601d37d45\redhat.java -Daether.dependencyCollector.impl=bf 
java_command: c:\Users\sonal\.vscode\extensions\redhat.java-1.45.0-win32-x64\server\plugins\org.eclipse.equinox.launcher_1.7.0.v20250519-0528.jar -configuration c:\Users\sonal\AppData\Roaming\Code\User\globalStorage\redhat.java\1.45.0\config_win -data c:\Users\sonal\AppData\Roaming\Code\User\workspaceStorage\2867b351bed66f009d29e0a601d37d45\redhat.java\jdt_ws --pipe=\\.\pipe\lsp-e6a34f9db77d40d812645de2176dd1d5-sock
java_class_path (initial): c:\Users\sonal\.vscode\extensions\redhat.java-1.45.0-win32-x64\server\plugins\org.eclipse.equinox.launcher_1.7.0.v20250519-0528.jar
Launcher Type: SUN_STANDARD

[Global flags]
    uintx AdaptiveSizePolicyWeight                 = 90                                        {product} {command line}
     intx CICompilerCount                          = 4                                         {product} {ergonomic}
    uintx GCTimeRatio                              = 4                                         {product} {command line}
     bool HeapDumpOnOutOfMemoryError               = true                                   {manageable} {command line}
    ccstr HeapDumpPath                             = c:\Users\sonal\AppData\Roaming\Code\User\workspaceStorage\2867b351bed66f009d29e0a601d37d45\redhat.java         {manageable} {command line}
   size_t InitialHeapSize                          = 104857600                                 {product} {command line}
   size_t MaxHeapSize                              = 2147483648                                {product} {command line}
   size_t MaxNewSize                               = 715653120                                 {product} {ergonomic}
   size_t MinHeapDeltaBytes                        = 524288                                    {product} {ergonomic}
   size_t MinHeapSize                              = 104857600                                 {product} {command line}
   size_t NewSize                                  = 34603008                                  {product} {ergonomic}
    uintx NonNMethodCodeHeapSize                   = 5839372                                {pd product} {ergonomic}
    uintx NonProfiledCodeHeapSize                  = 122909434                              {pd product} {ergonomic}
   size_t OldSize                                  = 70254592                                  {product} {ergonomic}
    uintx ProfiledCodeHeapSize                     = 122909434                              {pd product} {ergonomic}
    uintx ReservedCodeCacheSize                    = 251658240                              {pd product} {ergonomic}
     bool SegmentedCodeCache                       = true                                      {product} {ergonomic}
   size_t SoftMaxHeapSize                          = 2147483648                             {manageable} {ergonomic}
     bool UseCompressedOops                        = true                           {product lp64_product} {ergonomic}
     bool UseLargePagesIndividualAllocation        = false                                  {pd product} {ergonomic}
     bool UseParallelGC                            = true                                      {product} {command line}

Logging:
Log output configuration:
 #0: stdout all=off uptime,level,tags foldmultilines=false
 #1: stderr all=off uptime,level,tags foldmultilines=false

Environment Variables:
JAVA_HOME=C:\Program Files\Java\jdk-17.0.12
PATH=C:\Program Files\Amazon Corretto\jdk17.0.14_7\bin;C:\Program Files\Common Files\Oracle\Java\javapath;C:\Program Files\Java\jdk-11\bin;C:\Python312\Scripts\;C:\Python312\;C:\WINDOWS\system32;C:\WINDOWS;C:\WINDOWS\System32\Wbem;C:\WINDOWS\System32\WindowsPowerShell\v1.0\;C:\WINDOWS\System32\OpenSSH\;C:\ProgramData\chocolatey\bin;C:\Program Files\Git\cmd;C:\Program Files\Java\jdk-17.0.12\bin;C:\adb;C:\Users\sonal\AppData\Local\Android\Sdk;C:\Users\sonal\AppData\Local\Android\Sdk\platform-tools;C:\Users\sonal\AppData\Local\Android\Sdk\tools;C:\Users\sonal\AppData\Local\nvm;C:\nvm4w\nodejs;C:\Program Files\PostgreSQL\18\bin;C:\Program Files\MySQL\MySQL Shell 8.0\bin;C:\Program Files\MySQL\MySQL Shell 8.0\bin\;C:\Program Files\Java\jdk-17.0.12\bin;C:\Program Files\Amazon Corretto\jdk17.0.14_7\bin;C:\Program Files\Common Files\Oracle\Java\javapath;C:\Program Files\Java\jdk-11\bin;C:\Python312\Scripts\;C:\Python312\;C:\WINDOWS\system32;C:\WINDOWS;C:\WINDOWS\System32\Wbem;C:\WINDOWS\System32\WindowsPowerShell\v1.0\;C:\WINDOWS\System32\OpenSSH\;C:\ProgramData\chocolatey\bin;C:\Program Files\Git\cmd;C:\Program Files\Java\jdk-17.0.12\bin;C:\adb;C:\Users\sonal\AppData\Local\Android\Sdk;C:\Users\sonal\AppData\Local\Android\Sdk\platform-tools;C:\Users\sonal\AppData\Local\Android\Sdk\tools;C:\Users\sonal\AppData\Local\nvm;C:\nvm4w\nodejs;C:\Program Files\PostgreSQL\18\bin;C:\Program Files\MySQL\MySQL Shell 8.0\bin;;C:\Users\sonal\AppData\Local\Programs\Microsoft VS Code\bin;C:\Users\sonal\AppData\Local\nvm;C:\nvm4w\nodejs;C:\Users\sonal\AppData\Local\GitHubDesktop\bin
USERNAME=Sonal Singh
OS=Windows_NT
PROCESSOR_IDENTIFIER=Intel64 Family 6 Model 142 Stepping 12, GenuineIntel
TMP=C:\Users\sonal\AppData\Local\Temp
TEMP=C:\Users\sonal\AppData\Local\Temp




Periodic native trim disabled

---------------  S Y S T E M  ---------------

OS:
 Windows 11 , 64 bit Build 26100 (10.0.26100.5074)
OS uptime: 4 days 14:20 hours
Hyper-V role detected

CPU: total 8 (initial active 8) (4 cores per cpu, 2 threads per core) family 6 model 142 stepping 12 microcode 0xea, cx8, cmov, fxsr, ht, mmx, 3dnowpref, sse, sse2, sse3, ssse3, sse4.1, sse4.2, popcnt, lzcnt, tsc, tscinvbit, avx, avx2, aes, erms, clmul, bmi1, bmi2, adx, fma, vzeroupper, clflush, clflushopt, hv, rdtscp, f16c
Processor Information for the first 8 processors :
  Max Mhz: 2112, Current Mhz: 1609, Mhz Limit: 1605

Memory: 4k page, system-wide physical 7995M (679M free)
TotalPageFile size 31812M (AvailPageFile size 5M)
current process WorkingSet (physical memory assigned to process): 208M, peak: 208M
current process commit charge ("private bytes"): 314M, peak: 317M

vm_info: OpenJDK 64-Bit Server VM (21.0.8+9-LTS) for windows-amd64 JRE (21.0.8+9-LTS), built on 2025-07-15T00:00:00Z by "admin" with MS VC++ 17.7 (VS2022)

END.
