#
# There is insufficient memory for the Java Runtime Environment to continue.
# Native memory allocation (malloc) failed to allocate 2336944 bytes. Error detail: Chunk::new
# Possible reasons:
#   The system is out of physical RAM or swap space
#   This process is running with CompressedOops enabled, and the Java Heap may be blocking the growth of the native heap
# Possible solutions:
#   Reduce memory load on the system
#   Increase physical memory or swap space
#   Check if swap backing store is full
#   Decrease Java heap size (-Xmx/-Xms)
#   Decrease number of Java threads
#   Decrease Java thread stack sizes (-Xss)
#   Set larger code cache with -XX:ReservedCodeCacheSize=
#   JVM is running with Unscaled Compressed Oops mode in which the Java heap is
#     placed in the first 4GB address space. The Java Heap base address is the
#     maximum limit for the native heap growth. Please use -XX:HeapBaseMinAddress
#     to set the Java Heap base and to place the Java Heap above 4GB virtual address.
# This output file may be truncated or incomplete.
#
#  Out of Memory Error (arena.cpp:168), pid=18176, tid=24360
#
# JRE version: OpenJDK Runtime Environment Temurin-21.0.8+9 (21.0.8+9) (build 21.0.8+9-LTS)
# Java VM: OpenJDK 64-Bit Server VM Temurin-21.0.8+9 (21.0.8+9-LTS, mixed mode, sharing, tiered, compressed oops, compressed class ptrs, parallel gc, windows-amd64)
# No core dump will be written. Minidumps are not enabled by default on client versions of Windows
#

---------------  S U M M A R Y ------------

Command Line: --add-modules=ALL-SYSTEM --add-opens=java.base/java.util=ALL-UNNAMED --add-opens=java.base/java.lang=ALL-UNNAMED --add-opens=java.base/sun.nio.fs=ALL-UNNAMED -Declipse.application=org.eclipse.jdt.ls.core.id1 -Dosgi.bundles.defaultStartLevel=4 -Declipse.product=org.eclipse.jdt.ls.core.product -Djava.import.generatesMetadataFilesAtProjectRoot=false -DDetectVMInstallationsJob.disabled=true -Dfile.encoding=utf8 -XX:+UseParallelGC -XX:GCTimeRatio=4 -XX:AdaptiveSizePolicyWeight=90 -Dsun.zip.disableMemoryMapping=true -Xmx2G -Xms100m -Xlog:disable -javaagent:c:\Users\sonal\.vscode\extensions\redhat.java-1.45.0-win32-x64\lombok\lombok-1.18.39-4050.jar -XX:+HeapDumpOnOutOfMemoryError -XX:HeapDumpPath=c:\Users\sonal\AppData\Roaming\Code\User\workspaceStorage\2867b351bed66f009d29e0a601d37d45\redhat.java -Daether.dependencyCollector.impl=bf c:\Users\sonal\.vscode\extensions\redhat.java-1.45.0-win32-x64\server\plugins\org.eclipse.equinox.launcher_1.7.0.v20250519-0528.jar -configuration c:\Users\sonal\AppData\Roaming\Code\User\globalStorage\redhat.java\1.45.0\config_win -data c:\Users\sonal\AppData\Roaming\Code\User\workspaceStorage\2867b351bed66f009d29e0a601d37d45\redhat.java\jdt_ws --pipe=\\.\pipe\lsp-c2697f6fe17e654a9e4bd9ed59bcac63-sock

Host: Intel(R) Core(TM) i5-10210U CPU @ 1.60GHz, 8 cores, 7G,  Windows 11 , 64 bit Build 26100 (10.0.26100.5074)
Time: Tue Sep 23 04:37:06 2025 India Standard Time elapsed time: 64.445943 seconds (0d 0h 1m 4s)

---------------  T H R E A D  ---------------

Current thread (0x0000023a844dab00):  JavaThread "C2 CompilerThread1" daemon [_thread_in_native, id=24360, stack(0x0000008e40c00000,0x0000008e40d00000) (1024K)]


Current CompileTask:
C2:64446 10510   !   4       org.eclipse.jdt.internal.core.search.indexing.BinaryIndexer::indexDocument (1168 bytes)

Stack: [0x0000008e40c00000,0x0000008e40d00000]
Native frames: (J=compiled Java code, j=interpreted, Vv=VM code, C=native code)
V  [jvm.dll+0x6d2449]
V  [jvm.dll+0x8ae341]
V  [jvm.dll+0x8b08be]
V  [jvm.dll+0x8b0fa3]
V  [jvm.dll+0x280c96]
V  [jvm.dll+0xc581d]
V  [jvm.dll+0xc5d53]
V  [jvm.dll+0x3b919c]
V  [jvm.dll+0x1e1409]
V  [jvm.dll+0x249022]
V  [jvm.dll+0x2484af]
V  [jvm.dll+0x1c89ee]
V  [jvm.dll+0x257d4d]
V  [jvm.dll+0x2562ea]
V  [jvm.dll+0x3f2d16]
V  [jvm.dll+0x857e6b]
V  [jvm.dll+0x6d0b0d]
C  [ucrtbase.dll+0x37b0]
C  [KERNEL32.DLL+0x2e8d7]
C  [ntdll.dll+0x8d9c]


---------------  P R O C E S S  ---------------

Threads class SMR info:
_java_thread_list=0x0000023a850b9d40, length=46, elements={
0x0000023aa192bac0, 0x0000023aba600d10, 0x0000023aba603140, 0x0000023aba6096d0,
0x0000023aba60a320, 0x0000023aba60c5e0, 0x0000023aba612970, 0x0000023aba621eb0,
0x0000023aba624560, 0x0000023afcf98eb0, 0x0000023afcf98820, 0x0000023afcf99bd0,
0x0000023afcf9a8f0, 0x0000023afcf99540, 0x0000023afcf9a260, 0x0000023afcf98190,
0x0000023afcf9af80, 0x0000023afd657530, 0x0000023afd657bc0, 0x0000023afd658250,
0x0000023afd658f70, 0x0000023afd655af0, 0x0000023afd659600, 0x0000023afd659c90,
0x0000023afd656810, 0x0000023afd65bd60, 0x0000023afd65a320, 0x0000023afd65c3f0,
0x0000023afd65a9b0, 0x0000023afd65d110, 0x0000023afd65b040, 0x0000023afd65ca80,
0x0000023a850e1b50, 0x0000023a850e4940, 0x0000023a850e2f00, 0x0000023a850e2870,
0x0000023a850e3590, 0x0000023a850e42b0, 0x0000023a850e14c0, 0x0000023a850e4fd0,
0x0000023a850e3c20, 0x0000023a850e5660, 0x0000023a850e21e0, 0x0000023a850e6380,
0x0000023a850e7dc0, 0x0000023a844dab00
}

Java Threads: ( => current thread )
  0x0000023aa192bac0 JavaThread "main"                              [_thread_blocked, id=26472, stack(0x0000008e40d00000,0x0000008e40e00000) (1024K)]
  0x0000023aba600d10 JavaThread "Reference Handler"          daemon [_thread_blocked, id=28520, stack(0x0000008e41100000,0x0000008e41200000) (1024K)]
  0x0000023aba603140 JavaThread "Finalizer"                  daemon [_thread_blocked, id=20884, stack(0x0000008e41200000,0x0000008e41300000) (1024K)]
  0x0000023aba6096d0 JavaThread "Signal Dispatcher"          daemon [_thread_blocked, id=9828, stack(0x0000008e41300000,0x0000008e41400000) (1024K)]
  0x0000023aba60a320 JavaThread "Attach Listener"            daemon [_thread_blocked, id=22332, stack(0x0000008e41400000,0x0000008e41500000) (1024K)]
  0x0000023aba60c5e0 JavaThread "Service Thread"             daemon [_thread_blocked, id=24744, stack(0x0000008e41500000,0x0000008e41600000) (1024K)]
  0x0000023aba612970 JavaThread "Monitor Deflation Thread"   daemon [_thread_blocked, id=20976, stack(0x0000008e41600000,0x0000008e41700000) (1024K)]
  0x0000023aba621eb0 JavaThread "C2 CompilerThread0"         daemon [_thread_blocked, id=27140, stack(0x0000008e41700000,0x0000008e41800000) (1024K)]
  0x0000023aba624560 JavaThread "C1 CompilerThread0"         daemon [_thread_blocked, id=9680, stack(0x0000008e41800000,0x0000008e41900000) (1024K)]
  0x0000023afcf98eb0 JavaThread "Common-Cleaner"             daemon [_thread_blocked, id=27988, stack(0x0000008e41900000,0x0000008e41a00000) (1024K)]
  0x0000023afcf98820 JavaThread "Notification Thread"        daemon [_thread_blocked, id=22760, stack(0x0000008e41b00000,0x0000008e41c00000) (1024K)]
  0x0000023afcf99bd0 JavaThread "Active Thread: Equinox Container: 5b1daccf-89a6-4419-9e92-a7cfc534e383"        [_thread_blocked, id=27764, stack(0x0000008e42200000,0x0000008e42300000) (1024K)]
  0x0000023afcf9a8f0 JavaThread "Refresh Thread: Equinox Container: 5b1daccf-89a6-4419-9e92-a7cfc534e383" daemon [_thread_blocked, id=26204, stack(0x0000008e41a00000,0x0000008e41b00000) (1024K)]
  0x0000023afcf99540 JavaThread "Framework Event Dispatcher: Equinox Container: 5b1daccf-89a6-4419-9e92-a7cfc534e383" daemon [_thread_blocked, id=12164, stack(0x0000008e42400000,0x0000008e42500000) (1024K)]
  0x0000023afcf9a260 JavaThread "Start Level: Equinox Container: 5b1daccf-89a6-4419-9e92-a7cfc534e383" daemon [_thread_blocked, id=30564, stack(0x0000008e42500000,0x0000008e42600000) (1024K)]
  0x0000023afcf98190 JavaThread "Bundle File Closer"         daemon [_thread_blocked, id=29836, stack(0x0000008e42700000,0x0000008e42800000) (1024K)]
  0x0000023afcf9af80 JavaThread "SCR Component Actor"        daemon [_thread_blocked, id=28048, stack(0x0000008e42600000,0x0000008e42700000) (1024K)]
  0x0000023afd657530 JavaThread "Worker-JM"                         [_thread_blocked, id=29412, stack(0x0000008e42a00000,0x0000008e42b00000) (1024K)]
  0x0000023afd657bc0 JavaThread "JNA Cleaner"                daemon [_thread_blocked, id=16256, stack(0x0000008e42900000,0x0000008e42a00000) (1024K)]
  0x0000023afd658250 JavaThread "Worker-0: Java indexing... "        [_thread_blocked, id=25840, stack(0x0000008e42b00000,0x0000008e42c00000) (1024K)]
  0x0000023afd658f70 JavaThread "Worker-1: Refreshing workspace"        [_thread_blocked, id=30148, stack(0x0000008e42c00000,0x0000008e42d00000) (1024K)]
  0x0000023afd655af0 JavaThread "Worker-2"                          [_thread_blocked, id=8092, stack(0x0000008e42e00000,0x0000008e42f00000) (1024K)]
  0x0000023afd659600 JavaThread "Worker-3: Initialize workspace"        [_thread_blocked, id=30228, stack(0x0000008e42f00000,0x0000008e43000000) (1024K)]
  0x0000023afd659c90 JavaThread "Worker-4"                          [_thread_blocked, id=29176, stack(0x0000008e43000000,0x0000008e43100000) (1024K)]
  0x0000023afd656810 JavaThread "Java indexing"              daemon [_thread_blocked, id=19872, stack(0x0000008e43100000,0x0000008e43200000) (1024K)]
  0x0000023afd65bd60 JavaThread "Worker-5"                          [_thread_blocked, id=12572, stack(0x0000008e43400000,0x0000008e43500000) (1024K)]
  0x0000023afd65a320 JavaThread "Worker-6"                          [_thread_blocked, id=29640, stack(0x0000008e43500000,0x0000008e43600000) (1024K)]
  0x0000023afd65c3f0 JavaThread "Thread-2"                   daemon [_thread_in_native, id=23788, stack(0x0000008e43600000,0x0000008e43700000) (1024K)]
  0x0000023afd65a9b0 JavaThread "Thread-3"                   daemon [_thread_in_native, id=5880, stack(0x0000008e43700000,0x0000008e43800000) (1024K)]
  0x0000023afd65d110 JavaThread "Thread-4"                   daemon [_thread_in_native, id=3944, stack(0x0000008e43800000,0x0000008e43900000) (1024K)]
  0x0000023afd65b040 JavaThread "Thread-5"                   daemon [_thread_in_native, id=29952, stack(0x0000008e43900000,0x0000008e43a00000) (1024K)]
  0x0000023afd65ca80 JavaThread "Thread-6"                   daemon [_thread_in_native, id=12248, stack(0x0000008e43a00000,0x0000008e43b00000) (1024K)]
  0x0000023a850e1b50 JavaThread "Thread-7"                   daemon [_thread_in_native, id=29636, stack(0x0000008e43b00000,0x0000008e43c00000) (1024K)]
  0x0000023a850e4940 JavaThread "Thread-8"                   daemon [_thread_in_native, id=23008, stack(0x0000008e43c00000,0x0000008e43d00000) (1024K)]
  0x0000023a850e2f00 JavaThread "Thread-9"                   daemon [_thread_in_native, id=27068, stack(0x0000008e43d00000,0x0000008e43e00000) (1024K)]
  0x0000023a850e2870 JavaThread "Thread-10"                  daemon [_thread_in_native, id=3244, stack(0x0000008e43e00000,0x0000008e43f00000) (1024K)]
  0x0000023a850e3590 JavaThread "pool-2-thread-1"                   [_thread_blocked, id=27380, stack(0x0000008e43f00000,0x0000008e44000000) (1024K)]
  0x0000023a850e42b0 JavaThread "Worker-7: Synchronize Gradle projects with workspace"        [_thread_blocked, id=16268, stack(0x0000008e44000000,0x0000008e44100000) (1024K)]
  0x0000023a850e14c0 JavaThread "WorkspaceEventsHandler"            [_thread_blocked, id=19452, stack(0x0000008e44200000,0x0000008e44300000) (1024K)]
  0x0000023a850e4fd0 JavaThread "pool-1-thread-1"                   [_thread_blocked, id=28072, stack(0x0000008e44300000,0x0000008e44400000) (1024K)]
  0x0000023a850e3c20 JavaThread "Keep-Alive-Timer"           daemon [_thread_blocked, id=10344, stack(0x0000008e44400000,0x0000008e44500000) (1024K)]
  0x0000023a850e5660 JavaThread "Timer-0"                           [_thread_blocked, id=15432, stack(0x0000008e42800000,0x0000008e42900000) (1024K)]
  0x0000023a850e21e0 JavaThread "Timer-1"                           [_thread_blocked, id=27052, stack(0x0000008e44500000,0x0000008e44600000) (1024K)]
  0x0000023a850e6380 JavaThread "Timer-2"                           [_thread_blocked, id=12728, stack(0x0000008e44700000,0x0000008e44800000) (1024K)]
  0x0000023a850e7dc0 JavaThread "Timer-3"                           [_thread_blocked, id=21304, stack(0x0000008e44600000,0x0000008e44700000) (1024K)]
=>0x0000023a844dab00 JavaThread "C2 CompilerThread1"         daemon [_thread_in_native, id=24360, stack(0x0000008e40c00000,0x0000008e40d00000) (1024K)]
Total: 46

Other Threads:
  0x0000023aba5e1490 VMThread "VM Thread"                           [id=17180, stack(0x0000008e41000000,0x0000008e41100000) (1024K)]
  0x0000023aba51ca00 WatcherThread "VM Periodic Task Thread"        [id=20404, stack(0x0000008e40f00000,0x0000008e41000000) (1024K)]
  0x0000023aa3bbd6d0 WorkerThread "GC Thread#0"                     [id=16164, stack(0x0000008e40e00000,0x0000008e40f00000) (1024K)]
  0x0000023afd631b00 WorkerThread "GC Thread#1"                     [id=29792, stack(0x0000008e41c00000,0x0000008e41d00000) (1024K)]
  0x0000023afd631760 WorkerThread "GC Thread#2"                     [id=4668, stack(0x0000008e41d00000,0x0000008e41e00000) (1024K)]
  0x0000023afd632240 WorkerThread "GC Thread#3"                     [id=27952, stack(0x0000008e41e00000,0x0000008e41f00000) (1024K)]
  0x0000023afd631ea0 WorkerThread "GC Thread#4"                     [id=26708, stack(0x0000008e41f00000,0x0000008e42000000) (1024K)]
  0x0000023afd632980 WorkerThread "GC Thread#5"                     [id=27456, stack(0x0000008e42000000,0x0000008e42100000) (1024K)]
  0x0000023afd632d20 WorkerThread "GC Thread#6"                     [id=17592, stack(0x0000008e42100000,0x0000008e42200000) (1024K)]
  0x0000023afd6330c0 WorkerThread "GC Thread#7"                     [id=18544, stack(0x0000008e42300000,0x0000008e42400000) (1024K)]
Total: 10

Threads with active compile tasks:
C2 CompilerThread0  64513 10575       4       java.util.Collections$UnmodifiableMap::hashCode (10 bytes)
C2 CompilerThread1  64513 10510   !   4       org.eclipse.jdt.internal.core.search.indexing.BinaryIndexer::indexDocument (1168 bytes)
Total: 2

VM state: at safepoint (normal execution)

VM Mutex/Monitor currently owned by a thread:  ([mutex/lock_event])
[0x00007ff974b75458] Threads_lock - owner thread: 0x0000023aba5e1490
[0x00007ff974b75558] Heap_lock - owner thread: 0x0000023afd656810
[0x00007ff974b759d8] PSOldGenExpand_lock - owner thread: 0x0000023afd631760

Heap address: 0x0000000080000000, size: 2048 MB, Compressed Oops mode: 32-bit

CDS archive(s) mapped at: [0x0000023abb000000-0x0000023abbba0000-0x0000023abbba0000), size 12189696, SharedBaseAddress: 0x0000023abb000000, ArchiveRelocationMode: 1.
Compressed class space mapped at: 0x0000023abc000000-0x0000023afc000000, reserved size: 1073741824
Narrow klass base: 0x0000023abb000000, Narrow klass shift: 0, Narrow klass range: 0x100000000

GC Precious Log:
 CardTable entry size: 512
 CPUs: 8 total, 8 available
 Memory: 7995M
 Large Page Support: Disabled
 NUMA Support: Disabled
 Compressed Oops: Enabled (32-bit)
 Alignments: Space 512K, Generation 512K, Heap 2M
 Heap Min Capacity: 100M
 Heap Initial Capacity: 100M
 Heap Max Capacity: 2G
 Pre-touch: Disabled
 Parallel Workers: 8

Heap:
 PSYoungGen      total 5632K, used 5248K [0x00000000d5580000, 0x00000000d5c80000, 0x0000000100000000)
  eden space 4096K, 100% used [0x00000000d5580000,0x00000000d5980000,0x00000000d5980000)
  from space 1536K, 75% used [0x00000000d5b00000,0x00000000d5c20000,0x00000000d5c80000)
  to   space 1536K, 69% used [0x00000000d5980000,0x00000000d5a8bf18,0x00000000d5b00000)
 ParOldGen       total 382976K, used 382723K [0x0000000080000000, 0x0000000097600000, 0x00000000d5580000)
  object space 382976K, 99% used [0x0000000080000000,0x00000000975c0ee8,0x0000000097600000)
 Metaspace       used 64736K, committed 66176K, reserved 1114112K
  class space    used 7516K, committed 8128K, reserved 1048576K

Card table byte_map: [0x0000023aa3560000,0x0000023aa3970000] _byte_map_base: 0x0000023aa3160000

Marking Bits: (ParMarkBitMap*) 0x00007ff974b7a340
 Begin Bits: [0x0000023ab6040000, 0x0000023ab8040000)
 End Bits:   [0x0000023ab8040000, 0x0000023aba040000)

Polling page: 0x0000023aa1a80000

Metaspace:

Usage:
  Non-class:     55.88 MB used.
      Class:      7.34 MB used.
       Both:     63.22 MB used.

Virtual space:
  Non-class space:       64.00 MB reserved,      56.69 MB ( 89%) committed,  1 nodes.
      Class space:        1.00 GB reserved,       7.94 MB ( <1%) committed,  1 nodes.
             Both:        1.06 GB reserved,      64.62 MB (  6%) committed. 

Chunk freelists:
   Non-Class:  7.28 MB
       Class:  8.00 MB
        Both:  15.28 MB

MaxMetaspaceSize: unlimited
CompressedClassSpaceSize: 1.00 GB
Initial GC threshold: 21.00 MB
Current GC threshold: 97.31 MB
CDS: on
 - commit_granule_bytes: 65536.
 - commit_granule_words: 8192.
 - virtual_space_node_default_size: 8388608.
 - enlarge_chunks_in_place: 1.
 - use_allocation_guard: 0.


Internal statistics:

num_allocs_failed_limit: 9.
num_arena_births: 1092.
num_arena_deaths: 26.
num_vsnodes_births: 2.
num_vsnodes_deaths: 0.
num_space_committed: 1034.
num_space_uncommitted: 0.
num_chunks_returned_to_freelist: 39.
num_chunks_taken_from_freelist: 3935.
num_chunk_merges: 10.
num_chunk_splits: 2383.
num_chunks_enlarged: 1328.
num_inconsistent_stats: 0.

CodeHeap 'non-profiled nmethods': size=120000Kb used=6632Kb max_used=6632Kb free=113367Kb
 bounds [0x0000023aae860000, 0x0000023aaeee0000, 0x0000023ab5d90000]
CodeHeap 'profiled nmethods': size=120000Kb used=18801Kb max_used=18801Kb free=101198Kb
 bounds [0x0000023aa6d90000, 0x0000023aa7ff0000, 0x0000023aae2c0000]
CodeHeap 'non-nmethods': size=5760Kb used=1444Kb max_used=1538Kb free=4315Kb
 bounds [0x0000023aae2c0000, 0x0000023aae530000, 0x0000023aae860000]
CodeCache: size=245760Kb, used=26877Kb, max_used=26971Kb, free=218880Kb
 total_blobs=10372, nmethods=9617, adapters=661, full_count=0
Compilation: enabled, stopped_count=0, restarted_count=0

Compilation events (20 events):
Event: 63.922 Thread 0x0000023aba621eb0 nmethod 10565 0x0000023aaeecd690 code [0x0000023aaeecdba0, 0x0000023aaeecfbc0]
Event: 63.923 Thread 0x0000023aba621eb0 10526 %     4       org.eclipse.jdt.internal.core.index.DiskIndex::writeAllDocumentNames @ 300 (512 bytes)
Event: 64.088 Thread 0x0000023aba621eb0 nmethod 10526% 0x0000023aaeed1510 code [0x0000023aaeed1860, 0x0000023aaeed3ea0]
Event: 64.088 Thread 0x0000023aba621eb0 10540       4       org.eclipse.jdt.internal.core.index.DiskIndex$IntList::add (67 bytes)
Event: 64.095 Thread 0x0000023aba621eb0 nmethod 10540 0x0000023aaeed5810 code [0x0000023aaeed59a0, 0x0000023aaeed5cd0]
Event: 64.095 Thread 0x0000023aba621eb0 10518 %     4       org.eclipse.jdt.internal.core.index.DiskIndex::computeDocumentNames @ 152 (607 bytes)
Event: 64.102 Thread 0x0000023aba621eb0 nmethod 10518% 0x0000023aaeed5e10 code [0x0000023aaeed5fc0, 0x0000023aaeed6290]
Event: 64.102 Thread 0x0000023aba621eb0 10532       4       org.eclipse.jdt.core.compiler.CharOperation::hashCode (11 bytes)
Event: 64.104 Thread 0x0000023aba621eb0 nmethod 10532 0x0000023aaeed6490 code [0x0000023aaeed6640, 0x0000023aaeed6900]
Event: 64.104 Thread 0x0000023aba621eb0 10568       4       java.io.DataOutputStream::incCount (20 bytes)
Event: 64.105 Thread 0x0000023aba621eb0 nmethod 10568 0x0000023aaeed6a10 code [0x0000023aaeed6ba0, 0x0000023aaeed6c50]
Event: 64.105 Thread 0x0000023aba621eb0 10567       4       jdk.internal.util.ByteArray::setInt (10 bytes)
Event: 64.107 Thread 0x0000023aba621eb0 nmethod 10567 0x0000023aaeed6d10 code [0x0000023aaeed6ea0, 0x0000023aaeed6f80]
Event: 64.107 Thread 0x0000023aba621eb0 10579       4       java.util.ArrayList::<init> (65 bytes)
Event: 64.111 Thread 0x0000023aba621eb0 nmethod 10579 0x0000023aaeed7110 code [0x0000023aaeed72c0, 0x0000023aaeed7508]
Event: 64.111 Thread 0x0000023aba621eb0 10570       4       java.util.ArrayList::hashCode (22 bytes)
Event: 64.121 Thread 0x0000023aba621eb0 nmethod 10570 0x0000023aaeed7690 code [0x0000023aaeed7880, 0x0000023aaeed7ec0]
Event: 64.122 Thread 0x0000023aba621eb0 10527       4       org.eclipse.jdt.internal.core.index.DiskIndex::writeStreamChars (220 bytes)
Event: 64.141 Thread 0x0000023aba621eb0 nmethod 10527 0x0000023aaeed8210 code [0x0000023aaeed83e0, 0x0000023aaeed8960]
Event: 64.141 Thread 0x0000023aba621eb0 10572       4       org.eclipse.osgi.container.ModuleDatabase$Persistence::addToWriteTable (77 bytes)

GC Heap History (20 events):
Event: 63.878 GC heap after
{Heap after GC invocations=445 (full 3):
 PSYoungGen      total 3072K, used 576K [0x00000000d5580000, 0x00000000d5b80000, 0x0000000100000000)
  eden space 2048K, 0% used [0x00000000d5580000,0x00000000d5580000,0x00000000d5780000)
  from space 1024K, 56% used [0x00000000d5a80000,0x00000000d5b10000,0x00000000d5b80000)
  to   space 1024K, 0% used [0x00000000d5980000,0x00000000d5980000,0x00000000d5a80000)
 ParOldGen       total 375296K, used 375059K [0x0000000080000000, 0x0000000096e80000, 0x00000000d5580000)
  object space 375296K, 99% used [0x0000000080000000,0x0000000096e44e88,0x0000000096e80000)
 Metaspace       used 64736K, committed 66176K, reserved 1114112K
  class space    used 7516K, committed 8128K, reserved 1048576K
}
Event: 63.887 GC heap before
{Heap before GC invocations=446 (full 3):
 PSYoungGen      total 3072K, used 2624K [0x00000000d5580000, 0x00000000d5b80000, 0x0000000100000000)
  eden space 2048K, 100% used [0x00000000d5580000,0x00000000d5780000,0x00000000d5780000)
  from space 1024K, 56% used [0x00000000d5a80000,0x00000000d5b10000,0x00000000d5b80000)
  to   space 1024K, 0% used [0x00000000d5980000,0x00000000d5980000,0x00000000d5a80000)
 ParOldGen       total 375296K, used 375059K [0x0000000080000000, 0x0000000096e80000, 0x00000000d5580000)
  object space 375296K, 99% used [0x0000000080000000,0x0000000096e44e88,0x0000000096e80000)
 Metaspace       used 64736K, committed 66176K, reserved 1114112K
  class space    used 7516K, committed 8128K, reserved 1048576K
}
Event: 63.892 GC heap after
{Heap after GC invocations=446 (full 3):
 PSYoungGen      total 3584K, used 1012K [0x00000000d5580000, 0x00000000d5c00000, 0x0000000100000000)
  eden space 2560K, 0% used [0x00000000d5580000,0x00000000d5580000,0x00000000d5800000)
  from space 1024K, 98% used [0x00000000d5980000,0x00000000d5a7d000,0x00000000d5a80000)
  to   space 1536K, 0% used [0x00000000d5a80000,0x00000000d5a80000,0x00000000d5c00000)
 ParOldGen       total 375808K, used 375519K [0x0000000080000000, 0x0000000096f00000, 0x00000000d5580000)
  object space 375808K, 99% used [0x0000000080000000,0x0000000096eb7e80,0x0000000096f00000)
 Metaspace       used 64736K, committed 66176K, reserved 1114112K
  class space    used 7516K, committed 8128K, reserved 1048576K
}
Event: 63.911 GC heap before
{Heap before GC invocations=447 (full 3):
 PSYoungGen      total 3584K, used 3572K [0x00000000d5580000, 0x00000000d5c00000, 0x0000000100000000)
  eden space 2560K, 100% used [0x00000000d5580000,0x00000000d5800000,0x00000000d5800000)
  from space 1024K, 98% used [0x00000000d5980000,0x00000000d5a7d000,0x00000000d5a80000)
  to   space 1536K, 0% used [0x00000000d5a80000,0x00000000d5a80000,0x00000000d5c00000)
 ParOldGen       total 375808K, used 375519K [0x0000000080000000, 0x0000000096f00000, 0x00000000d5580000)
  object space 375808K, 99% used [0x0000000080000000,0x0000000096eb7e80,0x0000000096f00000)
 Metaspace       used 64736K, committed 66176K, reserved 1114112K
  class space    used 7516K, committed 8128K, reserved 1048576K
}
Event: 63.915 GC heap after
{Heap after GC invocations=447 (full 3):
 PSYoungGen      total 4608K, used 1040K [0x00000000d5580000, 0x00000000d5c00000, 0x0000000100000000)
  eden space 3072K, 0% used [0x00000000d5580000,0x00000000d5580000,0x00000000d5880000)
  from space 1536K, 67% used [0x00000000d5a80000,0x00000000d5b84000,0x00000000d5c00000)
  to   space 1536K, 0% used [0x00000000d5900000,0x00000000d5900000,0x00000000d5a80000)
 ParOldGen       total 376832K, used 376458K [0x0000000080000000, 0x0000000097000000, 0x00000000d5580000)
  object space 376832K, 99% used [0x0000000080000000,0x0000000096fa2928,0x0000000097000000)
 Metaspace       used 64736K, committed 66176K, reserved 1114112K
  class space    used 7516K, committed 8128K, reserved 1048576K
}
Event: 63.944 GC heap before
{Heap before GC invocations=448 (full 3):
 PSYoungGen      total 4608K, used 4111K [0x00000000d5580000, 0x00000000d5c00000, 0x0000000100000000)
  eden space 3072K, 99% used [0x00000000d5580000,0x00000000d587ff78,0x00000000d5880000)
  from space 1536K, 67% used [0x00000000d5a80000,0x00000000d5b84000,0x00000000d5c00000)
  to   space 1536K, 0% used [0x00000000d5900000,0x00000000d5900000,0x00000000d5a80000)
 ParOldGen       total 376832K, used 376458K [0x0000000080000000, 0x0000000097000000, 0x00000000d5580000)
  object space 376832K, 99% used [0x0000000080000000,0x0000000096fa2928,0x0000000097000000)
 Metaspace       used 64736K, committed 66176K, reserved 1114112K
  class space    used 7516K, committed 8128K, reserved 1048576K
}
Event: 63.950 GC heap after
{Heap after GC invocations=448 (full 3):
 PSYoungGen      total 4608K, used 1031K [0x00000000d5580000, 0x00000000d5b80000, 0x0000000100000000)
  eden space 3072K, 0% used [0x00000000d5580000,0x00000000d5580000,0x00000000d5880000)
  from space 1536K, 67% used [0x00000000d5900000,0x00000000d5a01fa0,0x00000000d5a80000)
  to   space 1024K, 0% used [0x00000000d5a80000,0x00000000d5a80000,0x00000000d5b80000)
 ParOldGen       total 377344K, used 377186K [0x0000000080000000, 0x0000000097080000, 0x00000000d5580000)
  object space 377344K, 99% used [0x0000000080000000,0x0000000097058928,0x0000000097080000)
 Metaspace       used 64736K, committed 66176K, reserved 1114112K
  class space    used 7516K, committed 8128K, reserved 1048576K
}
Event: 63.970 GC heap before
{Heap before GC invocations=449 (full 3):
 PSYoungGen      total 4608K, used 4103K [0x00000000d5580000, 0x00000000d5b80000, 0x0000000100000000)
  eden space 3072K, 100% used [0x00000000d5580000,0x00000000d5880000,0x00000000d5880000)
  from space 1536K, 67% used [0x00000000d5900000,0x00000000d5a01fa0,0x00000000d5a80000)
  to   space 1024K, 0% used [0x00000000d5a80000,0x00000000d5a80000,0x00000000d5b80000)
 ParOldGen       total 377344K, used 377186K [0x0000000080000000, 0x0000000097080000, 0x00000000d5580000)
  object space 377344K, 99% used [0x0000000080000000,0x0000000097058928,0x0000000097080000)
 Metaspace       used 64736K, committed 66176K, reserved 1114112K
  class space    used 7516K, committed 8128K, reserved 1048576K
}
Event: 63.977 GC heap after
{Heap after GC invocations=449 (full 3):
 PSYoungGen      total 5120K, used 672K [0x00000000d5580000, 0x00000000d5b80000, 0x0000000100000000)
  eden space 4096K, 0% used [0x00000000d5580000,0x00000000d5580000,0x00000000d5980000)
  from space 1024K, 65% used [0x00000000d5a80000,0x00000000d5b28000,0x00000000d5b80000)
  to   space 1024K, 0% used [0x00000000d5980000,0x00000000d5980000,0x00000000d5a80000)
 ParOldGen       total 377856K, used 377836K [0x0000000080000000, 0x0000000097100000, 0x00000000d5580000)
  object space 377856K, 99% used [0x0000000080000000,0x00000000970fb340,0x0000000097100000)
 Metaspace       used 64736K, committed 66176K, reserved 1114112K
  class space    used 7516K, committed 8128K, reserved 1048576K
}
Event: 64.013 GC heap before
{Heap before GC invocations=450 (full 3):
 PSYoungGen      total 5120K, used 4768K [0x00000000d5580000, 0x00000000d5b80000, 0x0000000100000000)
  eden space 4096K, 100% used [0x00000000d5580000,0x00000000d5980000,0x00000000d5980000)
  from space 1024K, 65% used [0x00000000d5a80000,0x00000000d5b28000,0x00000000d5b80000)
  to   space 1024K, 0% used [0x00000000d5980000,0x00000000d5980000,0x00000000d5a80000)
 ParOldGen       total 377856K, used 377836K [0x0000000080000000, 0x0000000097100000, 0x00000000d5580000)
  object space 377856K, 99% used [0x0000000080000000,0x00000000970fb340,0x0000000097100000)
 Metaspace       used 64736K, committed 66176K, reserved 1114112K
  class space    used 7516K, committed 8128K, reserved 1048576K
}
Event: 64.019 GC heap after
{Heap after GC invocations=450 (full 3):
 PSYoungGen      total 5120K, used 915K [0x00000000d5580000, 0x00000000d5b80000, 0x0000000100000000)
  eden space 4096K, 0% used [0x00000000d5580000,0x00000000d5580000,0x00000000d5980000)
  from space 1024K, 89% used [0x00000000d5980000,0x00000000d5a64fd0,0x00000000d5a80000)
  to   space 1024K, 0% used [0x00000000d5a80000,0x00000000d5a80000,0x00000000d5b80000)
 ParOldGen       total 378368K, used 378307K [0x0000000080000000, 0x0000000097180000, 0x00000000d5580000)
  object space 378368K, 99% used [0x0000000080000000,0x0000000097170de8,0x0000000097180000)
 Metaspace       used 64736K, committed 66176K, reserved 1114112K
  class space    used 7516K, committed 8128K, reserved 1048576K
}
Event: 64.055 GC heap before
{Heap before GC invocations=451 (full 3):
 PSYoungGen      total 5120K, used 5011K [0x00000000d5580000, 0x00000000d5b80000, 0x0000000100000000)
  eden space 4096K, 99% used [0x00000000d5580000,0x00000000d597fff8,0x00000000d5980000)
  from space 1024K, 89% used [0x00000000d5980000,0x00000000d5a64fd0,0x00000000d5a80000)
  to   space 1024K, 0% used [0x00000000d5a80000,0x00000000d5a80000,0x00000000d5b80000)
 ParOldGen       total 378368K, used 378307K [0x0000000080000000, 0x0000000097180000, 0x00000000d5580000)
  object space 378368K, 99% used [0x0000000080000000,0x0000000097170de8,0x0000000097180000)
 Metaspace       used 64736K, committed 66176K, reserved 1114112K
  class space    used 7516K, committed 8128K, reserved 1048576K
}
Event: 64.063 GC heap after
{Heap after GC invocations=451 (full 3):
 PSYoungGen      total 4096K, used 995K [0x00000000d5580000, 0x00000000d5d80000, 0x0000000100000000)
  eden space 3072K, 0% used [0x00000000d5580000,0x00000000d5580000,0x00000000d5880000)
  from space 1024K, 97% used [0x00000000d5a80000,0x00000000d5b78fd0,0x00000000d5b80000)
  to   space 2048K, 0% used [0x00000000d5880000,0x00000000d5880000,0x00000000d5a80000)
 ParOldGen       total 379392K, used 379052K [0x0000000080000000, 0x0000000097280000, 0x00000000d5580000)
  object space 379392K, 99% used [0x0000000080000000,0x000000009722b308,0x0000000097280000)
 Metaspace       used 64736K, committed 66176K, reserved 1114112K
  class space    used 7516K, committed 8128K, reserved 1048576K
}
Event: 64.089 GC heap before
{Heap before GC invocations=452 (full 3):
 PSYoungGen      total 4096K, used 4067K [0x00000000d5580000, 0x00000000d5d80000, 0x0000000100000000)
  eden space 3072K, 100% used [0x00000000d5580000,0x00000000d5880000,0x00000000d5880000)
  from space 1024K, 97% used [0x00000000d5a80000,0x00000000d5b78fd0,0x00000000d5b80000)
  to   space 2048K, 0% used [0x00000000d5880000,0x00000000d5880000,0x00000000d5a80000)
 ParOldGen       total 379392K, used 379052K [0x0000000080000000, 0x0000000097280000, 0x00000000d5580000)
  object space 379392K, 99% used [0x0000000080000000,0x000000009722b308,0x0000000097280000)
 Metaspace       used 64736K, committed 66176K, reserved 1114112K
  class space    used 7516K, committed 8128K, reserved 1048576K
}
Event: 64.095 GC heap after
{Heap after GC invocations=452 (full 3):
 PSYoungGen      total 4096K, used 823K [0x00000000d5580000, 0x00000000d5b80000, 0x0000000100000000)
  eden space 3072K, 0% used [0x00000000d5580000,0x00000000d5580000,0x00000000d5880000)
  from space 1024K, 80% used [0x00000000d5880000,0x00000000d594de90,0x00000000d5980000)
  to   space 1536K, 0% used [0x00000000d5a00000,0x00000000d5a00000,0x00000000d5b80000)
 ParOldGen       total 380416K, used 379939K [0x0000000080000000, 0x0000000097380000, 0x00000000d5580000)
  object space 380416K, 99% used [0x0000000080000000,0x0000000097308d78,0x0000000097380000)
 Metaspace       used 64736K, committed 66176K, reserved 1114112K
  class space    used 7516K, committed 8128K, reserved 1048576K
}
Event: 64.124 GC heap before
{Heap before GC invocations=453 (full 3):
 PSYoungGen      total 4096K, used 3895K [0x00000000d5580000, 0x00000000d5b80000, 0x0000000100000000)
  eden space 3072K, 100% used [0x00000000d5580000,0x00000000d5880000,0x00000000d5880000)
  from space 1024K, 80% used [0x00000000d5880000,0x00000000d594de90,0x00000000d5980000)
  to   space 1536K, 0% used [0x00000000d5a00000,0x00000000d5a00000,0x00000000d5b80000)
 ParOldGen       total 380416K, used 379939K [0x0000000080000000, 0x0000000097380000, 0x00000000d5580000)
  object space 380416K, 99% used [0x0000000080000000,0x0000000097308d78,0x0000000097380000)
 Metaspace       used 64736K, committed 66176K, reserved 1114112K
  class space    used 7516K, committed 8128K, reserved 1048576K
}
Event: 64.129 GC heap after
{Heap after GC invocations=453 (full 3):
 PSYoungGen      total 4096K, used 983K [0x00000000d5580000, 0x00000000d5b00000, 0x0000000100000000)
  eden space 3072K, 0% used [0x00000000d5580000,0x00000000d5580000,0x00000000d5880000)
  from space 1024K, 96% used [0x00000000d5a00000,0x00000000d5af5fa0,0x00000000d5b00000)
  to   space 1024K, 0% used [0x00000000d5880000,0x00000000d5880000,0x00000000d5980000)
 ParOldGen       total 380928K, used 380495K [0x0000000080000000, 0x0000000097400000, 0x00000000d5580000)
  object space 380928K, 99% used [0x0000000080000000,0x0000000097393c00,0x0000000097400000)
 Metaspace       used 64736K, committed 66176K, reserved 1114112K
  class space    used 7516K, committed 8128K, reserved 1048576K
}
Event: 64.146 GC heap before
{Heap before GC invocations=454 (full 3):
 PSYoungGen      total 4096K, used 3849K [0x00000000d5580000, 0x00000000d5b00000, 0x0000000100000000)
  eden space 3072K, 93% used [0x00000000d5580000,0x00000000d584c488,0x00000000d5880000)
  from space 1024K, 96% used [0x00000000d5a00000,0x00000000d5af5fa0,0x00000000d5b00000)
  to   space 1024K, 0% used [0x00000000d5880000,0x00000000d5880000,0x00000000d5980000)
 ParOldGen       total 380928K, used 380495K [0x0000000080000000, 0x0000000097400000, 0x00000000d5580000)
  object space 380928K, 99% used [0x0000000080000000,0x0000000097393c00,0x0000000097400000)
 Metaspace       used 64736K, committed 66176K, reserved 1114112K
  class space    used 7516K, committed 8128K, reserved 1048576K
}
Event: 64.151 GC heap after
{Heap after GC invocations=454 (full 3):
 PSYoungGen      total 4096K, used 1024K [0x00000000d5580000, 0x00000000d5d80000, 0x0000000100000000)
  eden space 3072K, 0% used [0x00000000d5580000,0x00000000d5580000,0x00000000d5880000)
  from space 1024K, 100% used [0x00000000d5880000,0x00000000d5980000,0x00000000d5980000)
  to   space 2560K, 0% used [0x00000000d5b00000,0x00000000d5b00000,0x00000000d5d80000)
 ParOldGen       total 381952K, used 381631K [0x0000000080000000, 0x0000000097500000, 0x00000000d5580000)
  object space 381952K, 99% used [0x0000000080000000,0x00000000974afef0,0x0000000097500000)
 Metaspace       used 64736K, committed 66176K, reserved 1114112K
  class space    used 7516K, committed 8128K, reserved 1048576K
}
Event: 64.175 GC heap before
{Heap before GC invocations=455 (full 3):
 PSYoungGen      total 4096K, used 4096K [0x00000000d5580000, 0x00000000d5d80000, 0x0000000100000000)
  eden space 3072K, 100% used [0x00000000d5580000,0x00000000d5880000,0x00000000d5880000)
  from space 1024K, 100% used [0x00000000d5880000,0x00000000d5980000,0x00000000d5980000)
  to   space 2560K, 0% used [0x00000000d5b00000,0x00000000d5b00000,0x00000000d5d80000)
 ParOldGen       total 381952K, used 381631K [0x0000000080000000, 0x0000000097500000, 0x00000000d5580000)
  object space 381952K, 99% used [0x0000000080000000,0x00000000974afef0,0x0000000097500000)
 Metaspace       used 64736K, committed 66176K, reserved 1114112K
  class space    used 7516K, committed 8128K, reserved 1048576K
}

Dll operation events (15 events):
Event: 0.207 Loaded shared library c:\Users\sonal\.vscode\extensions\redhat.java-1.45.0-win32-x64\jre\21.0.8-win32-x86_64\bin\java.dll
Event: 0.393 Loaded shared library c:\Users\sonal\.vscode\extensions\redhat.java-1.45.0-win32-x64\jre\21.0.8-win32-x86_64\bin\zip.dll
Event: 0.468 Loaded shared library C:\Users\sonal\.vscode\extensions\redhat.java-1.45.0-win32-x64\jre\21.0.8-win32-x86_64\bin\instrument.dll
Event: 0.481 Loaded shared library C:\Users\sonal\.vscode\extensions\redhat.java-1.45.0-win32-x64\jre\21.0.8-win32-x86_64\bin\net.dll
Event: 0.490 Loaded shared library C:\Users\sonal\.vscode\extensions\redhat.java-1.45.0-win32-x64\jre\21.0.8-win32-x86_64\bin\nio.dll
Event: 0.499 Loaded shared library C:\Users\sonal\.vscode\extensions\redhat.java-1.45.0-win32-x64\jre\21.0.8-win32-x86_64\bin\zip.dll
Event: 0.550 Loaded shared library C:\Users\sonal\.vscode\extensions\redhat.java-1.45.0-win32-x64\jre\21.0.8-win32-x86_64\bin\jimage.dll
Event: 0.780 Loaded shared library c:\Users\sonal\.vscode\extensions\redhat.java-1.45.0-win32-x64\jre\21.0.8-win32-x86_64\bin\verify.dll
Event: 19.196 Loaded shared library C:\Users\sonal\AppData\Roaming\Code\User\globalStorage\redhat.java\1.45.0\config_win\org.eclipse.equinox.launcher\org.eclipse.equinox.launcher.win32.win32.x86_64_1.2.1400.v20250801-0854\eclipse_11916.dll
Event: 41.992 Loaded shared library C:\Users\sonal\AppData\Local\Temp\jna--801715498\jna16147113070769428086.dll
Event: 47.751 Loaded shared library C:\Users\sonal\.vscode\extensions\redhat.java-1.45.0-win32-x64\jre\21.0.8-win32-x86_64\bin\sunmscapi.dll
Event: 47.998 Loaded shared library C:\Users\sonal\.vscode\extensions\redhat.java-1.45.0-win32-x64\jre\21.0.8-win32-x86_64\bin\extnet.dll
Event: 51.597 Loaded shared library C:\Users\sonal\.gradle\native\1def1411415f61bf3af743bc5b6707747c0891f09f0c88961ee8f79bc544acac\windows-amd64\native-platform.dll
Event: 54.808 Loaded shared library C:\Users\sonal\.vscode\extensions\redhat.java-1.45.0-win32-x64\jre\21.0.8-win32-x86_64\bin\management.dll
Event: 54.821 Loaded shared library C:\Users\sonal\.vscode\extensions\redhat.java-1.45.0-win32-x64\jre\21.0.8-win32-x86_64\bin\management_ext.dll

Deoptimization events (20 events):
Event: 63.628 Thread 0x0000023afd656810 DEOPT PACKING pc=0x0000023aa7fd7b0b sp=0x0000008e431fec50
Event: 63.628 Thread 0x0000023afd656810 DEOPT UNPACKING pc=0x0000023aae314242 sp=0x0000008e431fe118 mode 0
Event: 63.636 Thread 0x0000023afd656810 DEOPT PACKING pc=0x0000023aa7fd7b0b sp=0x0000008e431fec50
Event: 63.636 Thread 0x0000023afd656810 DEOPT UNPACKING pc=0x0000023aae314242 sp=0x0000008e431fe118 mode 0
Event: 63.640 Thread 0x0000023afd656810 DEOPT PACKING pc=0x0000023aa7fd7b0b sp=0x0000008e431fec50
Event: 63.640 Thread 0x0000023afd656810 DEOPT UNPACKING pc=0x0000023aae314242 sp=0x0000008e431fe118 mode 0
Event: 63.645 Thread 0x0000023afd656810 DEOPT PACKING pc=0x0000023aa7fd7b0b sp=0x0000008e431fec50
Event: 63.645 Thread 0x0000023afd656810 DEOPT UNPACKING pc=0x0000023aae314242 sp=0x0000008e431fe118 mode 0
Event: 63.656 Thread 0x0000023afd656810 DEOPT PACKING pc=0x0000023aa7fd7b0b sp=0x0000008e431fec50
Event: 63.656 Thread 0x0000023afd656810 DEOPT UNPACKING pc=0x0000023aae314242 sp=0x0000008e431fe118 mode 0
Event: 63.658 Thread 0x0000023afd656810 DEOPT PACKING pc=0x0000023aa7fd7b0b sp=0x0000008e431fec50
Event: 63.658 Thread 0x0000023afd656810 DEOPT UNPACKING pc=0x0000023aae314242 sp=0x0000008e431fe118 mode 0
Event: 63.663 Thread 0x0000023afd656810 DEOPT PACKING pc=0x0000023aa7fd7b0b sp=0x0000008e431fec50
Event: 63.663 Thread 0x0000023afd656810 DEOPT UNPACKING pc=0x0000023aae314242 sp=0x0000008e431fe118 mode 0
Event: 63.666 Thread 0x0000023afd656810 DEOPT PACKING pc=0x0000023aa7fd7b0b sp=0x0000008e431fec50
Event: 63.666 Thread 0x0000023afd656810 DEOPT UNPACKING pc=0x0000023aae314242 sp=0x0000008e431fe118 mode 0
Event: 63.668 Thread 0x0000023afd656810 DEOPT PACKING pc=0x0000023aa7fd7b0b sp=0x0000008e431fec50
Event: 63.668 Thread 0x0000023afd656810 DEOPT UNPACKING pc=0x0000023aae314242 sp=0x0000008e431fe118 mode 0
Event: 63.672 Thread 0x0000023afd656810 DEOPT PACKING pc=0x0000023aa7fd7b0b sp=0x0000008e431fec50
Event: 63.672 Thread 0x0000023afd656810 DEOPT UNPACKING pc=0x0000023aae314242 sp=0x0000008e431fe118 mode 0

Classes loaded (20 events):
Event: 55.591 Loading class java/io/ObjectOutputStream$ReplaceTable
Event: 55.591 Loading class java/io/ObjectOutputStream$ReplaceTable done
Event: 55.594 Loading class java/nio/charset/CharacterCodingException
Event: 55.595 Loading class java/nio/charset/CharacterCodingException done
Event: 57.434 Loading class sun/nio/ch/ChannelOutputStream
Event: 57.435 Loading class sun/nio/ch/ChannelOutputStream done
Event: 57.550 Loading class java/util/Collections$SynchronizedRandomAccessList
Event: 57.551 Loading class java/util/Collections$SynchronizedList
Event: 57.551 Loading class java/util/Collections$SynchronizedList done
Event: 57.551 Loading class java/util/Collections$SynchronizedRandomAccessList done
Event: 57.589 Loading class java/util/concurrent/CompletableFuture$Signaller
Event: 57.589 Loading class java/util/concurrent/CompletableFuture$Signaller done
Event: 57.657 Loading class java/util/Hashtable$KeySet
Event: 57.657 Loading class java/util/Hashtable$KeySet done
Event: 59.500 Loading class sun/security/ssl/Alert
Event: 59.502 Loading class sun/security/ssl/Alert done
Event: 59.503 Loading class sun/security/ssl/Alert$AlertConsumer
Event: 59.503 Loading class sun/security/ssl/Alert$AlertConsumer done
Event: 59.503 Loading class sun/security/ssl/Alert$Level
Event: 59.503 Loading class sun/security/ssl/Alert$Level done

Classes unloaded (13 events):
Event: 44.447 Thread 0x0000023aba5e1490 Unloading class 0x0000023abc1ab000 'java/lang/invoke/LambdaForm$MH+0x0000023abc1ab000'
Event: 44.447 Thread 0x0000023aba5e1490 Unloading class 0x0000023abc1aac00 'java/lang/invoke/LambdaForm$MH+0x0000023abc1aac00'
Event: 44.447 Thread 0x0000023aba5e1490 Unloading class 0x0000023abc1aa800 'java/lang/invoke/LambdaForm$MH+0x0000023abc1aa800'
Event: 44.447 Thread 0x0000023aba5e1490 Unloading class 0x0000023abc1aa400 'java/lang/invoke/LambdaForm$MH+0x0000023abc1aa400'
Event: 44.447 Thread 0x0000023aba5e1490 Unloading class 0x0000023abc1aa000 'java/lang/invoke/LambdaForm$BMH+0x0000023abc1aa000'
Event: 44.447 Thread 0x0000023aba5e1490 Unloading class 0x0000023abc1a9c00 'java/lang/invoke/LambdaForm$DMH+0x0000023abc1a9c00'
Event: 44.447 Thread 0x0000023aba5e1490 Unloading class 0x0000023abc1a8800 'java/lang/invoke/LambdaForm$DMH+0x0000023abc1a8800'
Event: 46.926 Thread 0x0000023aba5e1490 Unloading class 0x0000023abc30c400 'java/lang/invoke/LambdaForm$MH+0x0000023abc30c400'
Event: 46.926 Thread 0x0000023aba5e1490 Unloading class 0x0000023abc30b800 'java/lang/invoke/LambdaForm$MH+0x0000023abc30b800'
Event: 46.926 Thread 0x0000023aba5e1490 Unloading class 0x0000023abc30b000 'java/lang/invoke/LambdaForm$MH+0x0000023abc30b000'
Event: 46.926 Thread 0x0000023aba5e1490 Unloading class 0x0000023abc30a800 'java/lang/invoke/LambdaForm$MH+0x0000023abc30a800'
Event: 46.926 Thread 0x0000023aba5e1490 Unloading class 0x0000023abc30a400 'java/lang/invoke/LambdaForm$DMH+0x0000023abc30a400'
Event: 46.926 Thread 0x0000023aba5e1490 Unloading class 0x0000023abc309800 'java/lang/invoke/LambdaForm$MH+0x0000023abc309800'

Classes redefined (0 events):
No events

Internal exceptions (20 events):
Event: 57.382 Thread 0x0000023afd655af0 Exception <a 'sun/nio/fs/WindowsException'{0x00000000d55b2cd8}> (0x00000000d55b2cd8) 
thrown [s\src\hotspot\share\prims\jni.cpp, line 520]
Event: 57.383 Thread 0x0000023afd655af0 Exception <a 'sun/nio/fs/WindowsException'{0x00000000d55d2750}> (0x00000000d55d2750) 
thrown [s\src\hotspot\share\prims\jni.cpp, line 520]
Event: 57.384 Thread 0x0000023afd655af0 Exception <a 'sun/nio/fs/WindowsException'{0x00000000d55f7368}> (0x00000000d55f7368) 
thrown [s\src\hotspot\share\prims\jni.cpp, line 520]
Event: 57.385 Thread 0x0000023afd655af0 Exception <a 'sun/nio/fs/WindowsException'{0x00000000d561bc60}> (0x00000000d561bc60) 
thrown [s\src\hotspot\share\prims\jni.cpp, line 520]
Event: 57.386 Thread 0x0000023afd655af0 Exception <a 'sun/nio/fs/WindowsException'{0x00000000d564e880}> (0x00000000d564e880) 
thrown [s\src\hotspot\share\prims\jni.cpp, line 520]
Event: 57.386 Thread 0x0000023afd655af0 Exception <a 'sun/nio/fs/WindowsException'{0x00000000d566e850}> (0x00000000d566e850) 
thrown [s\src\hotspot\share\prims\jni.cpp, line 520]
Event: 57.387 Thread 0x0000023afd655af0 Exception <a 'sun/nio/fs/WindowsException'{0x00000000d568e938}> (0x00000000d568e938) 
thrown [s\src\hotspot\share\prims\jni.cpp, line 520]
Event: 57.388 Thread 0x0000023afd655af0 Exception <a 'sun/nio/fs/WindowsException'{0x00000000d56b4b10}> (0x00000000d56b4b10) 
thrown [s\src\hotspot\share\prims\jni.cpp, line 520]
Event: 57.389 Thread 0x0000023afd655af0 Exception <a 'sun/nio/fs/WindowsException'{0x00000000d56e7730}> (0x00000000d56e7730) 
thrown [s\src\hotspot\share\prims\jni.cpp, line 520]
Event: 57.390 Thread 0x0000023afd655af0 Exception <a 'sun/nio/fs/WindowsException'{0x00000000d57332a8}> (0x00000000d57332a8) 
thrown [s\src\hotspot\share\prims\jni.cpp, line 520]
Event: 57.391 Thread 0x0000023afd655af0 Exception <a 'sun/nio/fs/WindowsException'{0x00000000d57531d8}> (0x00000000d57531d8) 
thrown [s\src\hotspot\share\prims\jni.cpp, line 520]
Event: 57.392 Thread 0x0000023afd655af0 Exception <a 'sun/nio/fs/WindowsException'{0x00000000d5785120}> (0x00000000d5785120) 
thrown [s\src\hotspot\share\prims\jni.cpp, line 520]
Event: 57.393 Thread 0x0000023afd655af0 Exception <a 'sun/nio/fs/WindowsException'{0x00000000d57b5800}> (0x00000000d57b5800) 
thrown [s\src\hotspot\share\prims\jni.cpp, line 520]
Event: 57.438 Thread 0x0000023afd655af0 Exception <a 'sun/nio/fs/WindowsException'{0x00000000d568dca0}> (0x00000000d568dca0) 
thrown [s\src\hotspot\share\prims\jni.cpp, line 520]
Event: 57.473 Thread 0x0000023a850e4fd0 Implicit null exception at 0x0000023aaed3ca80 to 0x0000023aaed3cec8
Event: 57.473 Thread 0x0000023a850e4fd0 Exception <a 'sun/nio/fs/WindowsException'{0x00000000d56c0848}> (0x00000000d56c0848) 
thrown [s\src\hotspot\share\prims\jni.cpp, line 520]
Event: 57.474 Thread 0x0000023a850e4fd0 Exception <a 'sun/nio/fs/WindowsException'{0x00000000d56c0e98}> (0x00000000d56c0e98) 
thrown [s\src\hotspot\share\prims\jni.cpp, line 520]
Event: 57.475 Thread 0x0000023a850e4fd0 Exception <a 'sun/nio/fs/WindowsException'{0x00000000d57021a0}> (0x00000000d57021a0) 
thrown [s\src\hotspot\share\prims\jni.cpp, line 520]
Event: 57.475 Thread 0x0000023a850e4fd0 Exception <a 'sun/nio/fs/WindowsException'{0x00000000d5702a38}> (0x00000000d5702a38) 
thrown [s\src\hotspot\share\prims\jni.cpp, line 520]
Event: 57.662 Thread 0x0000023a850e4fd0 Exception <a 'java/lang/IncompatibleClassChangeError'{0x00000000d5649098}: Found class java.lang.Object, but interface was expected> (0x00000000d5649098) 
thrown [s\src\hotspot\share\interpreter\linkResolver.cpp, line 840]

ZGC Phase Switch (0 events):
No events

VM Operations (20 events):
Event: 63.878 Executing VM operation: ParallelGCFailedAllocation (Allocation Failure) done
Event: 63.887 Executing VM operation: ParallelGCFailedAllocation (Allocation Failure)
Event: 63.892 Executing VM operation: ParallelGCFailedAllocation (Allocation Failure) done
Event: 63.911 Executing VM operation: ParallelGCFailedAllocation (Allocation Failure)
Event: 63.915 Executing VM operation: ParallelGCFailedAllocation (Allocation Failure) done
Event: 63.943 Executing VM operation: ParallelGCFailedAllocation (Allocation Failure)
Event: 63.950 Executing VM operation: ParallelGCFailedAllocation (Allocation Failure) done
Event: 63.970 Executing VM operation: ParallelGCFailedAllocation (Allocation Failure)
Event: 63.977 Executing VM operation: ParallelGCFailedAllocation (Allocation Failure) done
Event: 64.012 Executing VM operation: ParallelGCFailedAllocation (Allocation Failure)
Event: 64.019 Executing VM operation: ParallelGCFailedAllocation (Allocation Failure) done
Event: 64.055 Executing VM operation: ParallelGCFailedAllocation (Allocation Failure)
Event: 64.063 Executing VM operation: ParallelGCFailedAllocation (Allocation Failure) done
Event: 64.089 Executing VM operation: ParallelGCFailedAllocation (Allocation Failure)
Event: 64.095 Executing VM operation: ParallelGCFailedAllocation (Allocation Failure) done
Event: 64.124 Executing VM operation: ParallelGCFailedAllocation (Allocation Failure)
Event: 64.129 Executing VM operation: ParallelGCFailedAllocation (Allocation Failure) done
Event: 64.146 Executing VM operation: ParallelGCFailedAllocation (Allocation Failure)
Event: 64.151 Executing VM operation: ParallelGCFailedAllocation (Allocation Failure) done
Event: 64.175 Executing VM operation: ParallelGCFailedAllocation (Allocation Failure)

Memory protections (0 events):
No events

Nmethod flushes (20 events):
Event: 52.182 Thread 0x0000023aba5e1490 flushing  nmethod 0x0000023aa784b890
Event: 52.182 Thread 0x0000023aba5e1490 flushing  nmethod 0x0000023aa784be10
Event: 52.182 Thread 0x0000023aba5e1490 flushing  nmethod 0x0000023aa784cc90
Event: 52.182 Thread 0x0000023aba5e1490 flushing  nmethod 0x0000023aa784db10
Event: 52.182 Thread 0x0000023aba5e1490 flushing  nmethod 0x0000023aa784f490
Event: 52.182 Thread 0x0000023aba5e1490 flushing  nmethod 0x0000023aa7894f10
Event: 52.182 Thread 0x0000023aba5e1490 flushing  nmethod 0x0000023aa7895490
Event: 52.182 Thread 0x0000023aba5e1490 flushing  nmethod 0x0000023aa7895910
Event: 52.182 Thread 0x0000023aba5e1490 flushing  nmethod 0x0000023aa7895e90
Event: 52.182 Thread 0x0000023aba5e1490 flushing  nmethod 0x0000023aa7896e10
Event: 52.182 Thread 0x0000023aba5e1490 flushing  nmethod 0x0000023aa7897410
Event: 52.182 Thread 0x0000023aba5e1490 flushing  nmethod 0x0000023aa7897c90
Event: 52.182 Thread 0x0000023aba5e1490 flushing  nmethod 0x0000023aa7899d10
Event: 52.182 Thread 0x0000023aba5e1490 flushing  nmethod 0x0000023aa789a210
Event: 52.182 Thread 0x0000023aba5e1490 flushing  nmethod 0x0000023aa789bc90
Event: 52.182 Thread 0x0000023aba5e1490 flushing  nmethod 0x0000023aa789c490
Event: 52.182 Thread 0x0000023aba5e1490 flushing  nmethod 0x0000023aa78a2210
Event: 52.182 Thread 0x0000023aba5e1490 flushing  nmethod 0x0000023aa78a4e90
Event: 52.182 Thread 0x0000023aba5e1490 flushing  nmethod 0x0000023aa78a5490
Event: 52.182 Thread 0x0000023aba5e1490 flushing  nmethod 0x0000023aa78b8210

Events (20 events):
Event: 47.354 Thread 0x0000023aa192bac0 Thread added: 0x0000023a850e3590
Event: 47.774 Thread 0x0000023afd65a320 Thread added: 0x0000023a850e42b0
Event: 48.168 Thread 0x0000023aa192bac0 Thread added: 0x0000023a850e14c0
Event: 48.168 Thread 0x0000023aa192bac0 Thread added: 0x0000023a850e4fd0
Event: 49.220 Thread 0x0000023afd659600 Thread added: 0x0000023a850e21e0
Event: 49.226 Thread 0x0000023a850e21e0 Thread exited: 0x0000023a850e21e0
Event: 49.498 Thread 0x0000023afd659600 Thread added: 0x0000023a850e3c20
Event: 49.637 Thread 0x0000023afd656180 Thread exited: 0x0000023afd656180
Event: 50.062 Thread 0x0000023a850e42b0 Thread added: 0x0000023a850e5660
Event: 50.233 Thread 0x0000023a850e42b0 Thread added: 0x0000023a850e21e0
Event: 50.499 Thread 0x0000023a850e42b0 Thread added: 0x0000023a850e8450
Event: 53.294 Thread 0x0000023afd655af0 Thread added: 0x0000023a850e6380
Event: 53.296 Thread 0x0000023afd655af0 Thread added: 0x0000023a850e7dc0
Event: 53.952 Thread 0x0000023aba624560 Thread added: 0x0000023a844dab00
Event: 55.066 Thread 0x0000023a850e7dc0 Thread exited: 0x0000023a850e7dc0
Event: 55.066 Thread 0x0000023a850e8450 Thread exited: 0x0000023a850e8450
Event: 55.094 Thread 0x0000023a850e42b0 Thread added: 0x0000023a850e7dc0
Event: 60.623 Thread 0x0000023a844dab00 Thread exited: 0x0000023a844dab00
Event: 62.008 Thread 0x0000023afdfa3770 Thread exited: 0x0000023afdfa3770
Event: 62.623 Thread 0x0000023aba624560 Thread added: 0x0000023a844dab00


Dynamic libraries:
0x00007ff74aa00000 - 0x00007ff74aa0e000 	c:\Users\sonal\.vscode\extensions\redhat.java-1.45.0-win32-x64\jre\21.0.8-win32-x86_64\bin\java.exe
0x00007ff9fcfc0000 - 0x00007ff9fd229000 	C:\WINDOWS\SYSTEM32\ntdll.dll
0x00007ff9fbcc0000 - 0x00007ff9fbd89000 	C:\WINDOWS\System32\KERNEL32.DLL
0x00007ff9fa540000 - 0x00007ff9fa933000 	C:\WINDOWS\System32\KERNELBASE.dll
0x00007ff9faac0000 - 0x00007ff9fac0b000 	C:\WINDOWS\System32\ucrtbase.dll
0x00007ff9d06b0000 - 0x00007ff9d06c8000 	c:\Users\sonal\.vscode\extensions\redhat.java-1.45.0-win32-x64\jre\21.0.8-win32-x86_64\bin\jli.dll
0x00007ff9d09e0000 - 0x00007ff9d09fe000 	c:\Users\sonal\.vscode\extensions\redhat.java-1.45.0-win32-x64\jre\21.0.8-win32-x86_64\bin\VCRUNTIME140.dll
0x00007ff9fcc10000 - 0x00007ff9fcdd4000 	C:\WINDOWS\System32\USER32.dll
0x00007ff9dac50000 - 0x00007ff9daee3000 	C:\WINDOWS\WinSxS\amd64_microsoft.windows.common-controls_6595b64144ccf1df_6.0.26100.5074_none_3e0d6f78e32fd63f\COMCTL32.dll
0x00007ff9faa90000 - 0x00007ff9faab7000 	C:\WINDOWS\System32\win32u.dll
0x00007ff9faef0000 - 0x00007ff9faf99000 	C:\WINDOWS\System32\msvcrt.dll
0x00007ff9fbc80000 - 0x00007ff9fbcab000 	C:\WINDOWS\System32\GDI32.dll
0x00007ff9fa210000 - 0x00007ff9fa33d000 	C:\WINDOWS\System32\gdi32full.dll
0x00007ff9fa9e0000 - 0x00007ff9faa83000 	C:\WINDOWS\System32\msvcp_win.dll
0x00007ff9fc8f0000 - 0x00007ff9fc91f000 	C:\WINDOWS\System32\IMM32.DLL
0x00007ff9d0a80000 - 0x00007ff9d0a8c000 	c:\Users\sonal\.vscode\extensions\redhat.java-1.45.0-win32-x64\jre\21.0.8-win32-x86_64\bin\vcruntime140_1.dll
0x00007ff9c15c0000 - 0x00007ff9c164d000 	c:\Users\sonal\.vscode\extensions\redhat.java-1.45.0-win32-x64\jre\21.0.8-win32-x86_64\bin\msvcp140.dll
0x00007ff973ec0000 - 0x00007ff974c57000 	c:\Users\sonal\.vscode\extensions\redhat.java-1.45.0-win32-x64\jre\21.0.8-win32-x86_64\bin\server\jvm.dll
0x00007ff9fcb50000 - 0x00007ff9fcc04000 	C:\WINDOWS\System32\ADVAPI32.dll
0x00007ff9fb270000 - 0x00007ff9fb316000 	C:\WINDOWS\System32\sechost.dll
0x00007ff9fafa0000 - 0x00007ff9fb0b8000 	C:\WINDOWS\System32\RPCRT4.dll
0x00007ff9fb1f0000 - 0x00007ff9fb264000 	C:\WINDOWS\System32\WS2_32.dll
0x00007ff9f9fd0000 - 0x00007ff9fa02e000 	C:\WINDOWS\SYSTEM32\POWRPROF.dll
0x00007ff9e59a0000 - 0x00007ff9e59d5000 	C:\WINDOWS\SYSTEM32\WINMM.dll
0x00007ff9ef750000 - 0x00007ff9ef75b000 	C:\WINDOWS\SYSTEM32\VERSION.dll
0x00007ff9f9fb0000 - 0x00007ff9f9fc4000 	C:\WINDOWS\SYSTEM32\UMPDC.dll
0x00007ff9f8f00000 - 0x00007ff9f8f1b000 	C:\WINDOWS\SYSTEM32\kernel.appcore.dll
0x00007ff9d0920000 - 0x00007ff9d092a000 	c:\Users\sonal\.vscode\extensions\redhat.java-1.45.0-win32-x64\jre\21.0.8-win32-x86_64\bin\jimage.dll
0x00007ff9f78a0000 - 0x00007ff9f7ae2000 	C:\WINDOWS\SYSTEM32\DBGHELP.DLL
0x00007ff9fb320000 - 0x00007ff9fb69b000 	C:\WINDOWS\System32\combase.dll
0x00007ff9fb110000 - 0x00007ff9fb1e7000 	C:\WINDOWS\System32\OLEAUT32.dll
0x00007ff9daf90000 - 0x00007ff9dafcd000 	C:\WINDOWS\SYSTEM32\dbgcore.DLL
0x00007ff9fa940000 - 0x00007ff9fa9d9000 	C:\WINDOWS\System32\bcryptPrimitives.dll
0x00007ff9f3690000 - 0x00007ff9f369f000 	c:\Users\sonal\.vscode\extensions\redhat.java-1.45.0-win32-x64\jre\21.0.8-win32-x86_64\bin\instrument.dll
0x00007ff9cf790000 - 0x00007ff9cf7af000 	c:\Users\sonal\.vscode\extensions\redhat.java-1.45.0-win32-x64\jre\21.0.8-win32-x86_64\bin\java.dll
0x00007ff9fbf40000 - 0x00007ff9fc68d000 	C:\WINDOWS\System32\SHELL32.dll
0x00007ff9fa340000 - 0x00007ff9fa4ac000 	C:\WINDOWS\System32\wintypes.dll
0x00007ff9f7d90000 - 0x00007ff9f85e9000 	C:\WINDOWS\SYSTEM32\windows.storage.dll
0x00007ff9fc950000 - 0x00007ff9fca40000 	C:\WINDOWS\System32\SHCORE.dll
0x00007ff9fc880000 - 0x00007ff9fc8e2000 	C:\WINDOWS\System32\shlwapi.dll
0x00007ff9fa070000 - 0x00007ff9fa099000 	C:\WINDOWS\SYSTEM32\profapi.dll
0x00007ff9c3670000 - 0x00007ff9c3688000 	c:\Users\sonal\.vscode\extensions\redhat.java-1.45.0-win32-x64\jre\21.0.8-win32-x86_64\bin\zip.dll
0x00007ff9d08a0000 - 0x00007ff9d08b0000 	C:\Users\sonal\.vscode\extensions\redhat.java-1.45.0-win32-x64\jre\21.0.8-win32-x86_64\bin\net.dll
0x00007ff9f1490000 - 0x00007ff9f15af000 	C:\WINDOWS\SYSTEM32\WINHTTP.dll
0x00007ff9f94b0000 - 0x00007ff9f951b000 	C:\WINDOWS\system32\mswsock.dll
0x00007ff9c8740000 - 0x00007ff9c8756000 	C:\Users\sonal\.vscode\extensions\redhat.java-1.45.0-win32-x64\jre\21.0.8-win32-x86_64\bin\nio.dll
0x00007ff9cf780000 - 0x00007ff9cf790000 	c:\Users\sonal\.vscode\extensions\redhat.java-1.45.0-win32-x64\jre\21.0.8-win32-x86_64\bin\verify.dll
0x00007ff9d4ba0000 - 0x00007ff9d4be4000 	C:\Users\sonal\AppData\Roaming\Code\User\globalStorage\redhat.java\1.45.0\config_win\org.eclipse.equinox.launcher\org.eclipse.equinox.launcher.win32.win32.x86_64_1.2.1400.v20250801-0854\eclipse_11916.dll
0x00007ff9fcde0000 - 0x00007ff9fcf78000 	C:\WINDOWS\System32\ole32.dll
0x00007ff9f9750000 - 0x00007ff9f976b000 	C:\WINDOWS\SYSTEM32\CRYPTSP.dll
0x00007ff9f8e60000 - 0x00007ff9f8e9b000 	C:\WINDOWS\system32\rsaenh.dll
0x00007ff9f9550000 - 0x00007ff9f957b000 	C:\WINDOWS\SYSTEM32\USERENV.dll
0x00007ff9fa040000 - 0x00007ff9fa066000 	C:\WINDOWS\SYSTEM32\bcrypt.dll
0x00007ff9f9770000 - 0x00007ff9f977c000 	C:\WINDOWS\SYSTEM32\CRYPTBASE.dll
0x00007ff9f88f0000 - 0x00007ff9f8924000 	C:\WINDOWS\SYSTEM32\IPHLPAPI.DLL
0x00007ff9fbcb0000 - 0x00007ff9fbcba000 	C:\WINDOWS\System32\NSI.dll
0x00007ff9d3880000 - 0x00007ff9d38c9000 	C:\Users\sonal\AppData\Local\Temp\jna--801715498\jna16147113070769428086.dll
0x00007ff9fc870000 - 0x00007ff9fc878000 	C:\WINDOWS\System32\PSAPI.DLL
0x00007ff9f10f0000 - 0x00007ff9f110e000 	C:\WINDOWS\SYSTEM32\dhcpcsvc6.DLL
0x00007ff9f10c0000 - 0x00007ff9f10e3000 	C:\WINDOWS\SYSTEM32\dhcpcsvc.DLL
0x00007ff9c5380000 - 0x00007ff9c538e000 	C:\Users\sonal\.vscode\extensions\redhat.java-1.45.0-win32-x64\jre\21.0.8-win32-x86_64\bin\sunmscapi.dll
0x00007ff9fac10000 - 0x00007ff9fad87000 	C:\WINDOWS\System32\CRYPT32.dll
0x00007ff9f9970000 - 0x00007ff9f99a0000 	C:\WINDOWS\SYSTEM32\ncrypt.dll
0x00007ff9f9920000 - 0x00007ff9f995f000 	C:\WINDOWS\SYSTEM32\NTASN1.dll
0x00007ff9f8980000 - 0x00007ff9f8aa6000 	C:\WINDOWS\SYSTEM32\DNSAPI.dll
0x00007ff9dd060000 - 0x00007ff9dd06b000 	C:\Windows\System32\rasadhlp.dll
0x00007ff9ef520000 - 0x00007ff9ef5a6000 	C:\WINDOWS\System32\fwpuclnt.dll
0x00007ff9c5370000 - 0x00007ff9c5379000 	C:\Users\sonal\.vscode\extensions\redhat.java-1.45.0-win32-x64\jre\21.0.8-win32-x86_64\bin\extnet.dll
0x00007ff9d0930000 - 0x00007ff9d0957000 	C:\Users\sonal\.gradle\native\1def1411415f61bf3af743bc5b6707747c0891f09f0c88961ee8f79bc544acac\windows-amd64\native-platform.dll
0x00007ff9cf710000 - 0x00007ff9cf71a000 	C:\Users\sonal\.vscode\extensions\redhat.java-1.45.0-win32-x64\jre\21.0.8-win32-x86_64\bin\management.dll
0x00007ff9c5390000 - 0x00007ff9c539b000 	C:\Users\sonal\.vscode\extensions\redhat.java-1.45.0-win32-x64\jre\21.0.8-win32-x86_64\bin\management_ext.dll

JVMTI agents:
c:\Users\sonal\.vscode\extensions\redhat.java-1.45.0-win32-x64\lombok\lombok-1.18.39-4050.jar path:c:\Users\sonal\.vscode\extensions\redhat.java-1.45.0-win32-x64\jre\21.0.8-win32-x86_64\bin\instrument.dll, loaded, initialized, instrumentlib options:none

dbghelp: loaded successfully - version: 4.0.5 - missing functions: none
symbol engine: initialized successfully - sym options: 0x614 - pdb path: .;c:\Users\sonal\.vscode\extensions\redhat.java-1.45.0-win32-x64\jre\21.0.8-win32-x86_64\bin;C:\WINDOWS\SYSTEM32;C:\WINDOWS\WinSxS\amd64_microsoft.windows.common-controls_6595b64144ccf1df_6.0.26100.5074_none_3e0d6f78e32fd63f;c:\Users\sonal\.vscode\extensions\redhat.java-1.45.0-win32-x64\jre\21.0.8-win32-x86_64\bin\server;C:\Users\sonal\AppData\Roaming\Code\User\globalStorage\redhat.java\1.45.0\config_win\org.eclipse.equinox.launcher\org.eclipse.equinox.launcher.win32.win32.x86_64_1.2.1400.v20250801-0854;C:\Users\sonal\AppData\Local\Temp\jna--801715498;C:\Users\sonal\.gradle\native\1def1411415f61bf3af743bc5b6707747c0891f09f0c88961ee8f79bc544acac\windows-amd64

VM Arguments:
jvm_args: --add-modules=ALL-SYSTEM --add-opens=java.base/java.util=ALL-UNNAMED --add-opens=java.base/java.lang=ALL-UNNAMED --add-opens=java.base/sun.nio.fs=ALL-UNNAMED -Declipse.application=org.eclipse.jdt.ls.core.id1 -Dosgi.bundles.defaultStartLevel=4 -Declipse.product=org.eclipse.jdt.ls.core.product -Djava.import.generatesMetadataFilesAtProjectRoot=false -DDetectVMInstallationsJob.disabled=true -Dfile.encoding=utf8 -XX:+UseParallelGC -XX:GCTimeRatio=4 -XX:AdaptiveSizePolicyWeight=90 -Dsun.zip.disableMemoryMapping=true -Xmx2G -Xms100m -Xlog:disable -javaagent:c:\Users\sonal\.vscode\extensions\redhat.java-1.45.0-win32-x64\lombok\lombok-1.18.39-4050.jar -XX:+HeapDumpOnOutOfMemoryError -XX:HeapDumpPath=c:\Users\sonal\AppData\Roaming\Code\User\workspaceStorage\2867b351bed66f009d29e0a601d37d45\redhat.java -Daether.dependencyCollector.impl=bf 
java_command: c:\Users\sonal\.vscode\extensions\redhat.java-1.45.0-win32-x64\server\plugins\org.eclipse.equinox.launcher_1.7.0.v20250519-0528.jar -configuration c:\Users\sonal\AppData\Roaming\Code\User\globalStorage\redhat.java\1.45.0\config_win -data c:\Users\sonal\AppData\Roaming\Code\User\workspaceStorage\2867b351bed66f009d29e0a601d37d45\redhat.java\jdt_ws --pipe=\\.\pipe\lsp-c2697f6fe17e654a9e4bd9ed59bcac63-sock
java_class_path (initial): c:\Users\sonal\.vscode\extensions\redhat.java-1.45.0-win32-x64\server\plugins\org.eclipse.equinox.launcher_1.7.0.v20250519-0528.jar
Launcher Type: SUN_STANDARD

[Global flags]
    uintx AdaptiveSizePolicyWeight                 = 90                                        {product} {command line}
     intx CICompilerCount                          = 4                                         {product} {ergonomic}
    uintx GCTimeRatio                              = 4                                         {product} {command line}
     bool HeapDumpOnOutOfMemoryError               = true                                   {manageable} {command line}
    ccstr HeapDumpPath                             = c:\Users\sonal\AppData\Roaming\Code\User\workspaceStorage\2867b351bed66f009d29e0a601d37d45\redhat.java         {manageable} {command line}
   size_t InitialHeapSize                          = 104857600                                 {product} {command line}
   size_t MaxHeapSize                              = 2147483648                                {product} {command line}
   size_t MaxNewSize                               = 715653120                                 {product} {ergonomic}
   size_t MinHeapDeltaBytes                        = 524288                                    {product} {ergonomic}
   size_t MinHeapSize                              = 104857600                                 {product} {command line}
   size_t NewSize                                  = 34603008                                  {product} {ergonomic}
    uintx NonNMethodCodeHeapSize                   = 5839372                                {pd product} {ergonomic}
    uintx NonProfiledCodeHeapSize                  = 122909434                              {pd product} {ergonomic}
   size_t OldSize                                  = 70254592                                  {product} {ergonomic}
    uintx ProfiledCodeHeapSize                     = 122909434                              {pd product} {ergonomic}
    uintx ReservedCodeCacheSize                    = 251658240                              {pd product} {ergonomic}
     bool SegmentedCodeCache                       = true                                      {product} {ergonomic}
   size_t SoftMaxHeapSize                          = 2147483648                             {manageable} {ergonomic}
     bool UseCompressedOops                        = true                           {product lp64_product} {ergonomic}
     bool UseLargePagesIndividualAllocation        = false                                  {pd product} {ergonomic}
     bool UseParallelGC                            = true                                      {product} {command line}

Logging:
Log output configuration:
 #0: stdout all=off uptime,level,tags foldmultilines=false
 #1: stderr all=off uptime,level,tags foldmultilines=false

Environment Variables:
JAVA_HOME=C:\Program Files\Java\jdk-17.0.12
PATH=C:\Program Files\Amazon Corretto\jdk17.0.14_7\bin;C:\Program Files\Common Files\Oracle\Java\javapath;C:\Program Files\Java\jdk-11\bin;C:\Python312\Scripts\;C:\Python312\;C:\WINDOWS\system32;C:\WINDOWS;C:\WINDOWS\System32\Wbem;C:\WINDOWS\System32\WindowsPowerShell\v1.0\;C:\WINDOWS\System32\OpenSSH\;C:\ProgramData\chocolatey\bin;C:\Program Files\Git\cmd;C:\Program Files\Java\jdk-17.0.12\bin;C:\adb;C:\Users\sonal\AppData\Local\Android\Sdk;C:\Users\sonal\AppData\Local\Android\Sdk\platform-tools;C:\Users\sonal\AppData\Local\Android\Sdk\tools;C:\Users\sonal\AppData\Local\nvm;C:\nvm4w\nodejs;C:\Program Files\Java\jdk-17.0.12\bin;C:\Program Files\Amazon Corretto\jdk17.0.14_7\bin;C:\Program Files\Common Files\Oracle\Java\javapath;C:\Program Files\Java\jdk-11\bin;C:\Python312\Scripts\;C:\Python312\;C:\WINDOWS\system32;C:\WINDOWS;C:\WINDOWS\System32\Wbem;C:\WINDOWS\System32\WindowsPowerShell\v1.0\;C:\WINDOWS\System32\OpenSSH\;C:\ProgramData\chocolatey\bin;C:\Program Files\Git\cmd;C:\Program Files\Java\jdk-17.0.12\bin;C:\adb;C:\Users\sonal\AppData\Local\Android\Sdk;C:\Users\sonal\AppData\Local\Android\Sdk\platform-tools;C:\Users\sonal\AppData\Local\Android\Sdk\tools;C:\Users\sonal\AppData\Local\nvm;C:\nvm4w\nodejs;C:\Users\sonal\AppData\Local\Programs\Microsoft VS Code\bin;C:\Users\sonal\AppData\Local\nvm;C:\nvm4w\nodejs;C:\Users\sonal\AppData\Local\GitHubDesktop\bin
USERNAME=Sonal Singh
OS=Windows_NT
PROCESSOR_IDENTIFIER=Intel64 Family 6 Model 142 Stepping 12, GenuineIntel
TMP=C:\Users\sonal\AppData\Local\Temp
TEMP=C:\Users\sonal\AppData\Local\Temp




Periodic native trim disabled

---------------  S Y S T E M  ---------------

OS:
 Windows 11 , 64 bit Build 26100 (10.0.26100.5074)
OS uptime: 4 days 3:52 hours
Hyper-V role detected

CPU: total 8 (initial active 8) (4 cores per cpu, 2 threads per core) family 6 model 142 stepping 12 microcode 0xea, cx8, cmov, fxsr, ht, mmx, 3dnowpref, sse, sse2, sse3, ssse3, sse4.1, sse4.2, popcnt, lzcnt, tsc, tscinvbit, avx, avx2, aes, erms, clmul, bmi1, bmi2, adx, fma, vzeroupper, clflush, clflushopt, hv, rdtscp, f16c
Processor Information for processor 0
  Max Mhz: 2112, Current Mhz: 1609, Mhz Limit: 1605
Processor Information for processor 1
  Max Mhz: 2112, Current Mhz: 1508, Mhz Limit: 1605
Processor Information for processor 2
  Max Mhz: 2112, Current Mhz: 1609, Mhz Limit: 1605
Processor Information for processor 3
  Max Mhz: 2112, Current Mhz: 1609, Mhz Limit: 1605
Processor Information for processor 4
  Max Mhz: 2112, Current Mhz: 1609, Mhz Limit: 1605
Processor Information for processor 5
  Max Mhz: 2112, Current Mhz: 1609, Mhz Limit: 1605
Processor Information for processor 6
  Max Mhz: 2112, Current Mhz: 1609, Mhz Limit: 1605
Processor Information for processor 7
  Max Mhz: 2112, Current Mhz: 1609, Mhz Limit: 1605

Memory: 4k page, system-wide physical 7995M (469M free)
TotalPageFile size 31812M (AvailPageFile size 3M)
current process WorkingSet (physical memory assigned to process): 516M, peak: 674M
current process commit charge ("private bytes"): 693M, peak: 695M

vm_info: OpenJDK 64-Bit Server VM (21.0.8+9-LTS) for windows-amd64 JRE (21.0.8+9-LTS), built on 2025-07-15T00:00:00Z by "admin" with MS VC++ 17.7 (VS2022)

END.
