#
# There is insufficient memory for the Java Runtime Environment to continue.
# Native memory allocation (malloc) failed to allocate 1048576 bytes. Error detail: AllocateHeap
# Possible reasons:
#   The system is out of physical RAM or swap space
#   This process is running with CompressedOops enabled, and the Java Heap may be blocking the growth of the native heap
# Possible solutions:
#   Reduce memory load on the system
#   Increase physical memory or swap space
#   Check if swap backing store is full
#   Decrease Java heap size (-Xmx/-Xms)
#   Decrease number of Java threads
#   Decrease Java thread stack sizes (-Xss)
#   Set larger code cache with -XX:ReservedCodeCacheSize=
#   JVM is running with Unscaled Compressed Oops mode in which the Java heap is
#     placed in the first 4GB address space. The Java Heap base address is the
#     maximum limit for the native heap growth. Please use -XX:HeapBaseMinAddress
#     to set the Java Heap base and to place the Java Heap above 4GB virtual address.
# This output file may be truncated or incomplete.
#
#  Out of Memory Error (allocation.cpp:44), pid=23004, tid=17788
#
# JRE version: OpenJDK Runtime Environment Temurin-21.0.8+9 (21.0.8+9) (build 21.0.8+9-LTS)
# Java VM: OpenJDK 64-Bit Server VM Temurin-21.0.8+9 (21.0.8+9-LTS, mixed mode, sharing, tiered, compressed oops, compressed class ptrs, parallel gc, windows-amd64)
# No core dump will be written. Minidumps are not enabled by default on client versions of Windows
#

---------------  S U M M A R Y ------------

Command Line: --add-modules=ALL-SYSTEM --add-opens=java.base/java.util=ALL-UNNAMED --add-opens=java.base/java.lang=ALL-UNNAMED --add-opens=java.base/sun.nio.fs=ALL-UNNAMED -Declipse.application=org.eclipse.jdt.ls.core.id1 -Dosgi.bundles.defaultStartLevel=4 -Declipse.product=org.eclipse.jdt.ls.core.product -Djava.import.generatesMetadataFilesAtProjectRoot=false -DDetectVMInstallationsJob.disabled=true -Dfile.encoding=utf8 -XX:+UseParallelGC -XX:GCTimeRatio=4 -XX:AdaptiveSizePolicyWeight=90 -Dsun.zip.disableMemoryMapping=true -Xmx2G -Xms100m -Xlog:disable -javaagent:c:\Users\sonal\.vscode\extensions\redhat.java-1.45.0-win32-x64\lombok\lombok-1.18.39-4050.jar -XX:+HeapDumpOnOutOfMemoryError -XX:HeapDumpPath=c:\Users\sonal\AppData\Roaming\Code\User\workspaceStorage\2867b351bed66f009d29e0a601d37d45\redhat.java -Daether.dependencyCollector.impl=bf c:\Users\sonal\.vscode\extensions\redhat.java-1.45.0-win32-x64\server\plugins\org.eclipse.equinox.launcher_1.7.0.v20250519-0528.jar -configuration c:\Users\sonal\AppData\Roaming\Code\User\globalStorage\redhat.java\1.45.0\config_win -data c:\Users\sonal\AppData\Roaming\Code\User\workspaceStorage\2867b351bed66f009d29e0a601d37d45\redhat.java\jdt_ws --pipe=\\.\pipe\lsp-8366004afbb01d0037ebe3321445f913-sock

Host: Intel(R) Core(TM) i5-10210U CPU @ 1.60GHz, 8 cores, 7G,  Windows 11 , 64 bit Build 26100 (10.0.26100.5074)
Time: Tue Sep 23 04:36:01 2025 India Standard Time elapsed time: 231380.770483 seconds (2d 16h 16m 20s)

---------------  T H R E A D  ---------------

Current thread (0x0000026f24c6bbb0):  JavaThread "Attach Listener" daemon [_thread_in_vm, id=17788, stack(0x000000bf35b00000,0x000000bf35c00000) (1024K)]

Stack: [0x000000bf35b00000,0x000000bf35c00000]
Native frames: (J=compiled Java code, j=interpreted, Vv=VM code, C=native code)
V  [jvm.dll+0x6d2449]
V  [jvm.dll+0x8ae341]
V  [jvm.dll+0x8b08be]
V  [jvm.dll+0x8b0fa3]
V  [jvm.dll+0x280c96]
V  [jvm.dll+0xc0347]
V  [jvm.dll+0x6d2cf9]
V  [jvm.dll+0x131116]
V  [jvm.dll+0x3f2d16]
V  [jvm.dll+0x857e6b]
V  [jvm.dll+0x6d0b0d]
C  [ucrtbase.dll+0x37b0]
C  [KERNEL32.DLL+0x2e8d7]
C  [ntdll.dll+0x8d9c]


---------------  P R O C E S S  ---------------

Threads class SMR info:
_java_thread_list=0x0000026f6ded3b90, length=43, elements={
0x0000026f0bf1b1a0, 0x0000026f24c66810, 0x0000026f24c68f80, 0x0000026f24c6af60,
0x0000026f24c6bbb0, 0x0000026f24c6c800, 0x0000026f24c6f360, 0x0000026f24c71dc0,
0x0000026f24c98510, 0x0000026f0e26bfa0, 0x0000026f67867250, 0x0000026f6c4f3580,
0x0000026f6c4cfea0, 0x0000026f6c0de650, 0x0000026f6c617e50, 0x0000026f6c878d80,
0x0000026f6caeb700, 0x0000026f6ca14070, 0x0000026f6ca11910, 0x0000026f6ca12cc0,
0x0000026f6d5ae880, 0x0000026f6d5aef10, 0x0000026f6d5af5a0, 0x0000026f6d5b1670,
0x0000026f6d5afc30, 0x0000026f6d5ae1f0, 0x0000026f6d5b1d00, 0x0000026f6d5b2a20,
0x0000026f6d5b2390, 0x0000026f6d5b30b0, 0x0000026f6d5b3740, 0x0000026f6d5b02c0,
0x0000026f700f4010, 0x0000026f700f3980, 0x0000026f700f6e00, 0x0000026f700f7490,
0x0000026f700f81b0, 0x0000026f700f6770, 0x0000026f700f7b20, 0x0000026f700f4d30,
0x0000026f6d5b4af0, 0x0000026f6d5b5810, 0x0000026f6ca139e0
}

Java Threads: ( => current thread )
  0x0000026f0bf1b1a0 JavaThread "main"                              [_thread_blocked, id=11336, stack(0x000000bf35400000,0x000000bf35500000) (1024K)]
  0x0000026f24c66810 JavaThread "Reference Handler"          daemon [_thread_blocked, id=16656, stack(0x000000bf35800000,0x000000bf35900000) (1024K)]
  0x0000026f24c68f80 JavaThread "Finalizer"                  daemon [_thread_blocked, id=22184, stack(0x000000bf35900000,0x000000bf35a00000) (1024K)]
  0x0000026f24c6af60 JavaThread "Signal Dispatcher"          daemon [_thread_blocked, id=7208, stack(0x000000bf35a00000,0x000000bf35b00000) (1024K)]
=>0x0000026f24c6bbb0 JavaThread "Attach Listener"            daemon [_thread_in_vm, id=17788, stack(0x000000bf35b00000,0x000000bf35c00000) (1024K)]
  0x0000026f24c6c800 JavaThread "Service Thread"             daemon [_thread_blocked, id=19992, stack(0x000000bf35c00000,0x000000bf35d00000) (1024K)]
  0x0000026f24c6f360 JavaThread "Monitor Deflation Thread"   daemon [_thread_blocked, id=14904, stack(0x000000bf35d00000,0x000000bf35e00000) (1024K)]
  0x0000026f24c71dc0 JavaThread "C2 CompilerThread0"         daemon [_thread_blocked, id=24628, stack(0x000000bf35e00000,0x000000bf35f00000) (1024K)]
  0x0000026f24c98510 JavaThread "C1 CompilerThread0"         daemon [_thread_blocked, id=19256, stack(0x000000bf35f00000,0x000000bf36000000) (1024K)]
  0x0000026f0e26bfa0 JavaThread "Common-Cleaner"             daemon [_thread_blocked, id=4064, stack(0x000000bf36000000,0x000000bf36100000) (1024K)]
  0x0000026f67867250 JavaThread "Notification Thread"        daemon [_thread_blocked, id=17076, stack(0x000000bf36200000,0x000000bf36300000) (1024K)]
  0x0000026f6c4f3580 JavaThread "Active Thread: Equinox Container: 098faa7b-0849-49dc-af86-ccdcf6e20a56"        [_thread_blocked, id=2536, stack(0x000000bf36900000,0x000000bf36a00000) (1024K)]
  0x0000026f6c4cfea0 JavaThread "Refresh Thread: Equinox Container: 098faa7b-0849-49dc-af86-ccdcf6e20a56" daemon [_thread_blocked, id=20532, stack(0x000000bf36100000,0x000000bf36200000) (1024K)]
  0x0000026f6c0de650 JavaThread "Framework Event Dispatcher: Equinox Container: 098faa7b-0849-49dc-af86-ccdcf6e20a56" daemon [_thread_blocked, id=3888, stack(0x000000bf36b00000,0x000000bf36c00000) (1024K)]
  0x0000026f6c617e50 JavaThread "Start Level: Equinox Container: 098faa7b-0849-49dc-af86-ccdcf6e20a56" daemon [_thread_blocked, id=21500, stack(0x000000bf36c00000,0x000000bf36d00000) (1024K)]
  0x0000026f6c878d80 JavaThread "Bundle File Closer"         daemon [_thread_blocked, id=3624, stack(0x000000bf36e00000,0x000000bf36f00000) (1024K)]
  0x0000026f6caeb700 JavaThread "SCR Component Actor"        daemon [_thread_blocked, id=2576, stack(0x000000bf36d00000,0x000000bf36e00000) (1024K)]
  0x0000026f6ca14070 JavaThread "Worker-JM"                         [_thread_blocked, id=24948, stack(0x000000bf37100000,0x000000bf37200000) (1024K)]
  0x0000026f6ca11910 JavaThread "JNA Cleaner"                daemon [_thread_blocked, id=24304, stack(0x000000bf37000000,0x000000bf37100000) (1024K)]
  0x0000026f6ca12cc0 JavaThread "Java indexing"              daemon [_thread_blocked, id=22064, stack(0x000000bf37600000,0x000000bf37700000) (1024K)]
  0x0000026f6d5ae880 JavaThread "Thread-2"                   daemon [_thread_in_native, id=24172, stack(0x000000bf37c00000,0x000000bf37d00000) (1024K)]
  0x0000026f6d5aef10 JavaThread "Thread-3"                   daemon [_thread_in_native, id=3696, stack(0x000000bf37d00000,0x000000bf37e00000) (1024K)]
  0x0000026f6d5af5a0 JavaThread "Thread-4"                   daemon [_thread_in_native, id=18148, stack(0x000000bf37e00000,0x000000bf37f00000) (1024K)]
  0x0000026f6d5b1670 JavaThread "Thread-5"                   daemon [_thread_in_native, id=13508, stack(0x000000bf37f00000,0x000000bf38000000) (1024K)]
  0x0000026f6d5afc30 JavaThread "Thread-6"                   daemon [_thread_in_native, id=6056, stack(0x000000bf38000000,0x000000bf38100000) (1024K)]
  0x0000026f6d5ae1f0 JavaThread "Thread-7"                   daemon [_thread_in_native, id=24200, stack(0x000000bf38100000,0x000000bf38200000) (1024K)]
  0x0000026f6d5b1d00 JavaThread "Thread-8"                   daemon [_thread_in_native, id=10292, stack(0x000000bf38200000,0x000000bf38300000) (1024K)]
  0x0000026f6d5b2a20 JavaThread "Thread-9"                   daemon [_thread_in_native, id=6852, stack(0x000000bf38300000,0x000000bf38400000) (1024K)]
  0x0000026f6d5b2390 JavaThread "Thread-10"                  daemon [_thread_in_native, id=24096, stack(0x000000bf38400000,0x000000bf38500000) (1024K)]
  0x0000026f6d5b30b0 JavaThread "pool-2-thread-1"                   [_thread_blocked, id=16812, stack(0x000000bf38500000,0x000000bf38600000) (1024K)]
  0x0000026f6d5b3740 JavaThread "WorkspaceEventsHandler"            [_thread_blocked, id=16628, stack(0x000000bf38700000,0x000000bf38800000) (1024K)]
  0x0000026f6d5b02c0 JavaThread "pool-1-thread-1"                   [_thread_blocked, id=4288, stack(0x000000bf38800000,0x000000bf38900000) (1024K)]
  0x0000026f700f4010 JavaThread "Timer-0"                           [_thread_blocked, id=24944, stack(0x000000bf39000000,0x000000bf39100000) (1024K)]
  0x0000026f700f3980 JavaThread "Timer-1"                           [_thread_blocked, id=12676, stack(0x000000bf35100000,0x000000bf35200000) (1024K)]
  0x0000026f700f6e00 JavaThread "Timer-2"                           [_thread_blocked, id=17532, stack(0x000000bf35300000,0x000000bf35400000) (1024K)]
  0x0000026f700f7490 JavaThread "Timer-3"                           [_thread_blocked, id=16732, stack(0x000000bf37400000,0x000000bf37500000) (1024K)]
  0x0000026f700f81b0 JavaThread "Timer-4"                           [_thread_blocked, id=3868, stack(0x000000bf37500000,0x000000bf37600000) (1024K)]
  0x0000026f700f6770 JavaThread "Timer-5"                           [_thread_blocked, id=21700, stack(0x000000bf37700000,0x000000bf37800000) (1024K)]
  0x0000026f700f7b20 JavaThread "Timer-6"                           [_thread_blocked, id=6584, stack(0x000000bf37300000,0x000000bf37400000) (1024K)]
  0x0000026f700f4d30 JavaThread "Timer-7"                           [_thread_blocked, id=24212, stack(0x000000bf37800000,0x000000bf37900000) (1024K)]
  0x0000026f6d5b4af0 JavaThread "Timer-8"                           [_thread_blocked, id=7620, stack(0x000000bf37b00000,0x000000bf37c00000) (1024K)]
  0x0000026f6d5b5810 JavaThread "Worker-18"                         [_thread_blocked, id=2492, stack(0x000000bf37200000,0x000000bf37300000) (1024K)]
  0x0000026f6ca139e0 JavaThread "Worker-19"                         [_thread_blocked, id=16088, stack(0x000000bf35200000,0x000000bf35300000) (1024K)]
Total: 43

Other Threads:
  0x0000026f24c41bf0 VMThread "VM Thread"                           [id=23088, stack(0x000000bf35700000,0x000000bf35800000) (1024K)]
  0x0000026f24b7ca00 WatcherThread "VM Periodic Task Thread"        [id=17296, stack(0x000000bf35600000,0x000000bf35700000) (1024K)]
  0x0000026f0e21c820 WorkerThread "GC Thread#0"                     [id=10948, stack(0x000000bf35500000,0x000000bf35600000) (1024K)]
  0x0000026f6c15c700 WorkerThread "GC Thread#1"                     [id=16744, stack(0x000000bf36300000,0x000000bf36400000) (1024K)]
  0x0000026f6c15caa0 WorkerThread "GC Thread#2"                     [id=21688, stack(0x000000bf36400000,0x000000bf36500000) (1024K)]
  0x0000026f6c376fc0 WorkerThread "GC Thread#3"                     [id=20744, stack(0x000000bf36500000,0x000000bf36600000) (1024K)]
  0x0000026f6c377360 WorkerThread "GC Thread#4"                     [id=23968, stack(0x000000bf36600000,0x000000bf36700000) (1024K)]
  0x0000026f6c377700 WorkerThread "GC Thread#5"                     [id=18560, stack(0x000000bf36700000,0x000000bf36800000) (1024K)]
  0x0000026f6c377aa0 WorkerThread "GC Thread#6"                     [id=23532, stack(0x000000bf36800000,0x000000bf36900000) (1024K)]
  0x0000026f6c4f8ce0 WorkerThread "GC Thread#7"                     [id=8548, stack(0x000000bf36a00000,0x000000bf36b00000) (1024K)]
Total: 10

Threads with active compile tasks:
Total: 0

VM state: not at safepoint (normal execution)

VM Mutex/Monitor currently owned by a thread: None

Heap address: 0x0000000080000000, size: 2048 MB, Compressed Oops mode: 32-bit

CDS archive(s) mapped at: [0x0000026f25000000-0x0000026f25ba0000-0x0000026f25ba0000), size 12189696, SharedBaseAddress: 0x0000026f25000000, ArchiveRelocationMode: 1.
Compressed class space mapped at: 0x0000026f26000000-0x0000026f66000000, reserved size: 1073741824
Narrow klass base: 0x0000026f25000000, Narrow klass shift: 0, Narrow klass range: 0x100000000

GC Precious Log:
 CardTable entry size: 512
 CPUs: 8 total, 8 available
 Memory: 7995M
 Large Page Support: Disabled
 NUMA Support: Disabled
 Compressed Oops: Enabled (32-bit)
 Alignments: Space 512K, Generation 512K, Heap 2M
 Heap Min Capacity: 100M
 Heap Initial Capacity: 100M
 Heap Max Capacity: 2G
 Pre-touch: Disabled
 Parallel Workers: 8

Heap:
 PSYoungGen      total 3072K, used 1648K [0x00000000d5580000, 0x00000000d5c00000, 0x0000000100000000)
  eden space 2560K, 49% used [0x00000000d5580000,0x00000000d56bc340,0x00000000d5800000)
  from space 512K, 75% used [0x00000000d5b80000,0x00000000d5be0020,0x00000000d5c00000)
  to   space 512K, 0% used [0x00000000d5b00000,0x00000000d5b00000,0x00000000d5b80000)
 ParOldGen       total 465920K, used 465539K [0x0000000080000000, 0x000000009c700000, 0x00000000d5580000)
  object space 465920K, 99% used [0x0000000080000000,0x000000009c6a0e20,0x000000009c700000)
 Metaspace       used 83995K, committed 85632K, reserved 1179648K
  class space    used 10071K, committed 10816K, reserved 1048576K

Card table byte_map: [0x0000026f0dbd0000,0x0000026f0dfe0000] _byte_map_base: 0x0000026f0d7d0000

Marking Bits: (ParMarkBitMap*) 0x00007ff974b7a340
 Begin Bits: [0x0000026f206a0000, 0x0000026f226a0000)
 End Bits:   [0x0000026f226a0000, 0x0000026f246a0000)

Polling page: 0x0000026f0d9c0000

Metaspace:

Usage:
  Non-class:     72.19 MB used.
      Class:      9.83 MB used.
       Both:     82.03 MB used.

Virtual space:
  Non-class space:      128.00 MB reserved,      73.06 MB ( 57%) committed,  2 nodes.
      Class space:        1.00 GB reserved,      10.56 MB (  1%) committed,  1 nodes.
             Both:        1.12 GB reserved,      83.62 MB (  7%) committed. 

Chunk freelists:
   Non-Class:  6.72 MB
       Class:  5.48 MB
        Both:  12.20 MB

MaxMetaspaceSize: unlimited
CompressedClassSpaceSize: 1.00 GB
Initial GC threshold: 21.00 MB
Current GC threshold: 97.31 MB
CDS: on
 - commit_granule_bytes: 65536.
 - commit_granule_words: 8192.
 - virtual_space_node_default_size: 8388608.
 - enlarge_chunks_in_place: 1.
 - use_allocation_guard: 0.


Internal statistics:

num_allocs_failed_limit: 9.
num_arena_births: 1558.
num_arena_deaths: 14.
num_vsnodes_births: 3.
num_vsnodes_deaths: 0.
num_space_committed: 1338.
num_space_uncommitted: 0.
num_chunks_returned_to_freelist: 23.
num_chunks_taken_from_freelist: 5234.
num_chunk_merges: 13.
num_chunk_splits: 3305.
num_chunks_enlarged: 1976.
num_inconsistent_stats: 0.

CodeHeap 'non-profiled nmethods': size=120000Kb used=14355Kb max_used=14355Kb free=105644Kb
 bounds [0x0000026f18ec0000, 0x0000026f19cd0000, 0x0000026f203f0000]
CodeHeap 'profiled nmethods': size=120000Kb used=30140Kb max_used=30140Kb free=89859Kb
 bounds [0x0000026f113f0000, 0x0000026f13160000, 0x0000026f18920000]
CodeHeap 'non-nmethods': size=5760Kb used=1474Kb max_used=1551Kb free=4285Kb
 bounds [0x0000026f18920000, 0x0000026f18b90000, 0x0000026f18ec0000]
CodeCache: size=245760Kb, used=45969Kb, max_used=46046Kb, free=199788Kb
 total_blobs=14345, nmethods=13559, adapters=691, full_count=0
Compilation: enabled, stopped_count=0, restarted_count=0

Compilation events (20 events):
Event: 188223.340 Thread 0x0000026f24c98510 14497       3       org.eclipse.core.internal.jobs.JobListeners$$Lambda/0x0000026f2618d820::notify (8 bytes)
Event: 188223.348 Thread 0x0000026f24c98510 nmethod 14497 0x0000026f13159e90 code [0x0000026f1315a040, 0x0000026f1315a220]
Event: 190023.618 Thread 0x0000026f24c98510 14498   !   3       org.eclipse.core.internal.jobs.JobManager::updateJobGroup (249 bytes)
Event: 190023.642 Thread 0x0000026f24c98510 nmethod 14498 0x0000026f1315a310 code [0x0000026f1315a640, 0x0000026f1315bb30]
Event: 191823.697 Thread 0x0000026f24c98510 14499       3       org.eclipse.core.internal.jobs.InternalJob::schedule (16 bytes)
Event: 191823.714 Thread 0x0000026f24c98510 nmethod 14499 0x0000026f1315c390 code [0x0000026f1315c560, 0x0000026f1315c7b8]
Event: 204940.073 Thread 0x0000026f24c71dc0 14500   !   4       java.lang.ref.ReferenceQueue::remove (61 bytes)
Event: 204940.168 Thread 0x0000026f24c71dc0 nmethod 14500 0x0000026f19cc3890 code [0x0000026f19cc3ac0, 0x0000026f19cc41a0]
Event: 205501.697 Thread 0x0000026f24c98510 14501       3       org.eclipse.core.internal.jobs.JobListeners$$Lambda/0x0000026f2618d600::notify (8 bytes)
Event: 205501.704 Thread 0x0000026f24c98510 nmethod 14501 0x0000026f1315c890 code [0x0000026f1315ca40, 0x0000026f1315cc20]
Event: 206401.727 Thread 0x0000026f24c98510 14502   !   3       org.eclipse.core.internal.jobs.JobManager::lambda$7 (140 bytes)
Event: 206401.776 Thread 0x0000026f24c98510 nmethod 14502 0x0000026f1315cd10 code [0x0000026f1315cfa0, 0x0000026f1315db98]
Event: 206401.776 Thread 0x0000026f24c98510 14507   !   3       org.eclipse.core.internal.jobs.WorkerPool::endJob (68 bytes)
Event: 206401.793 Thread 0x0000026f24c98510 nmethod 14507 0x0000026f1315e190 code [0x0000026f1315e3c0, 0x0000026f1315ea20]
Event: 208201.795 Thread 0x0000026f24c98510 14508       3       org.eclipse.core.runtime.jobs.Job::schedule (6 bytes)
Event: 208201.828 Thread 0x0000026f24c98510 nmethod 14508 0x0000026f1315ed90 code [0x0000026f1315ef60, 0x0000026f1315f218]
Event: 228541.831 Thread 0x0000026f24c71dc0 14509       4       org.eclipse.core.runtime.jobs.Job::getRule (5 bytes)
Event: 228541.969 Thread 0x0000026f24c71dc0 nmethod 14509 0x0000026f19cc4790 code [0x0000026f19cc4920, 0x0000026f19cc49b0]
Event: 228624.019 Thread 0x0000026f24c71dc0 14510   !   4       java.util.logging.LogManager::ensureLogManagerInitialized (144 bytes)
Event: 228624.055 Thread 0x0000026f24c71dc0 nmethod 14510 0x0000026f19cc4a90 code [0x0000026f19cc4c20, 0x0000026f19cc4cd0]

GC Heap History (20 events):
Event: 127204.291 GC heap before
{Heap before GC invocations=2724 (full 3):
 PSYoungGen      total 3072K, used 2768K [0x00000000d5580000, 0x00000000d5c00000, 0x0000000100000000)
  eden space 2560K, 100% used [0x00000000d5580000,0x00000000d5800000,0x00000000d5800000)
  from space 512K, 40% used [0x00000000d5b80000,0x00000000d5bb4010,0x00000000d5c00000)
  to   space 512K, 0% used [0x00000000d5800000,0x00000000d5800000,0x00000000d5880000)
 ParOldGen       total 465920K, used 465523K [0x0000000080000000, 0x000000009c700000, 0x00000000d5580000)
  object space 465920K, 99% used [0x0000000080000000,0x000000009c69ce20,0x000000009c700000)
 Metaspace       used 83988K, committed 85632K, reserved 1179648K
  class space    used 10071K, committed 10816K, reserved 1048576K
}
Event: 127204.386 GC heap after
{Heap after GC invocations=2724 (full 3):
 PSYoungGen      total 3072K, used 160K [0x00000000d5580000, 0x00000000d5c00000, 0x0000000100000000)
  eden space 2560K, 0% used [0x00000000d5580000,0x00000000d5580000,0x00000000d5800000)
  from space 512K, 31% used [0x00000000d5800000,0x00000000d5828000,0x00000000d5880000)
  to   space 512K, 0% used [0x00000000d5b80000,0x00000000d5b80000,0x00000000d5c00000)
 ParOldGen       total 465920K, used 465523K [0x0000000080000000, 0x000000009c700000, 0x00000000d5580000)
  object space 465920K, 99% used [0x0000000080000000,0x000000009c69ce20,0x000000009c700000)
 Metaspace       used 83988K, committed 85632K, reserved 1179648K
  class space    used 10071K, committed 10816K, reserved 1048576K
}
Event: 162115.721 GC heap before
{Heap before GC invocations=2725 (full 3):
 PSYoungGen      total 3072K, used 2712K [0x00000000d5580000, 0x00000000d5c00000, 0x0000000100000000)
  eden space 2560K, 99% used [0x00000000d5580000,0x00000000d57fe380,0x00000000d5800000)
  from space 512K, 31% used [0x00000000d5800000,0x00000000d5828000,0x00000000d5880000)
  to   space 512K, 0% used [0x00000000d5b80000,0x00000000d5b80000,0x00000000d5c00000)
 ParOldGen       total 465920K, used 465523K [0x0000000080000000, 0x000000009c700000, 0x00000000d5580000)
  object space 465920K, 99% used [0x0000000080000000,0x000000009c69ce20,0x000000009c700000)
 Metaspace       used 83990K, committed 85632K, reserved 1179648K
  class space    used 10071K, committed 10816K, reserved 1048576K
}
Event: 162115.893 GC heap after
{Heap after GC invocations=2725 (full 3):
 PSYoungGen      total 3072K, used 192K [0x00000000d5580000, 0x00000000d5c00000, 0x0000000100000000)
  eden space 2560K, 0% used [0x00000000d5580000,0x00000000d5580000,0x00000000d5800000)
  from space 512K, 37% used [0x00000000d5b80000,0x00000000d5bb0000,0x00000000d5c00000)
  to   space 512K, 0% used [0x00000000d5800000,0x00000000d5800000,0x00000000d5880000)
 ParOldGen       total 465920K, used 465523K [0x0000000080000000, 0x000000009c700000, 0x00000000d5580000)
  object space 465920K, 99% used [0x0000000080000000,0x000000009c69ce20,0x000000009c700000)
 Metaspace       used 83990K, committed 85632K, reserved 1179648K
  class space    used 10071K, committed 10816K, reserved 1048576K
}
Event: 168416.330 GC heap before
{Heap before GC invocations=2726 (full 3):
 PSYoungGen      total 3072K, used 2752K [0x00000000d5580000, 0x00000000d5c00000, 0x0000000100000000)
  eden space 2560K, 100% used [0x00000000d5580000,0x00000000d5800000,0x00000000d5800000)
  from space 512K, 37% used [0x00000000d5b80000,0x00000000d5bb0000,0x00000000d5c00000)
  to   space 512K, 0% used [0x00000000d5800000,0x00000000d5800000,0x00000000d5880000)
 ParOldGen       total 465920K, used 465523K [0x0000000080000000, 0x000000009c700000, 0x00000000d5580000)
  object space 465920K, 99% used [0x0000000080000000,0x000000009c69ce20,0x000000009c700000)
 Metaspace       used 83990K, committed 85632K, reserved 1179648K
  class space    used 10071K, committed 10816K, reserved 1048576K
}
Event: 168416.448 GC heap after
{Heap after GC invocations=2726 (full 3):
 PSYoungGen      total 3072K, used 128K [0x00000000d5580000, 0x00000000d5c00000, 0x0000000100000000)
  eden space 2560K, 0% used [0x00000000d5580000,0x00000000d5580000,0x00000000d5800000)
  from space 512K, 25% used [0x00000000d5800000,0x00000000d5820000,0x00000000d5880000)
  to   space 512K, 0% used [0x00000000d5b80000,0x00000000d5b80000,0x00000000d5c00000)
 ParOldGen       total 465920K, used 465523K [0x0000000080000000, 0x000000009c700000, 0x00000000d5580000)
  object space 465920K, 99% used [0x0000000080000000,0x000000009c69ce20,0x000000009c700000)
 Metaspace       used 83990K, committed 85632K, reserved 1179648K
  class space    used 10071K, committed 10816K, reserved 1048576K
}
Event: 174716.728 GC heap before
{Heap before GC invocations=2727 (full 3):
 PSYoungGen      total 3072K, used 2688K [0x00000000d5580000, 0x00000000d5c00000, 0x0000000100000000)
  eden space 2560K, 100% used [0x00000000d5580000,0x00000000d5800000,0x00000000d5800000)
  from space 512K, 25% used [0x00000000d5800000,0x00000000d5820000,0x00000000d5880000)
  to   space 512K, 0% used [0x00000000d5b80000,0x00000000d5b80000,0x00000000d5c00000)
 ParOldGen       total 465920K, used 465523K [0x0000000080000000, 0x000000009c700000, 0x00000000d5580000)
  object space 465920K, 99% used [0x0000000080000000,0x000000009c69ce20,0x000000009c700000)
 Metaspace       used 83990K, committed 85632K, reserved 1179648K
  class space    used 10071K, committed 10816K, reserved 1048576K
}
Event: 174716.760 GC heap after
{Heap after GC invocations=2727 (full 3):
 PSYoungGen      total 3072K, used 160K [0x00000000d5580000, 0x00000000d5c00000, 0x0000000100000000)
  eden space 2560K, 0% used [0x00000000d5580000,0x00000000d5580000,0x00000000d5800000)
  from space 512K, 31% used [0x00000000d5b80000,0x00000000d5ba8000,0x00000000d5c00000)
  to   space 512K, 0% used [0x00000000d5800000,0x00000000d5800000,0x00000000d5880000)
 ParOldGen       total 465920K, used 465523K [0x0000000080000000, 0x000000009c700000, 0x00000000d5580000)
  object space 465920K, 99% used [0x0000000080000000,0x000000009c69ce20,0x000000009c700000)
 Metaspace       used 83990K, committed 85632K, reserved 1179648K
  class space    used 10071K, committed 10816K, reserved 1048576K
}
Event: 184622.923 GC heap before
{Heap before GC invocations=2728 (full 3):
 PSYoungGen      total 3072K, used 2720K [0x00000000d5580000, 0x00000000d5c00000, 0x0000000100000000)
  eden space 2560K, 100% used [0x00000000d5580000,0x00000000d5800000,0x00000000d5800000)
  from space 512K, 31% used [0x00000000d5b80000,0x00000000d5ba8000,0x00000000d5c00000)
  to   space 512K, 0% used [0x00000000d5800000,0x00000000d5800000,0x00000000d5880000)
 ParOldGen       total 465920K, used 465523K [0x0000000080000000, 0x000000009c700000, 0x00000000d5580000)
  object space 465920K, 99% used [0x0000000080000000,0x000000009c69ce20,0x000000009c700000)
 Metaspace       used 83990K, committed 85632K, reserved 1179648K
  class space    used 10071K, committed 10816K, reserved 1048576K
}
Event: 184623.026 GC heap after
{Heap after GC invocations=2728 (full 3):
 PSYoungGen      total 3072K, used 128K [0x00000000d5580000, 0x00000000d5c00000, 0x0000000100000000)
  eden space 2560K, 0% used [0x00000000d5580000,0x00000000d5580000,0x00000000d5800000)
  from space 512K, 25% used [0x00000000d5800000,0x00000000d5820000,0x00000000d5880000)
  to   space 512K, 0% used [0x00000000d5b80000,0x00000000d5b80000,0x00000000d5c00000)
 ParOldGen       total 465920K, used 465531K [0x0000000080000000, 0x000000009c700000, 0x00000000d5580000)
  object space 465920K, 99% used [0x0000000080000000,0x000000009c69ee20,0x000000009c700000)
 Metaspace       used 83990K, committed 85632K, reserved 1179648K
  class space    used 10071K, committed 10816K, reserved 1048576K
}
Event: 190023.489 GC heap before
{Heap before GC invocations=2729 (full 3):
 PSYoungGen      total 3072K, used 2688K [0x00000000d5580000, 0x00000000d5c00000, 0x0000000100000000)
  eden space 2560K, 100% used [0x00000000d5580000,0x00000000d5800000,0x00000000d5800000)
  from space 512K, 25% used [0x00000000d5800000,0x00000000d5820000,0x00000000d5880000)
  to   space 512K, 0% used [0x00000000d5b80000,0x00000000d5b80000,0x00000000d5c00000)
 ParOldGen       total 465920K, used 465531K [0x0000000080000000, 0x000000009c700000, 0x00000000d5580000)
  object space 465920K, 99% used [0x0000000080000000,0x000000009c69ee20,0x000000009c700000)
 Metaspace       used 83990K, committed 85632K, reserved 1179648K
  class space    used 10071K, committed 10816K, reserved 1048576K
}
Event: 190023.616 GC heap after
{Heap after GC invocations=2729 (full 3):
 PSYoungGen      total 3072K, used 480K [0x00000000d5580000, 0x00000000d5c00000, 0x0000000100000000)
  eden space 2560K, 0% used [0x00000000d5580000,0x00000000d5580000,0x00000000d5800000)
  from space 512K, 93% used [0x00000000d5b80000,0x00000000d5bf8020,0x00000000d5c00000)
  to   space 1024K, 0% used [0x00000000d5a00000,0x00000000d5a00000,0x00000000d5b00000)
 ParOldGen       total 465920K, used 465539K [0x0000000080000000, 0x000000009c700000, 0x00000000d5580000)
  object space 465920K, 99% used [0x0000000080000000,0x000000009c6a0e20,0x000000009c700000)
 Metaspace       used 83990K, committed 85632K, reserved 1179648K
  class space    used 10071K, committed 10816K, reserved 1048576K
}
Event: 202801.493 GC heap before
{Heap before GC invocations=2730 (full 3):
 PSYoungGen      total 3072K, used 3040K [0x00000000d5580000, 0x00000000d5c00000, 0x0000000100000000)
  eden space 2560K, 100% used [0x00000000d5580000,0x00000000d5800000,0x00000000d5800000)
  from space 512K, 93% used [0x00000000d5b80000,0x00000000d5bf8020,0x00000000d5c00000)
  to   space 1024K, 0% used [0x00000000d5a00000,0x00000000d5a00000,0x00000000d5b00000)
 ParOldGen       total 465920K, used 465539K [0x0000000080000000, 0x000000009c700000, 0x00000000d5580000)
  object space 465920K, 99% used [0x0000000080000000,0x000000009c6a0e20,0x000000009c700000)
 Metaspace       used 83991K, committed 85632K, reserved 1179648K
  class space    used 10071K, committed 10816K, reserved 1048576K
}
Event: 202801.609 GC heap after
{Heap after GC invocations=2730 (full 3):
 PSYoungGen      total 3584K, used 480K [0x00000000d5580000, 0x00000000d5c00000, 0x0000000100000000)
  eden space 2560K, 0% used [0x00000000d5580000,0x00000000d5580000,0x00000000d5800000)
  from space 1024K, 46% used [0x00000000d5a00000,0x00000000d5a78020,0x00000000d5b00000)
  to   space 512K, 0% used [0x00000000d5b80000,0x00000000d5b80000,0x00000000d5c00000)
 ParOldGen       total 465920K, used 465539K [0x0000000080000000, 0x000000009c700000, 0x00000000d5580000)
  object space 465920K, 99% used [0x0000000080000000,0x000000009c6a0e20,0x000000009c700000)
 Metaspace       used 83991K, committed 85632K, reserved 1179648K
  class space    used 10071K, committed 10816K, reserved 1048576K
}
Event: 209101.830 GC heap before
{Heap before GC invocations=2731 (full 3):
 PSYoungGen      total 3584K, used 2995K [0x00000000d5580000, 0x00000000d5c00000, 0x0000000100000000)
  eden space 2560K, 98% used [0x00000000d5580000,0x00000000d57f4e38,0x00000000d5800000)
  from space 1024K, 46% used [0x00000000d5a00000,0x00000000d5a78020,0x00000000d5b00000)
  to   space 512K, 0% used [0x00000000d5b80000,0x00000000d5b80000,0x00000000d5c00000)
 ParOldGen       total 465920K, used 465539K [0x0000000080000000, 0x000000009c700000, 0x00000000d5580000)
  object space 465920K, 99% used [0x0000000080000000,0x000000009c6a0e20,0x000000009c700000)
 Metaspace       used 83995K, committed 85632K, reserved 1179648K
  class space    used 10071K, committed 10816K, reserved 1048576K
}
Event: 209101.846 GC heap after
{Heap after GC invocations=2731 (full 3):
 PSYoungGen      total 3072K, used 416K [0x00000000d5580000, 0x00000000d5c00000, 0x0000000100000000)
  eden space 2560K, 0% used [0x00000000d5580000,0x00000000d5580000,0x00000000d5800000)
  from space 512K, 81% used [0x00000000d5b80000,0x00000000d5be8020,0x00000000d5c00000)
  to   space 512K, 0% used [0x00000000d5b00000,0x00000000d5b00000,0x00000000d5b80000)
 ParOldGen       total 465920K, used 465539K [0x0000000080000000, 0x000000009c700000, 0x00000000d5580000)
  object space 465920K, 99% used [0x0000000080000000,0x000000009c6a0e20,0x000000009c700000)
 Metaspace       used 83995K, committed 85632K, reserved 1179648K
  class space    used 10071K, committed 10816K, reserved 1048576K
}
Event: 215402.344 GC heap before
{Heap before GC invocations=2732 (full 3):
 PSYoungGen      total 3072K, used 2976K [0x00000000d5580000, 0x00000000d5c00000, 0x0000000100000000)
  eden space 2560K, 100% used [0x00000000d5580000,0x00000000d5800000,0x00000000d5800000)
  from space 512K, 81% used [0x00000000d5b80000,0x00000000d5be8020,0x00000000d5c00000)
  to   space 512K, 0% used [0x00000000d5b00000,0x00000000d5b00000,0x00000000d5b80000)
 ParOldGen       total 465920K, used 465539K [0x0000000080000000, 0x000000009c700000, 0x00000000d5580000)
  object space 465920K, 99% used [0x0000000080000000,0x000000009c6a0e20,0x000000009c700000)
 Metaspace       used 83995K, committed 85632K, reserved 1179648K
  class space    used 10071K, committed 10816K, reserved 1048576K
}
Event: 215402.443 GC heap after
{Heap after GC invocations=2732 (full 3):
 PSYoungGen      total 3072K, used 384K [0x00000000d5580000, 0x00000000d5c00000, 0x0000000100000000)
  eden space 2560K, 0% used [0x00000000d5580000,0x00000000d5580000,0x00000000d5800000)
  from space 512K, 75% used [0x00000000d5b00000,0x00000000d5b60020,0x00000000d5b80000)
  to   space 512K, 0% used [0x00000000d5b80000,0x00000000d5b80000,0x00000000d5c00000)
 ParOldGen       total 465920K, used 465539K [0x0000000080000000, 0x000000009c700000, 0x00000000d5580000)
  object space 465920K, 99% used [0x0000000080000000,0x000000009c6a0e20,0x000000009c700000)
 Metaspace       used 83995K, committed 85632K, reserved 1179648K
  class space    used 10071K, committed 10816K, reserved 1048576K
}
Event: 228541.867 GC heap before
{Heap before GC invocations=2733 (full 3):
 PSYoungGen      total 3072K, used 2944K [0x00000000d5580000, 0x00000000d5c00000, 0x0000000100000000)
  eden space 2560K, 100% used [0x00000000d5580000,0x00000000d5800000,0x00000000d5800000)
  from space 512K, 75% used [0x00000000d5b00000,0x00000000d5b60020,0x00000000d5b80000)
  to   space 512K, 0% used [0x00000000d5b80000,0x00000000d5b80000,0x00000000d5c00000)
 ParOldGen       total 465920K, used 465539K [0x0000000080000000, 0x000000009c700000, 0x00000000d5580000)
  object space 465920K, 99% used [0x0000000080000000,0x000000009c6a0e20,0x000000009c700000)
 Metaspace       used 83995K, committed 85632K, reserved 1179648K
  class space    used 10071K, committed 10816K, reserved 1048576K
}
Event: 228541.964 GC heap after
{Heap after GC invocations=2733 (full 3):
 PSYoungGen      total 3072K, used 384K [0x00000000d5580000, 0x00000000d5c00000, 0x0000000100000000)
  eden space 2560K, 0% used [0x00000000d5580000,0x00000000d5580000,0x00000000d5800000)
  from space 512K, 75% used [0x00000000d5b80000,0x00000000d5be0020,0x00000000d5c00000)
  to   space 512K, 0% used [0x00000000d5b00000,0x00000000d5b00000,0x00000000d5b80000)
 ParOldGen       total 465920K, used 465539K [0x0000000080000000, 0x000000009c700000, 0x00000000d5580000)
  object space 465920K, 99% used [0x0000000080000000,0x000000009c6a0e20,0x000000009c700000)
 Metaspace       used 83995K, committed 85632K, reserved 1179648K
  class space    used 10071K, committed 10816K, reserved 1048576K
}

Dll operation events (15 events):
Event: 0.020 Loaded shared library c:\Users\sonal\.vscode\extensions\redhat.java-1.45.0-win32-x64\jre\21.0.8-win32-x86_64\bin\java.dll
Event: 0.245 Loaded shared library c:\Users\sonal\.vscode\extensions\redhat.java-1.45.0-win32-x64\jre\21.0.8-win32-x86_64\bin\zip.dll
Event: 0.295 Loaded shared library C:\Users\sonal\.vscode\extensions\redhat.java-1.45.0-win32-x64\jre\21.0.8-win32-x86_64\bin\instrument.dll
Event: 0.314 Loaded shared library C:\Users\sonal\.vscode\extensions\redhat.java-1.45.0-win32-x64\jre\21.0.8-win32-x86_64\bin\net.dll
Event: 0.319 Loaded shared library C:\Users\sonal\.vscode\extensions\redhat.java-1.45.0-win32-x64\jre\21.0.8-win32-x86_64\bin\nio.dll
Event: 0.328 Loaded shared library C:\Users\sonal\.vscode\extensions\redhat.java-1.45.0-win32-x64\jre\21.0.8-win32-x86_64\bin\zip.dll
Event: 0.373 Loaded shared library C:\Users\sonal\.vscode\extensions\redhat.java-1.45.0-win32-x64\jre\21.0.8-win32-x86_64\bin\jimage.dll
Event: 0.668 Loaded shared library c:\Users\sonal\.vscode\extensions\redhat.java-1.45.0-win32-x64\jre\21.0.8-win32-x86_64\bin\verify.dll
Event: 14.714 Loaded shared library C:\Users\sonal\AppData\Roaming\Code\User\globalStorage\redhat.java\1.45.0\config_win\org.eclipse.equinox.launcher\org.eclipse.equinox.launcher.win32.win32.x86_64_1.2.1400.v20250801-0854\eclipse_11916.dll
Event: 29.283 Loaded shared library C:\Users\sonal\AppData\Local\Temp\jna--801715498\jna9722300046320153759.dll
Event: 34.735 Loaded shared library C:\Users\sonal\.vscode\extensions\redhat.java-1.45.0-win32-x64\jre\21.0.8-win32-x86_64\bin\sunmscapi.dll
Event: 35.789 Loaded shared library C:\Users\sonal\.vscode\extensions\redhat.java-1.45.0-win32-x64\jre\21.0.8-win32-x86_64\bin\extnet.dll
Event: 39.995 Loaded shared library C:\Users\sonal\.gradle\native\1def1411415f61bf3af743bc5b6707747c0891f09f0c88961ee8f79bc544acac\windows-amd64\native-platform.dll
Event: 41.985 Loaded shared library C:\Users\sonal\.vscode\extensions\redhat.java-1.45.0-win32-x64\jre\21.0.8-win32-x86_64\bin\management.dll
Event: 41.990 Loaded shared library C:\Users\sonal\.vscode\extensions\redhat.java-1.45.0-win32-x64\jre\21.0.8-win32-x86_64\bin\management_ext.dll

Deoptimization events (20 events):
Event: 85505.338 Thread 0x0000026f6d5b0fe0 DEOPT PACKING pc=0x0000026f19c91d54 sp=0x000000bf36ffec50
Event: 85505.344 Thread 0x0000026f6d5b0fe0 DEOPT UNPACKING pc=0x0000026f18973aa2 sp=0x000000bf36ffeba0 mode 2
Event: 85998.613 Thread 0x0000026f700f53c0 Uncommon trap: trap_request=0xffffffbe fr.pc=0x0000026f19ca9f70 relative=0x0000000000000fd0
Event: 85998.613 Thread 0x0000026f700f53c0 Uncommon trap: reason=profile_predicate action=maybe_recompile pc=0x0000026f19ca9f70 method=org.eclipse.core.internal.jobs.DeadlockDetector.reduceGraph(ILorg/eclipse/core/runtime/jobs/ISchedulingRule;)V @ 67 c2
Event: 85998.613 Thread 0x0000026f700f53c0 DEOPT PACKING pc=0x0000026f19ca9f70 sp=0x000000bf37aff2c0
Event: 85998.613 Thread 0x0000026f700f53c0 DEOPT UNPACKING pc=0x0000026f18973aa2 sp=0x000000bf37aff268 mode 2
Event: 85999.028 Thread 0x0000026f6d5b3740 Uncommon trap: trap_request=0xffffffbe fr.pc=0x0000026f19ca9f70 relative=0x0000000000000fd0
Event: 85999.028 Thread 0x0000026f6d5b3740 Uncommon trap: reason=profile_predicate action=maybe_recompile pc=0x0000026f19ca9f70 method=org.eclipse.core.internal.jobs.DeadlockDetector.reduceGraph(ILorg/eclipse/core/runtime/jobs/ISchedulingRule;)V @ 67 c2
Event: 85999.028 Thread 0x0000026f6d5b3740 DEOPT PACKING pc=0x0000026f19ca9f70 sp=0x000000bf387fe600
Event: 85999.028 Thread 0x0000026f6d5b3740 DEOPT UNPACKING pc=0x0000026f18973aa2 sp=0x000000bf387fe590 mode 2
Event: 85999.635 Thread 0x0000026f6d5b5810 Uncommon trap: trap_request=0xffffffbe fr.pc=0x0000026f19ca9f70 relative=0x0000000000000fd0
Event: 85999.635 Thread 0x0000026f6d5b5810 Uncommon trap: reason=profile_predicate action=maybe_recompile pc=0x0000026f19ca9f70 method=org.eclipse.core.internal.jobs.DeadlockDetector.reduceGraph(ILorg/eclipse/core/runtime/jobs/ISchedulingRule;)V @ 67 c2
Event: 85999.635 Thread 0x0000026f6d5b5810 DEOPT PACKING pc=0x0000026f19ca9f70 sp=0x000000bf372ff390
Event: 85999.638 Thread 0x0000026f6d5b5810 DEOPT UNPACKING pc=0x0000026f18973aa2 sp=0x000000bf372ff338 mode 2
Event: 86055.476 Thread 0x0000026f6d5b5810 Uncommon trap: trap_request=0xffffffbe fr.pc=0x0000026f19ca9f70 relative=0x0000000000000fd0
Event: 86055.476 Thread 0x0000026f6d5b5810 Uncommon trap: reason=profile_predicate action=maybe_recompile pc=0x0000026f19ca9f70 method=org.eclipse.core.internal.jobs.DeadlockDetector.reduceGraph(ILorg/eclipse/core/runtime/jobs/ISchedulingRule;)V @ 67 c2
Event: 86055.476 Thread 0x0000026f6d5b5810 DEOPT PACKING pc=0x0000026f19ca9f70 sp=0x000000bf372ff390
Event: 86055.476 Thread 0x0000026f6d5b5810 DEOPT UNPACKING pc=0x0000026f18973aa2 sp=0x000000bf372ff338 mode 2
Event: 86056.711 Thread 0x0000026f6d5b5810 DEOPT PACKING pc=0x0000026f12dcec86 sp=0x000000bf372fe5b0
Event: 86056.713 Thread 0x0000026f6d5b5810 DEOPT UNPACKING pc=0x0000026f18974242 sp=0x000000bf372fda88 mode 0

Classes loaded (20 events):
Event: 3966.875 Loading class java/util/stream/Node$Builder$OfInt done
Event: 3966.875 Loading class java/util/stream/Nodes$IntArrayNode
Event: 3966.876 Loading class java/util/stream/Nodes$IntArrayNode done
Event: 3966.876 Loading class java/util/stream/Nodes$IntFixedNodeBuilder done
Event: 3966.876 Loading class java/util/stream/ReferencePipeline$4$1
Event: 3966.877 Loading class java/util/stream/ReferencePipeline$4$1 done
Event: 3966.934 Loading class sun/nio/fs/WindowsFileCopy
Event: 3966.937 Loading class sun/nio/fs/WindowsFileCopy done
Event: 4369.016 Loading class java/util/TreeMap$AscendingSubMap
Event: 4369.045 Loading class java/util/TreeMap$NavigableSubMap
Event: 4369.066 Loading class java/util/TreeMap$NavigableSubMap done
Event: 4369.066 Loading class java/util/TreeMap$AscendingSubMap done
Event: 4369.071 Loading class java/util/TreeMap$AscendingSubMap$AscendingEntrySetView
Event: 4369.075 Loading class java/util/TreeMap$NavigableSubMap$EntrySetView
Event: 4369.080 Loading class java/util/TreeMap$NavigableSubMap$EntrySetView done
Event: 4369.080 Loading class java/util/TreeMap$AscendingSubMap$AscendingEntrySetView done
Event: 4369.080 Loading class java/util/TreeMap$NavigableSubMap$SubMapEntryIterator
Event: 4369.084 Loading class java/util/TreeMap$NavigableSubMap$SubMapIterator
Event: 4369.095 Loading class java/util/TreeMap$NavigableSubMap$SubMapIterator done
Event: 4369.095 Loading class java/util/TreeMap$NavigableSubMap$SubMapEntryIterator done

Classes unloaded (7 events):
Event: 32.227 Thread 0x0000026f24c41bf0 Unloading class 0x0000026f261a7000 'java/lang/invoke/LambdaForm$MH+0x0000026f261a7000'
Event: 32.227 Thread 0x0000026f24c41bf0 Unloading class 0x0000026f261a6c00 'java/lang/invoke/LambdaForm$MH+0x0000026f261a6c00'
Event: 32.227 Thread 0x0000026f24c41bf0 Unloading class 0x0000026f261a6800 'java/lang/invoke/LambdaForm$MH+0x0000026f261a6800'
Event: 32.227 Thread 0x0000026f24c41bf0 Unloading class 0x0000026f261a6400 'java/lang/invoke/LambdaForm$MH+0x0000026f261a6400'
Event: 32.227 Thread 0x0000026f24c41bf0 Unloading class 0x0000026f261a6000 'java/lang/invoke/LambdaForm$BMH+0x0000026f261a6000'
Event: 32.227 Thread 0x0000026f24c41bf0 Unloading class 0x0000026f261a5c00 'java/lang/invoke/LambdaForm$DMH+0x0000026f261a5c00'
Event: 32.227 Thread 0x0000026f24c41bf0 Unloading class 0x0000026f261a4800 'java/lang/invoke/LambdaForm$DMH+0x0000026f261a4800'

Classes redefined (0 events):
No events

Internal exceptions (20 events):
Event: 86357.193 Thread 0x0000026f700f53c0 Exception <a 'sun/nio/fs/WindowsException'{0x00000000d57cf550}> (0x00000000d57cf550) 
thrown [s\src\hotspot\share\prims\jni.cpp, line 520]
Event: 86357.194 Thread 0x0000026f700f53c0 Exception <a 'sun/nio/fs/WindowsException'{0x00000000d57d0090}> (0x00000000d57d0090) 
thrown [s\src\hotspot\share\prims\jni.cpp, line 520]
Event: 86357.195 Thread 0x0000026f700f53c0 Exception <a 'sun/nio/fs/WindowsException'{0x00000000d57d1de8}> (0x00000000d57d1de8) 
thrown [s\src\hotspot\share\prims\jni.cpp, line 520]
Event: 86357.195 Thread 0x0000026f700f53c0 Exception <a 'sun/nio/fs/WindowsException'{0x00000000d57d2920}> (0x00000000d57d2920) 
thrown [s\src\hotspot\share\prims\jni.cpp, line 520]
Event: 86357.196 Thread 0x0000026f700f53c0 Exception <a 'sun/nio/fs/WindowsException'{0x00000000d57d4658}> (0x00000000d57d4658) 
thrown [s\src\hotspot\share\prims\jni.cpp, line 520]
Event: 86357.196 Thread 0x0000026f700f53c0 Exception <a 'sun/nio/fs/WindowsException'{0x00000000d57d5180}> (0x00000000d57d5180) 
thrown [s\src\hotspot\share\prims\jni.cpp, line 520]
Event: 86357.197 Thread 0x0000026f700f53c0 Exception <a 'sun/nio/fs/WindowsException'{0x00000000d57d6eb0}> (0x00000000d57d6eb0) 
thrown [s\src\hotspot\share\prims\jni.cpp, line 520]
Event: 86357.197 Thread 0x0000026f700f53c0 Exception <a 'sun/nio/fs/WindowsException'{0x00000000d57d79e0}> (0x00000000d57d79e0) 
thrown [s\src\hotspot\share\prims\jni.cpp, line 520]
Event: 86357.198 Thread 0x0000026f700f53c0 Exception <a 'sun/nio/fs/WindowsException'{0x00000000d57d94b0}> (0x00000000d57d94b0) 
thrown [s\src\hotspot\share\prims\jni.cpp, line 520]
Event: 86357.198 Thread 0x0000026f700f53c0 Exception <a 'sun/nio/fs/WindowsException'{0x00000000d57da018}> (0x00000000d57da018) 
thrown [s\src\hotspot\share\prims\jni.cpp, line 520]
Event: 86357.200 Thread 0x0000026f700f53c0 Exception <a 'sun/nio/fs/WindowsException'{0x00000000d57dbd30}> (0x00000000d57dbd30) 
thrown [s\src\hotspot\share\prims\jni.cpp, line 520]
Event: 86357.200 Thread 0x0000026f700f53c0 Exception <a 'sun/nio/fs/WindowsException'{0x00000000d57dc860}> (0x00000000d57dc860) 
thrown [s\src\hotspot\share\prims\jni.cpp, line 520]
Event: 86357.201 Thread 0x0000026f700f53c0 Exception <a 'sun/nio/fs/WindowsException'{0x00000000d57de258}> (0x00000000d57de258) 
thrown [s\src\hotspot\share\prims\jni.cpp, line 520]
Event: 86357.201 Thread 0x0000026f700f53c0 Exception <a 'sun/nio/fs/WindowsException'{0x00000000d57ded88}> (0x00000000d57ded88) 
thrown [s\src\hotspot\share\prims\jni.cpp, line 520]
Event: 86357.204 Thread 0x0000026f700f53c0 Exception <a 'sun/nio/fs/WindowsException'{0x00000000d57e2280}> (0x00000000d57e2280) 
thrown [s\src\hotspot\share\prims\jni.cpp, line 520]
Event: 86357.204 Thread 0x0000026f700f53c0 Exception <a 'sun/nio/fs/WindowsException'{0x00000000d57e2db0}> (0x00000000d57e2db0) 
thrown [s\src\hotspot\share\prims\jni.cpp, line 520]
Event: 86357.206 Thread 0x0000026f700f53c0 Exception <a 'sun/nio/fs/WindowsException'{0x00000000d57e4878}> (0x00000000d57e4878) 
thrown [s\src\hotspot\share\prims\jni.cpp, line 520]
Event: 86357.206 Thread 0x0000026f700f53c0 Exception <a 'sun/nio/fs/WindowsException'{0x00000000d57e5358}> (0x00000000d57e5358) 
thrown [s\src\hotspot\share\prims\jni.cpp, line 520]
Event: 86357.208 Thread 0x0000026f700f53c0 Exception <a 'sun/nio/fs/WindowsException'{0x00000000d57e79c0}> (0x00000000d57e79c0) 
thrown [s\src\hotspot\share\prims\jni.cpp, line 520]
Event: 86357.208 Thread 0x0000026f700f53c0 Exception <a 'sun/nio/fs/WindowsException'{0x00000000d57e8510}> (0x00000000d57e8510) 
thrown [s\src\hotspot\share\prims\jni.cpp, line 520]

ZGC Phase Switch (0 events):
No events

VM Operations (20 events):
Event: 228541.836 Executing VM operation: ParallelGCFailedAllocation (Allocation Failure)
Event: 228541.964 Executing VM operation: ParallelGCFailedAllocation (Allocation Failure) done
Event: 228556.649 Executing VM operation: HandshakeAllThreads (HandshakeForDeflation)
Event: 228556.650 Executing VM operation: HandshakeAllThreads (HandshakeForDeflation) done
Event: 228556.650 Executing VM operation: RendezvousGCThreads
Event: 228556.650 Executing VM operation: RendezvousGCThreads done
Event: 228737.010 Executing VM operation: HandshakeAllThreads (HandshakeForDeflation)
Event: 228737.010 Executing VM operation: HandshakeAllThreads (HandshakeForDeflation) done
Event: 228737.010 Executing VM operation: RendezvousGCThreads
Event: 228737.010 Executing VM operation: RendezvousGCThreads done
Event: 229442.389 Executing VM operation: Cleanup
Event: 229442.389 Executing VM operation: Cleanup done
Event: 229458.511 Executing VM operation: HandshakeAllThreads (HandshakeForDeflation)
Event: 229458.511 Executing VM operation: HandshakeAllThreads (HandshakeForDeflation) done
Event: 229458.512 Executing VM operation: RendezvousGCThreads
Event: 229458.512 Executing VM operation: RendezvousGCThreads done
Event: 231262.309 Executing VM operation: HandshakeAllThreads (HandshakeForDeflation)
Event: 231262.310 Executing VM operation: HandshakeAllThreads (HandshakeForDeflation) done
Event: 231262.310 Executing VM operation: RendezvousGCThreads
Event: 231262.310 Executing VM operation: RendezvousGCThreads done

Memory protections (0 events):
No events

Nmethod flushes (20 events):
Event: 41.748 Thread 0x0000026f24c41bf0 flushing  nmethod 0x0000026f11dad590
Event: 41.748 Thread 0x0000026f24c41bf0 flushing  nmethod 0x0000026f11dadb90
Event: 41.748 Thread 0x0000026f24c41bf0 flushing  nmethod 0x0000026f11dae190
Event: 41.748 Thread 0x0000026f24c41bf0 flushing  nmethod 0x0000026f11dbfe10
Event: 41.748 Thread 0x0000026f24c41bf0 flushing  nmethod 0x0000026f11dce810
Event: 41.748 Thread 0x0000026f24c41bf0 flushing  nmethod 0x0000026f11dced90
Event: 41.748 Thread 0x0000026f24c41bf0 flushing  nmethod 0x0000026f11dcf110
Event: 41.748 Thread 0x0000026f24c41bf0 flushing  nmethod 0x0000026f11dcf610
Event: 41.748 Thread 0x0000026f24c41bf0 flushing  nmethod 0x0000026f11dcfa90
Event: 41.748 Thread 0x0000026f24c41bf0 flushing  nmethod 0x0000026f11dd0010
Event: 41.748 Thread 0x0000026f24c41bf0 flushing  nmethod 0x0000026f11dd0510
Event: 41.748 Thread 0x0000026f24c41bf0 flushing  nmethod 0x0000026f11dd0d10
Event: 41.748 Thread 0x0000026f24c41bf0 flushing  nmethod 0x0000026f11df2f90
Event: 41.748 Thread 0x0000026f24c41bf0 flushing  nmethod 0x0000026f11df3810
Event: 41.748 Thread 0x0000026f24c41bf0 flushing  nmethod 0x0000026f11e0a110
Event: 41.748 Thread 0x0000026f24c41bf0 flushing  nmethod 0x0000026f11e0a910
Event: 41.748 Thread 0x0000026f24c41bf0 flushing  nmethod 0x0000026f11e0af10
Event: 41.748 Thread 0x0000026f24c41bf0 flushing  nmethod 0x0000026f11e0b390
Event: 41.748 Thread 0x0000026f24c41bf0 flushing osr nmethod 0x0000026f11e0bb90
Event: 41.748 Thread 0x0000026f24c41bf0 flushing  nmethod 0x0000026f11e0eb90

Events (20 events):
Event: 86055.129 Thread 0x0000026f700f8ed0 Thread exited: 0x0000026f700f8ed0
Event: 86055.129 Thread 0x0000026f6d5b0fe0 Thread exited: 0x0000026f6d5b0fe0
Event: 86357.026 Thread 0x0000026f700f53c0 Thread added: 0x0000026f6ca12630
Event: 86357.079 Thread 0x0000026f6ca12630 Thread exited: 0x0000026f6ca12630
Event: 86357.248 Thread 0x0000026f700f53c0 Thread added: 0x0000026f6ca12630
Event: 86357.251 Thread 0x0000026f6ca12630 Thread added: 0x0000026f6ca14700
Event: 86357.253 Thread 0x0000026f6ca12630 Thread added: 0x0000026f6ca139e0
Event: 86357.255 Thread 0x0000026f6ca12630 Thread added: 0x0000026f700f8ed0
Event: 86357.255 Thread 0x0000026f6ca12630 Thread added: 0x0000026f6d5b0fe0
Event: 86357.257 Thread 0x0000026f6ca12630 Thread added: 0x0000026f6ec7f310
Event: 86357.258 Thread 0x0000026f700f8ed0 Thread added: 0x0000026f6ec813e0
Event: 86357.419 Thread 0x0000026f6ec813e0 Thread exited: 0x0000026f6ec813e0
Event: 86357.419 Thread 0x0000026f6ca139e0 Thread exited: 0x0000026f6ca139e0
Event: 86357.419 Thread 0x0000026f6ec7f310 Thread exited: 0x0000026f6ec7f310
Event: 86357.419 Thread 0x0000026f6ca14700 Thread exited: 0x0000026f6ca14700
Event: 86357.421 Thread 0x0000026f700f8ed0 Thread exited: 0x0000026f700f8ed0
Event: 86357.421 Thread 0x0000026f6ca12630 Thread exited: 0x0000026f6ca12630
Event: 86357.421 Thread 0x0000026f6d5b0fe0 Thread exited: 0x0000026f6d5b0fe0
Event: 178316.995 Thread 0x0000026f6d5b5810 Thread added: 0x0000026f6ca139e0
Event: 178317.030 Thread 0x0000026f700f53c0 Thread exited: 0x0000026f700f53c0


Dynamic libraries:
0x00007ff74aa00000 - 0x00007ff74aa0e000 	c:\Users\sonal\.vscode\extensions\redhat.java-1.45.0-win32-x64\jre\21.0.8-win32-x86_64\bin\java.exe
0x00007ff9fcfc0000 - 0x00007ff9fd229000 	C:\WINDOWS\SYSTEM32\ntdll.dll
0x00007ff9fbcc0000 - 0x00007ff9fbd89000 	C:\WINDOWS\System32\KERNEL32.DLL
0x00007ff9fa540000 - 0x00007ff9fa933000 	C:\WINDOWS\System32\KERNELBASE.dll
0x00007ff9faac0000 - 0x00007ff9fac0b000 	C:\WINDOWS\System32\ucrtbase.dll
0x00007ff9d06b0000 - 0x00007ff9d06c8000 	c:\Users\sonal\.vscode\extensions\redhat.java-1.45.0-win32-x64\jre\21.0.8-win32-x86_64\bin\jli.dll
0x00007ff9fcc10000 - 0x00007ff9fcdd4000 	C:\WINDOWS\System32\USER32.dll
0x00007ff9faa90000 - 0x00007ff9faab7000 	C:\WINDOWS\System32\win32u.dll
0x00007ff9fbc80000 - 0x00007ff9fbcab000 	C:\WINDOWS\System32\GDI32.dll
0x00007ff9fa210000 - 0x00007ff9fa33d000 	C:\WINDOWS\System32\gdi32full.dll
0x00007ff9d09e0000 - 0x00007ff9d09fe000 	c:\Users\sonal\.vscode\extensions\redhat.java-1.45.0-win32-x64\jre\21.0.8-win32-x86_64\bin\VCRUNTIME140.dll
0x00007ff9fa9e0000 - 0x00007ff9faa83000 	C:\WINDOWS\System32\msvcp_win.dll
0x00007ff9dac50000 - 0x00007ff9daee3000 	C:\WINDOWS\WinSxS\amd64_microsoft.windows.common-controls_6595b64144ccf1df_6.0.26100.5074_none_3e0d6f78e32fd63f\COMCTL32.dll
0x00007ff9faef0000 - 0x00007ff9faf99000 	C:\WINDOWS\System32\msvcrt.dll
0x00007ff9fc8f0000 - 0x00007ff9fc91f000 	C:\WINDOWS\System32\IMM32.DLL
0x00007ff9d0a80000 - 0x00007ff9d0a8c000 	c:\Users\sonal\.vscode\extensions\redhat.java-1.45.0-win32-x64\jre\21.0.8-win32-x86_64\bin\vcruntime140_1.dll
0x00007ff9c15c0000 - 0x00007ff9c164d000 	c:\Users\sonal\.vscode\extensions\redhat.java-1.45.0-win32-x64\jre\21.0.8-win32-x86_64\bin\msvcp140.dll
0x00007ff973ec0000 - 0x00007ff974c57000 	c:\Users\sonal\.vscode\extensions\redhat.java-1.45.0-win32-x64\jre\21.0.8-win32-x86_64\bin\server\jvm.dll
0x00007ff9fcb50000 - 0x00007ff9fcc04000 	C:\WINDOWS\System32\ADVAPI32.dll
0x00007ff9fb270000 - 0x00007ff9fb316000 	C:\WINDOWS\System32\sechost.dll
0x00007ff9fafa0000 - 0x00007ff9fb0b8000 	C:\WINDOWS\System32\RPCRT4.dll
0x00007ff9fb1f0000 - 0x00007ff9fb264000 	C:\WINDOWS\System32\WS2_32.dll
0x00007ff9f9fd0000 - 0x00007ff9fa02e000 	C:\WINDOWS\SYSTEM32\POWRPROF.dll
0x00007ff9e59a0000 - 0x00007ff9e59d5000 	C:\WINDOWS\SYSTEM32\WINMM.dll
0x00007ff9ef750000 - 0x00007ff9ef75b000 	C:\WINDOWS\SYSTEM32\VERSION.dll
0x00007ff9f9fb0000 - 0x00007ff9f9fc4000 	C:\WINDOWS\SYSTEM32\UMPDC.dll
0x00007ff9f8f00000 - 0x00007ff9f8f1b000 	C:\WINDOWS\SYSTEM32\kernel.appcore.dll
0x00007ff9d0920000 - 0x00007ff9d092a000 	c:\Users\sonal\.vscode\extensions\redhat.java-1.45.0-win32-x64\jre\21.0.8-win32-x86_64\bin\jimage.dll
0x00007ff9f78a0000 - 0x00007ff9f7ae2000 	C:\WINDOWS\SYSTEM32\DBGHELP.DLL
0x00007ff9fb320000 - 0x00007ff9fb69b000 	C:\WINDOWS\System32\combase.dll
0x00007ff9fb110000 - 0x00007ff9fb1e7000 	C:\WINDOWS\System32\OLEAUT32.dll
0x00007ff9daf90000 - 0x00007ff9dafcd000 	C:\WINDOWS\SYSTEM32\dbgcore.DLL
0x00007ff9fa940000 - 0x00007ff9fa9d9000 	C:\WINDOWS\System32\bcryptPrimitives.dll
0x00007ff9d06a0000 - 0x00007ff9d06af000 	c:\Users\sonal\.vscode\extensions\redhat.java-1.45.0-win32-x64\jre\21.0.8-win32-x86_64\bin\instrument.dll
0x00007ff9cf790000 - 0x00007ff9cf7af000 	c:\Users\sonal\.vscode\extensions\redhat.java-1.45.0-win32-x64\jre\21.0.8-win32-x86_64\bin\java.dll
0x00007ff9fbf40000 - 0x00007ff9fc68d000 	C:\WINDOWS\System32\SHELL32.dll
0x00007ff9fa340000 - 0x00007ff9fa4ac000 	C:\WINDOWS\System32\wintypes.dll
0x00007ff9f7d90000 - 0x00007ff9f85e9000 	C:\WINDOWS\SYSTEM32\windows.storage.dll
0x00007ff9fc950000 - 0x00007ff9fca40000 	C:\WINDOWS\System32\SHCORE.dll
0x00007ff9fc880000 - 0x00007ff9fc8e2000 	C:\WINDOWS\System32\shlwapi.dll
0x00007ff9fa070000 - 0x00007ff9fa099000 	C:\WINDOWS\SYSTEM32\profapi.dll
0x00007ff9c3670000 - 0x00007ff9c3688000 	c:\Users\sonal\.vscode\extensions\redhat.java-1.45.0-win32-x64\jre\21.0.8-win32-x86_64\bin\zip.dll
0x00007ff9d08a0000 - 0x00007ff9d08b0000 	C:\Users\sonal\.vscode\extensions\redhat.java-1.45.0-win32-x64\jre\21.0.8-win32-x86_64\bin\net.dll
0x00007ff9f1490000 - 0x00007ff9f15af000 	C:\WINDOWS\SYSTEM32\WINHTTP.dll
0x00007ff9f94b0000 - 0x00007ff9f951b000 	C:\WINDOWS\system32\mswsock.dll
0x00007ff9c8740000 - 0x00007ff9c8756000 	C:\Users\sonal\.vscode\extensions\redhat.java-1.45.0-win32-x64\jre\21.0.8-win32-x86_64\bin\nio.dll
0x00007ff9cf780000 - 0x00007ff9cf790000 	c:\Users\sonal\.vscode\extensions\redhat.java-1.45.0-win32-x64\jre\21.0.8-win32-x86_64\bin\verify.dll
0x00007ff9c1570000 - 0x00007ff9c15b4000 	C:\Users\sonal\AppData\Roaming\Code\User\globalStorage\redhat.java\1.45.0\config_win\org.eclipse.equinox.launcher\org.eclipse.equinox.launcher.win32.win32.x86_64_1.2.1400.v20250801-0854\eclipse_11916.dll
0x00007ff9fcde0000 - 0x00007ff9fcf78000 	C:\WINDOWS\System32\ole32.dll
0x00007ff9f9750000 - 0x00007ff9f976b000 	C:\WINDOWS\SYSTEM32\CRYPTSP.dll
0x00007ff9f8e60000 - 0x00007ff9f8e9b000 	C:\WINDOWS\system32\rsaenh.dll
0x00007ff9f9550000 - 0x00007ff9f957b000 	C:\WINDOWS\SYSTEM32\USERENV.dll
0x00007ff9fa040000 - 0x00007ff9fa066000 	C:\WINDOWS\SYSTEM32\bcrypt.dll
0x00007ff9f9770000 - 0x00007ff9f977c000 	C:\WINDOWS\SYSTEM32\CRYPTBASE.dll
0x00007ff9f88f0000 - 0x00007ff9f8924000 	C:\WINDOWS\SYSTEM32\IPHLPAPI.DLL
0x00007ff9fbcb0000 - 0x00007ff9fbcba000 	C:\WINDOWS\System32\NSI.dll
0x00007ff9c0b50000 - 0x00007ff9c0b99000 	C:\Users\sonal\AppData\Local\Temp\jna--801715498\jna9722300046320153759.dll
0x00007ff9fc870000 - 0x00007ff9fc878000 	C:\WINDOWS\System32\PSAPI.DLL
0x00007ff9f10f0000 - 0x00007ff9f110e000 	C:\WINDOWS\SYSTEM32\dhcpcsvc6.DLL
0x00007ff9f10c0000 - 0x00007ff9f10e3000 	C:\WINDOWS\SYSTEM32\dhcpcsvc.DLL
0x00007ff9c5380000 - 0x00007ff9c538e000 	C:\Users\sonal\.vscode\extensions\redhat.java-1.45.0-win32-x64\jre\21.0.8-win32-x86_64\bin\sunmscapi.dll
0x00007ff9fac10000 - 0x00007ff9fad87000 	C:\WINDOWS\System32\CRYPT32.dll
0x00007ff9f9970000 - 0x00007ff9f99a0000 	C:\WINDOWS\SYSTEM32\ncrypt.dll
0x00007ff9f9920000 - 0x00007ff9f995f000 	C:\WINDOWS\SYSTEM32\NTASN1.dll
0x00007ff9f8980000 - 0x00007ff9f8aa6000 	C:\WINDOWS\SYSTEM32\DNSAPI.dll
0x00007ff9dd060000 - 0x00007ff9dd06b000 	C:\Windows\System32\rasadhlp.dll
0x00007ff9ef520000 - 0x00007ff9ef5a6000 	C:\WINDOWS\System32\fwpuclnt.dll
0x00007ff9c5370000 - 0x00007ff9c5379000 	C:\Users\sonal\.vscode\extensions\redhat.java-1.45.0-win32-x64\jre\21.0.8-win32-x86_64\bin\extnet.dll
0x00007ff9c9410000 - 0x00007ff9c9437000 	C:\Users\sonal\.gradle\native\1def1411415f61bf3af743bc5b6707747c0891f09f0c88961ee8f79bc544acac\windows-amd64\native-platform.dll
0x00007ff9cf710000 - 0x00007ff9cf71a000 	C:\Users\sonal\.vscode\extensions\redhat.java-1.45.0-win32-x64\jre\21.0.8-win32-x86_64\bin\management.dll
0x00007ff9c5390000 - 0x00007ff9c539b000 	C:\Users\sonal\.vscode\extensions\redhat.java-1.45.0-win32-x64\jre\21.0.8-win32-x86_64\bin\management_ext.dll
0x00007ff9e1800000 - 0x00007ff9e1808000 	C:\WINDOWS\system32\wshunix.dll

JVMTI agents:
c:\Users\sonal\.vscode\extensions\redhat.java-1.45.0-win32-x64\lombok\lombok-1.18.39-4050.jar path:c:\Users\sonal\.vscode\extensions\redhat.java-1.45.0-win32-x64\jre\21.0.8-win32-x86_64\bin\instrument.dll, loaded, initialized, instrumentlib options:none

dbghelp: loaded successfully - version: 4.0.5 - missing functions: none
symbol engine: initialized successfully - sym options: 0x614 - pdb path: .;c:\Users\sonal\.vscode\extensions\redhat.java-1.45.0-win32-x64\jre\21.0.8-win32-x86_64\bin;C:\WINDOWS\SYSTEM32;C:\WINDOWS\WinSxS\amd64_microsoft.windows.common-controls_6595b64144ccf1df_6.0.26100.5074_none_3e0d6f78e32fd63f;c:\Users\sonal\.vscode\extensions\redhat.java-1.45.0-win32-x64\jre\21.0.8-win32-x86_64\bin\server;C:\Users\sonal\AppData\Roaming\Code\User\globalStorage\redhat.java\1.45.0\config_win\org.eclipse.equinox.launcher\org.eclipse.equinox.launcher.win32.win32.x86_64_1.2.1400.v20250801-0854;C:\Users\sonal\AppData\Local\Temp\jna--801715498;C:\Users\sonal\.gradle\native\1def1411415f61bf3af743bc5b6707747c0891f09f0c88961ee8f79bc544acac\windows-amd64

VM Arguments:
jvm_args: --add-modules=ALL-SYSTEM --add-opens=java.base/java.util=ALL-UNNAMED --add-opens=java.base/java.lang=ALL-UNNAMED --add-opens=java.base/sun.nio.fs=ALL-UNNAMED -Declipse.application=org.eclipse.jdt.ls.core.id1 -Dosgi.bundles.defaultStartLevel=4 -Declipse.product=org.eclipse.jdt.ls.core.product -Djava.import.generatesMetadataFilesAtProjectRoot=false -DDetectVMInstallationsJob.disabled=true -Dfile.encoding=utf8 -XX:+UseParallelGC -XX:GCTimeRatio=4 -XX:AdaptiveSizePolicyWeight=90 -Dsun.zip.disableMemoryMapping=true -Xmx2G -Xms100m -Xlog:disable -javaagent:c:\Users\sonal\.vscode\extensions\redhat.java-1.45.0-win32-x64\lombok\lombok-1.18.39-4050.jar -XX:+HeapDumpOnOutOfMemoryError -XX:HeapDumpPath=c:\Users\sonal\AppData\Roaming\Code\User\workspaceStorage\2867b351bed66f009d29e0a601d37d45\redhat.java -Daether.dependencyCollector.impl=bf 
java_command: c:\Users\sonal\.vscode\extensions\redhat.java-1.45.0-win32-x64\server\plugins\org.eclipse.equinox.launcher_1.7.0.v20250519-0528.jar -configuration c:\Users\sonal\AppData\Roaming\Code\User\globalStorage\redhat.java\1.45.0\config_win -data c:\Users\sonal\AppData\Roaming\Code\User\workspaceStorage\2867b351bed66f009d29e0a601d37d45\redhat.java\jdt_ws --pipe=\\.\pipe\lsp-8366004afbb01d0037ebe3321445f913-sock
java_class_path (initial): c:\Users\sonal\.vscode\extensions\redhat.java-1.45.0-win32-x64\server\plugins\org.eclipse.equinox.launcher_1.7.0.v20250519-0528.jar
Launcher Type: SUN_STANDARD

[Global flags]
    uintx AdaptiveSizePolicyWeight                 = 90                                        {product} {command line}
     intx CICompilerCount                          = 4                                         {product} {ergonomic}
    uintx GCTimeRatio                              = 4                                         {product} {command line}
     bool HeapDumpOnOutOfMemoryError               = true                                   {manageable} {command line}
    ccstr HeapDumpPath                             = c:\Users\sonal\AppData\Roaming\Code\User\workspaceStorage\2867b351bed66f009d29e0a601d37d45\redhat.java         {manageable} {command line}
   size_t InitialHeapSize                          = 104857600                                 {product} {command line}
   size_t MaxHeapSize                              = 2147483648                                {product} {command line}
   size_t MaxNewSize                               = 715653120                                 {product} {ergonomic}
   size_t MinHeapDeltaBytes                        = 524288                                    {product} {ergonomic}
   size_t MinHeapSize                              = 104857600                                 {product} {command line}
   size_t NewSize                                  = 34603008                                  {product} {ergonomic}
    uintx NonNMethodCodeHeapSize                   = 5839372                                {pd product} {ergonomic}
    uintx NonProfiledCodeHeapSize                  = 122909434                              {pd product} {ergonomic}
   size_t OldSize                                  = 70254592                                  {product} {ergonomic}
    uintx ProfiledCodeHeapSize                     = 122909434                              {pd product} {ergonomic}
    uintx ReservedCodeCacheSize                    = 251658240                              {pd product} {ergonomic}
     bool SegmentedCodeCache                       = true                                      {product} {ergonomic}
   size_t SoftMaxHeapSize                          = 2147483648                             {manageable} {ergonomic}
     bool UseCompressedOops                        = true                           {product lp64_product} {ergonomic}
     bool UseLargePagesIndividualAllocation        = false                                  {pd product} {ergonomic}
     bool UseParallelGC                            = true                                      {product} {command line}

Logging:
Log output configuration:
 #0: stdout all=off uptime,level,tags foldmultilines=false
 #1: stderr all=off uptime,level,tags foldmultilines=false

Environment Variables:
JAVA_HOME=C:\Program Files\Java\jdk-17.0.12
PATH=C:\Program Files\Amazon Corretto\jdk17.0.14_7\bin;C:\Program Files\Common Files\Oracle\Java\javapath;C:\Program Files\Java\jdk-11\bin;C:\Python312\Scripts\;C:\Python312\;C:\WINDOWS\system32;C:\WINDOWS;C:\WINDOWS\System32\Wbem;C:\WINDOWS\System32\WindowsPowerShell\v1.0\;C:\WINDOWS\System32\OpenSSH\;C:\ProgramData\chocolatey\bin;C:\Program Files\Git\cmd;C:\Program Files\Java\jdk-17.0.12\bin;C:\adb;C:\Users\sonal\AppData\Local\Android\Sdk;C:\Users\sonal\AppData\Local\Android\Sdk\platform-tools;C:\Users\sonal\AppData\Local\Android\Sdk\tools;C:\Users\sonal\AppData\Local\nvm;C:\nvm4w\nodejs;C:\Program Files\Java\jdk-17.0.12\bin;C:\Program Files\Amazon Corretto\jdk17.0.14_7\bin;C:\Program Files\Common Files\Oracle\Java\javapath;C:\Program Files\Java\jdk-11\bin;C:\Python312\Scripts\;C:\Python312\;C:\WINDOWS\system32;C:\WINDOWS;C:\WINDOWS\System32\Wbem;C:\WINDOWS\System32\WindowsPowerShell\v1.0\;C:\WINDOWS\System32\OpenSSH\;C:\ProgramData\chocolatey\bin;C:\Program Files\Git\cmd;C:\Program Files\Java\jdk-17.0.12\bin;C:\adb;C:\Users\sonal\AppData\Local\Android\Sdk;C:\Users\sonal\AppData\Local\Android\Sdk\platform-tools;C:\Users\sonal\AppData\Local\Android\Sdk\tools;C:\Users\sonal\AppData\Local\nvm;C:\nvm4w\nodejs;C:\Users\sonal\AppData\Local\Programs\Microsoft VS Code\bin;C:\Users\sonal\AppData\Local\nvm;C:\nvm4w\nodejs;C:\Users\sonal\AppData\Local\GitHubDesktop\bin
USERNAME=Sonal Singh
OS=Windows_NT
PROCESSOR_IDENTIFIER=Intel64 Family 6 Model 142 Stepping 12, GenuineIntel
TMP=C:\Users\sonal\AppData\Local\Temp
TEMP=C:\Users\sonal\AppData\Local\Temp




Periodic native trim disabled

---------------  S Y S T E M  ---------------

OS:
 Windows 11 , 64 bit Build 26100 (10.0.26100.5074)
OS uptime: 4 days 3:51 hours
Hyper-V role detected

CPU: total 8 (initial active 8) (4 cores per cpu, 2 threads per core) family 6 model 142 stepping 12 microcode 0xea, cx8, cmov, fxsr, ht, mmx, 3dnowpref, sse, sse2, sse3, ssse3, sse4.1, sse4.2, popcnt, lzcnt, tsc, tscinvbit, avx, avx2, aes, erms, clmul, bmi1, bmi2, adx, fma, vzeroupper, clflush, clflushopt, hv, rdtscp, f16c
Processor Information for processor 0
  Max Mhz: 2112, Current Mhz: 1508, Mhz Limit: 1605
Processor Information for processor 1
  Max Mhz: 2112, Current Mhz: 1609, Mhz Limit: 1605
Processor Information for processor 2
  Max Mhz: 2112, Current Mhz: 1609, Mhz Limit: 1605
Processor Information for processor 3
  Max Mhz: 2112, Current Mhz: 1609, Mhz Limit: 1605
Processor Information for processor 4
  Max Mhz: 2112, Current Mhz: 1609, Mhz Limit: 1605
Processor Information for processor 5
  Max Mhz: 2112, Current Mhz: 1508, Mhz Limit: 1605
Processor Information for processor 6
  Max Mhz: 2112, Current Mhz: 1609, Mhz Limit: 1605
Processor Information for processor 7
  Max Mhz: 2112, Current Mhz: 1508, Mhz Limit: 1605

Memory: 4k page, system-wide physical 7995M (470M free)
TotalPageFile size 31812M (AvailPageFile size 6M)
current process WorkingSet (physical memory assigned to process): 30M, peak: 480M
current process commit charge ("private bytes"): 822M, peak: 830M

vm_info: OpenJDK 64-Bit Server VM (21.0.8+9-LTS) for windows-amd64 JRE (21.0.8+9-LTS), built on 2025-07-15T00:00:00Z by "admin" with MS VC++ 17.7 (VS2022)

END.
