#
# There is insufficient memory for the Java Runtime Environment to continue.
# Native memory allocation (malloc) failed to allocate 2283088 bytes for Chunk::new
# Possible reasons:
#   The system is out of physical RAM or swap space
#   The process is running with CompressedOops enabled, and the Java Heap may be blocking the growth of the native heap
# Possible solutions:
#   Reduce memory load on the system
#   Increase physical memory or swap space
#   Check if swap backing store is full
#   Decrease Java heap size (-Xmx/-Xms)
#   Decrease number of Java threads
#   Decrease Java thread stack sizes (-Xss)
#   Set larger code cache with -XX:ReservedCodeCacheSize=
#   JVM is running with Unscaled Compressed Oops mode in which the Java heap is
#     placed in the first 4GB address space. The Java Heap base address is the
#     maximum limit for the native heap growth. Please use -XX:HeapBaseMinAddress
#     to set the Java Heap base and to place the Java Heap above 4GB virtual address.
# This output file may be truncated or incomplete.
#
#  Out of Memory Error (arena.cpp:189), pid=8024, tid=30412
#
# JRE version: Java(TM) SE Runtime Environment (17.0.12+8) (build 17.0.12+8-LTS-286)
# Java VM: Java HotSpot(TM) 64-Bit Server VM (17.0.12+8-LTS-286, mixed mode, sharing, tiered, compressed oops, compressed class ptrs, g1 gc, windows-amd64)
# No core dump will be written. Minidumps are not enabled by default on client versions of Windows
#

---------------  S U M M A R Y ------------

Command Line: --add-opens=java.base/java.lang=ALL-UNNAMED --add-opens=java.base/java.lang.invoke=ALL-UNNAMED --add-opens=java.base/java.util=ALL-UNNAMED --add-opens=java.prefs/java.util.prefs=ALL-UNNAMED --add-exports=jdk.compiler/com.sun.tools.javac.api=ALL-UNNAMED --add-exports=jdk.compiler/com.sun.tools.javac.util=ALL-UNNAMED --add-opens=java.base/java.util=ALL-UNNAMED --add-opens=java.prefs/java.util.prefs=ALL-UNNAMED --add-opens=java.base/java.nio.charset=ALL-UNNAMED --add-opens=java.base/java.net=ALL-UNNAMED --add-opens=java.base/java.util.concurrent.atomic=ALL-UNNAMED --add-opens=java.xml/javax.xml.namespace=ALL-UNNAMED -XX:MaxMetaspaceSize=512m -Xmx2048m -Dfile.encoding=UTF-8 -Duser.country=IN -Duser.language=en -Duser.variant -javaagent:C:\Users\sonal\.gradle\wrapper\dists\gradle-8.14.1-bin\baw1sv0jfoi8rxs14qo3h49cs\gradle-8.14.1\lib\agents\gradle-instrumentation-agent-8.14.1.jar org.gradle.launcher.daemon.bootstrap.GradleDaemon 8.14.1

Host: Intel(R) Core(TM) i5-10210U CPU @ 1.60GHz, 8 cores, 7G,  Windows 11 , 64 bit Build 26100 (10.0.26100.5074)
Time: Tue Sep 23 04:38:26 2025 India Standard Time elapsed time: 11.220735 seconds (0d 0h 0m 11s)

---------------  T H R E A D  ---------------

Current thread (0x00000273aa56c810):  JavaThread "C2 CompilerThread2" daemon [_thread_in_native, id=30412, stack(0x000000d242d00000,0x000000d242e00000)]


Current CompileTask:
C2:  11222 2452       4       java.net.URLClassLoader$1::run (5 bytes)

Stack: [0x000000d242d00000,0x000000d242e00000]
Native frames: (J=compiled Java code, j=interpreted, Vv=VM code, C=native code)
V  [jvm.dll+0x67a04a]
V  [jvm.dll+0x7da4ed]
V  [jvm.dll+0x7dbe33]
V  [jvm.dll+0x7dc4a3]
V  [jvm.dll+0x24508f]
V  [jvm.dll+0xab773]
V  [jvm.dll+0xabd3c]
V  [jvm.dll+0x361bee]
V  [jvm.dll+0x32c431]
V  [jvm.dll+0x32b8ca]
V  [jvm.dll+0x21683f]
V  [jvm.dll+0x215c6f]
V  [jvm.dll+0x1a2960]
V  [jvm.dll+0x22610b]
V  [jvm.dll+0x2242ab]
V  [jvm.dll+0x79075c]
V  [jvm.dll+0x78abea]
V  [jvm.dll+0x678f35]
C  [ucrtbase.dll+0x37b0]
C  [KERNEL32.DLL+0x2e8d7]
C  [ntdll.dll+0x8d9c]


---------------  P R O C E S S  ---------------

Threads class SMR info:
_java_thread_list=0x00000273aca66950, length=27, elements={
0x00000273e8426960, 0x00000273f93935b0, 0x00000273f9394080, 0x00000273f93a40c0,
0x00000273f93a86c0, 0x00000273f93a8ba0, 0x00000273f93aa830, 0x00000273f93b0cf0,
0x00000273f93b1a60, 0x00000273f93b2720, 0x00000273f95d7420, 0x00000273f9693e40,
0x00000273aa539d90, 0x00000273aa2e2240, 0x00000273ff00e030, 0x00000273aa293c80,
0x00000273aa294160, 0x00000273fec6c4e0, 0x00000273fec6ed60, 0x00000273fec6d410,
0x00000273fec6de30, 0x00000273fec6e850, 0x00000273fec6f270, 0x00000273fec6d920,
0x00000273fec6e340, 0x00000273aa5aa660, 0x00000273aa56c810
}

Java Threads: ( => current thread )
  0x00000273e8426960 JavaThread "main" [_thread_blocked, id=16960, stack(0x000000d240500000,0x000000d240600000)]
  0x00000273f93935b0 JavaThread "Reference Handler" daemon [_thread_blocked, id=25784, stack(0x000000d240c00000,0x000000d240d00000)]
  0x00000273f9394080 JavaThread "Finalizer" daemon [_thread_blocked, id=26920, stack(0x000000d240d00000,0x000000d240e00000)]
  0x00000273f93a40c0 JavaThread "Signal Dispatcher" daemon [_thread_blocked, id=7116, stack(0x000000d240e00000,0x000000d240f00000)]
  0x00000273f93a86c0 JavaThread "Attach Listener" daemon [_thread_blocked, id=27504, stack(0x000000d240f00000,0x000000d241000000)]
  0x00000273f93a8ba0 JavaThread "Service Thread" daemon [_thread_blocked, id=18572, stack(0x000000d241000000,0x000000d241100000)]
  0x00000273f93aa830 JavaThread "Monitor Deflation Thread" daemon [_thread_blocked, id=23960, stack(0x000000d241100000,0x000000d241200000)]
  0x00000273f93b0cf0 JavaThread "C2 CompilerThread0" daemon [_thread_blocked, id=18040, stack(0x000000d241200000,0x000000d241300000)]
  0x00000273f93b1a60 JavaThread "C1 CompilerThread0" daemon [_thread_in_vm, id=28156, stack(0x000000d241300000,0x000000d241400000)]
  0x00000273f93b2720 JavaThread "Sweeper thread" daemon [_thread_blocked, id=28900, stack(0x000000d241400000,0x000000d241500000)]
  0x00000273f95d7420 JavaThread "Common-Cleaner" daemon [_thread_blocked, id=28364, stack(0x000000d241500000,0x000000d241600000)]
  0x00000273f9693e40 JavaThread "Notification Thread" daemon [_thread_blocked, id=29928, stack(0x000000d241600000,0x000000d241700000)]
  0x00000273aa539d90 JavaThread "Daemon health stats" [_thread_blocked, id=17124, stack(0x000000d241900000,0x000000d241a00000)]
  0x00000273aa2e2240 JavaThread "Incoming local TCP Connector on port 60469" [_thread_in_native, id=24960, stack(0x000000d241800000,0x000000d241900000)]
  0x00000273ff00e030 JavaThread "Daemon periodic checks" [_thread_blocked, id=3280, stack(0x000000d241e00000,0x000000d241f00000)]
  0x00000273aa293c80 JavaThread "Daemon" [_thread_blocked, id=28856, stack(0x000000d241f00000,0x000000d242000000)]
  0x00000273aa294160 JavaThread "Handler for socket connection from /127.0.0.1:60469 to /127.0.0.1:60470" [_thread_in_native, id=30232, stack(0x000000d242000000,0x000000d242100000)]
  0x00000273fec6c4e0 JavaThread "Cancel handler" [_thread_blocked, id=23664, stack(0x000000d242100000,0x000000d242200000)]
  0x00000273fec6ed60 JavaThread "Daemon worker" [_thread_in_native, id=21728, stack(0x000000d242200000,0x000000d242300000)]
  0x00000273fec6d410 JavaThread "Asynchronous log dispatcher for DefaultDaemonConnection: socket connection from /127.0.0.1:60469 to /127.0.0.1:60470" [_thread_blocked, id=24976, stack(0x000000d242300000,0x000000d242400000)]
  0x00000273fec6de30 JavaThread "Stdin handler" [_thread_blocked, id=28952, stack(0x000000d242400000,0x000000d242500000)]
  0x00000273fec6e850 JavaThread "Daemon client event forwarder" [_thread_blocked, id=21552, stack(0x000000d242500000,0x000000d242600000)]
  0x00000273fec6f270 JavaThread "Cache worker for journal cache (C:\Users\sonal\.gradle\caches\journal-1)" [_thread_blocked, id=1804, stack(0x000000d242600000,0x000000d242700000)]
  0x00000273fec6d920 JavaThread "File lock request listener" [_thread_in_native, id=26968, stack(0x000000d242700000,0x000000d242800000)]
  0x00000273fec6e340 JavaThread "Cache worker for file hash cache (C:\Users\sonal\.gradle\caches\8.14.1\fileHashes)" [_thread_blocked, id=4340, stack(0x000000d242800000,0x000000d242900000)]
  0x00000273aa5aa660 JavaThread "C2 CompilerThread1" daemon [_thread_in_native, id=14992, stack(0x000000d242900000,0x000000d242a00000)]
=>0x00000273aa56c810 JavaThread "C2 CompilerThread2" daemon [_thread_in_native, id=30412, stack(0x000000d242d00000,0x000000d242e00000)]

Other Threads:
  0x00000273f938d8b0 VMThread "VM Thread" [stack: 0x000000d240b00000,0x000000d240c00000] [id=4012]
  0x00000273e84d9170 WatcherThread [stack: 0x000000d241700000,0x000000d241800000] [id=25572]
  0x00000273e8484440 GCTaskThread "GC Thread#0" [stack: 0x000000d240600000,0x000000d240700000] [id=20572]
  0x00000273fe3cdc00 GCTaskThread "GC Thread#1" [stack: 0x000000d241a00000,0x000000d241b00000] [id=25764]
  0x00000273fe60b800 GCTaskThread "GC Thread#2" [stack: 0x000000d241b00000,0x000000d241c00000] [id=24220]
  0x00000273f981a4a0 GCTaskThread "GC Thread#3" [stack: 0x000000d241c00000,0x000000d241d00000] [id=27612]
  0x00000273f98199a0 GCTaskThread "GC Thread#4" [stack: 0x000000d241d00000,0x000000d241e00000] [id=26588]
  0x00000273f981a760 GCTaskThread "GC Thread#5" [stack: 0x000000d242a00000,0x000000d242b00000] [id=29808]
  0x00000273f9819f20 GCTaskThread "GC Thread#6" [stack: 0x000000d242b00000,0x000000d242c00000] [id=27848]
  0x00000273f981aa20 GCTaskThread "GC Thread#7" [stack: 0x000000d242c00000,0x000000d242d00000] [id=23072]
  0x00000273e84d3010 ConcurrentGCThread "G1 Main Marker" [stack: 0x000000d240700000,0x000000d240800000] [id=28796]
  0x00000273e84d3930 ConcurrentGCThread "G1 Conc#0" [stack: 0x000000d240800000,0x000000d240900000] [id=30616]
  0x00000273f923e530 ConcurrentGCThread "G1 Refine#0" [stack: 0x000000d240900000,0x000000d240a00000] [id=30620]
  0x00000273f9240c30 ConcurrentGCThread "G1 Service" [stack: 0x000000d240a00000,0x000000d240b00000] [id=6736]

Threads with active compile tasks:
C2 CompilerThread1    11354 2584   !   4       java.net.URL::<init> (543 bytes)
C2 CompilerThread2    11355 2452       4       java.net.URLClassLoader$1::run (5 bytes)

VM state: not at safepoint (normal execution)

VM Mutex/Monitor currently owned by a thread: None

Heap address: 0x0000000080000000, size: 2048 MB, Compressed Oops mode: 32-bit

CDS archive(s) mapped at: [0x000002738f000000-0x000002738fbd0000-0x000002738fbd0000), size 12386304, SharedBaseAddress: 0x000002738f000000, ArchiveRelocationMode: 1.
Compressed class space mapped at: 0x0000027390000000-0x00000273aa000000, reserved size: 436207616
Narrow klass base: 0x000002738f000000, Narrow klass shift: 0, Narrow klass range: 0x100000000

GC Precious Log:
 CPUs: 8 total, 8 available
 Memory: 7995M
 Large Page Support: Disabled
 NUMA Support: Disabled
 Compressed Oops: Enabled (32-bit)
 Heap Region Size: 1M
 Heap Min Capacity: 8M
 Heap Initial Capacity: 126M
 Heap Max Capacity: 2G
 Pre-touch: Disabled
 Parallel Workers: 8
 Concurrent Workers: 2
 Concurrent Refinement Workers: 8
 Periodic GC: Disabled

Heap:
 garbage-first heap   total 129024K, used 50384K [0x0000000080000000, 0x0000000100000000)
  region size 1024K, 39 young (39936K), 10 survivors (10240K)
 Metaspace       used 20182K, committed 20480K, reserved 491520K
  class space    used 2953K, committed 3136K, reserved 425984K

Heap Regions: E=young(eden), S=young(survivor), O=old, HS=humongous(starts), HC=humongous(continues), CS=collection set, F=free, OA=open archive, CA=closed archive, TAMS=top-at-mark-start (previous, next)
|   0|0x0000000080000000, 0x0000000080100000, 0x0000000080100000|100%|HS|  |TAMS 0x0000000080000000, 0x0000000080000000| Complete 
|   1|0x0000000080100000, 0x0000000080200000, 0x0000000080200000|100%|HC|  |TAMS 0x0000000080100000, 0x0000000080100000| Complete 
|   2|0x0000000080200000, 0x0000000080300000, 0x0000000080300000|100%|HC|  |TAMS 0x0000000080200000, 0x0000000080200000| Complete 
|   3|0x0000000080300000, 0x0000000080400000, 0x0000000080400000|100%| O|  |TAMS 0x0000000080300000, 0x0000000080300000| Untracked 
|   4|0x0000000080400000, 0x0000000080500000, 0x0000000080500000|100%| O|  |TAMS 0x0000000080400000, 0x0000000080400000| Untracked 
|   5|0x0000000080500000, 0x0000000080600000, 0x0000000080600000|100%| O|  |TAMS 0x0000000080500000, 0x0000000080500000| Untracked 
|   6|0x0000000080600000, 0x0000000080700000, 0x0000000080700000|100%|HS|  |TAMS 0x0000000080600000, 0x0000000080600000| Complete 
|   7|0x0000000080700000, 0x0000000080700000, 0x0000000080800000|  0%| F|  |TAMS 0x0000000080700000, 0x0000000080700000| Untracked 
|   8|0x0000000080800000, 0x0000000080900000, 0x0000000080900000|100%| O|  |TAMS 0x0000000080800000, 0x0000000080800000| Untracked 
|   9|0x0000000080900000, 0x0000000080a00000, 0x0000000080a00000|100%| O|  |TAMS 0x0000000080900000, 0x0000000080900000| Untracked 
|  10|0x0000000080a00000, 0x0000000080b00000, 0x0000000080b00000|100%| O|  |TAMS 0x0000000080a00000, 0x0000000080a00000| Untracked 
|  11|0x0000000080b00000, 0x0000000080c00000, 0x0000000080c00000|100%| O|  |TAMS 0x0000000080b00000, 0x0000000080b00000| Untracked 
|  12|0x0000000080c00000, 0x0000000080caa600, 0x0000000080d00000| 66%| O|  |TAMS 0x0000000080c00000, 0x0000000080c00000| Untracked 
|  13|0x0000000080d00000, 0x0000000080d00000, 0x0000000080e00000|  0%| F|  |TAMS 0x0000000080d00000, 0x0000000080d00000| Untracked 
|  14|0x0000000080e00000, 0x0000000080e00000, 0x0000000080f00000|  0%| F|  |TAMS 0x0000000080e00000, 0x0000000080e00000| Untracked 
|  15|0x0000000080f00000, 0x0000000080f00000, 0x0000000081000000|  0%| F|  |TAMS 0x0000000080f00000, 0x0000000080f00000| Untracked 
|  16|0x0000000081000000, 0x0000000081000000, 0x0000000081100000|  0%| F|  |TAMS 0x0000000081000000, 0x0000000081000000| Untracked 
|  17|0x0000000081100000, 0x0000000081100000, 0x0000000081200000|  0%| F|  |TAMS 0x0000000081100000, 0x0000000081100000| Untracked 
|  18|0x0000000081200000, 0x0000000081200000, 0x0000000081300000|  0%| F|  |TAMS 0x0000000081200000, 0x0000000081200000| Untracked 
|  19|0x0000000081300000, 0x0000000081300000, 0x0000000081400000|  0%| F|  |TAMS 0x0000000081300000, 0x0000000081300000| Untracked 
|  20|0x0000000081400000, 0x0000000081400000, 0x0000000081500000|  0%| F|  |TAMS 0x0000000081400000, 0x0000000081400000| Untracked 
|  21|0x0000000081500000, 0x0000000081500000, 0x0000000081600000|  0%| F|  |TAMS 0x0000000081500000, 0x0000000081500000| Untracked 
|  22|0x0000000081600000, 0x0000000081600000, 0x0000000081700000|  0%| F|  |TAMS 0x0000000081600000, 0x0000000081600000| Untracked 
|  23|0x0000000081700000, 0x0000000081700000, 0x0000000081800000|  0%| F|  |TAMS 0x0000000081700000, 0x0000000081700000| Untracked 
|  24|0x0000000081800000, 0x0000000081800000, 0x0000000081900000|  0%| F|  |TAMS 0x0000000081800000, 0x0000000081800000| Untracked 
|  25|0x0000000081900000, 0x0000000081900000, 0x0000000081a00000|  0%| F|  |TAMS 0x0000000081900000, 0x0000000081900000| Untracked 
|  26|0x0000000081a00000, 0x0000000081a00000, 0x0000000081b00000|  0%| F|  |TAMS 0x0000000081a00000, 0x0000000081a00000| Untracked 
|  27|0x0000000081b00000, 0x0000000081b00000, 0x0000000081c00000|  0%| F|  |TAMS 0x0000000081b00000, 0x0000000081b00000| Untracked 
|  28|0x0000000081c00000, 0x0000000081c00000, 0x0000000081d00000|  0%| F|  |TAMS 0x0000000081c00000, 0x0000000081c00000| Untracked 
|  29|0x0000000081d00000, 0x0000000081d00000, 0x0000000081e00000|  0%| F|  |TAMS 0x0000000081d00000, 0x0000000081d00000| Untracked 
|  30|0x0000000081e00000, 0x0000000081e00000, 0x0000000081f00000|  0%| F|  |TAMS 0x0000000081e00000, 0x0000000081e00000| Untracked 
|  31|0x0000000081f00000, 0x0000000081f00000, 0x0000000082000000|  0%| F|  |TAMS 0x0000000081f00000, 0x0000000081f00000| Untracked 
|  32|0x0000000082000000, 0x0000000082000000, 0x0000000082100000|  0%| F|  |TAMS 0x0000000082000000, 0x0000000082000000| Untracked 
|  33|0x0000000082100000, 0x0000000082100000, 0x0000000082200000|  0%| F|  |TAMS 0x0000000082100000, 0x0000000082100000| Untracked 
|  34|0x0000000082200000, 0x0000000082200000, 0x0000000082300000|  0%| F|  |TAMS 0x0000000082200000, 0x0000000082200000| Untracked 
|  35|0x0000000082300000, 0x0000000082300000, 0x0000000082400000|  0%| F|  |TAMS 0x0000000082300000, 0x0000000082300000| Untracked 
|  36|0x0000000082400000, 0x0000000082400000, 0x0000000082500000|  0%| F|  |TAMS 0x0000000082400000, 0x0000000082400000| Untracked 
|  37|0x0000000082500000, 0x0000000082500000, 0x0000000082600000|  0%| F|  |TAMS 0x0000000082500000, 0x0000000082500000| Untracked 
|  38|0x0000000082600000, 0x0000000082600000, 0x0000000082700000|  0%| F|  |TAMS 0x0000000082600000, 0x0000000082600000| Untracked 
|  39|0x0000000082700000, 0x0000000082700000, 0x0000000082800000|  0%| F|  |TAMS 0x0000000082700000, 0x0000000082700000| Untracked 
|  40|0x0000000082800000, 0x0000000082800000, 0x0000000082900000|  0%| F|  |TAMS 0x0000000082800000, 0x0000000082800000| Untracked 
|  41|0x0000000082900000, 0x0000000082989cc0, 0x0000000082a00000| 53%| S|CS|TAMS 0x0000000082900000, 0x0000000082900000| Complete 
|  42|0x0000000082a00000, 0x0000000082b00000, 0x0000000082b00000|100%| S|CS|TAMS 0x0000000082a00000, 0x0000000082a00000| Complete 
|  43|0x0000000082b00000, 0x0000000082c00000, 0x0000000082c00000|100%| S|CS|TAMS 0x0000000082b00000, 0x0000000082b00000| Complete 
|  44|0x0000000082c00000, 0x0000000082d00000, 0x0000000082d00000|100%| S|CS|TAMS 0x0000000082c00000, 0x0000000082c00000| Complete 
|  45|0x0000000082d00000, 0x0000000082e00000, 0x0000000082e00000|100%| S|CS|TAMS 0x0000000082d00000, 0x0000000082d00000| Complete 
|  46|0x0000000082e00000, 0x0000000082f00000, 0x0000000082f00000|100%| S|CS|TAMS 0x0000000082e00000, 0x0000000082e00000| Complete 
|  47|0x0000000082f00000, 0x0000000083000000, 0x0000000083000000|100%| S|CS|TAMS 0x0000000082f00000, 0x0000000082f00000| Complete 
|  48|0x0000000083000000, 0x0000000083100000, 0x0000000083100000|100%| S|CS|TAMS 0x0000000083000000, 0x0000000083000000| Complete 
|  49|0x0000000083100000, 0x0000000083200000, 0x0000000083200000|100%| S|CS|TAMS 0x0000000083100000, 0x0000000083100000| Complete 
|  50|0x0000000083200000, 0x0000000083300000, 0x0000000083300000|100%| S|CS|TAMS 0x0000000083200000, 0x0000000083200000| Complete 
|  51|0x0000000083300000, 0x0000000083300000, 0x0000000083400000|  0%| F|  |TAMS 0x0000000083300000, 0x0000000083300000| Untracked 
|  52|0x0000000083400000, 0x0000000083400000, 0x0000000083500000|  0%| F|  |TAMS 0x0000000083400000, 0x0000000083400000| Untracked 
|  53|0x0000000083500000, 0x0000000083500000, 0x0000000083600000|  0%| F|  |TAMS 0x0000000083500000, 0x0000000083500000| Untracked 
|  54|0x0000000083600000, 0x0000000083600000, 0x0000000083700000|  0%| F|  |TAMS 0x0000000083600000, 0x0000000083600000| Untracked 
|  55|0x0000000083700000, 0x0000000083700000, 0x0000000083800000|  0%| F|  |TAMS 0x0000000083700000, 0x0000000083700000| Untracked 
|  56|0x0000000083800000, 0x0000000083800000, 0x0000000083900000|  0%| F|  |TAMS 0x0000000083800000, 0x0000000083800000| Untracked 
|  57|0x0000000083900000, 0x0000000083900000, 0x0000000083a00000|  0%| F|  |TAMS 0x0000000083900000, 0x0000000083900000| Untracked 
|  58|0x0000000083a00000, 0x0000000083a00000, 0x0000000083b00000|  0%| F|  |TAMS 0x0000000083a00000, 0x0000000083a00000| Untracked 
|  59|0x0000000083b00000, 0x0000000083b00000, 0x0000000083c00000|  0%| F|  |TAMS 0x0000000083b00000, 0x0000000083b00000| Untracked 
|  60|0x0000000083c00000, 0x0000000083c00000, 0x0000000083d00000|  0%| F|  |TAMS 0x0000000083c00000, 0x0000000083c00000| Untracked 
|  61|0x0000000083d00000, 0x0000000083d00000, 0x0000000083e00000|  0%| F|  |TAMS 0x0000000083d00000, 0x0000000083d00000| Untracked 
|  62|0x0000000083e00000, 0x0000000083e00000, 0x0000000083f00000|  0%| F|  |TAMS 0x0000000083e00000, 0x0000000083e00000| Untracked 
|  63|0x0000000083f00000, 0x0000000083f00000, 0x0000000084000000|  0%| F|  |TAMS 0x0000000083f00000, 0x0000000083f00000| Untracked 
|  64|0x0000000084000000, 0x0000000084000000, 0x0000000084100000|  0%| F|  |TAMS 0x0000000084000000, 0x0000000084000000| Untracked 
|  65|0x0000000084100000, 0x0000000084100000, 0x0000000084200000|  0%| F|  |TAMS 0x0000000084100000, 0x0000000084100000| Untracked 
|  66|0x0000000084200000, 0x0000000084200000, 0x0000000084300000|  0%| F|  |TAMS 0x0000000084200000, 0x0000000084200000| Untracked 
|  67|0x0000000084300000, 0x0000000084300000, 0x0000000084400000|  0%| F|  |TAMS 0x0000000084300000, 0x0000000084300000| Untracked 
|  68|0x0000000084400000, 0x0000000084400000, 0x0000000084500000|  0%| F|  |TAMS 0x0000000084400000, 0x0000000084400000| Untracked 
|  69|0x0000000084500000, 0x0000000084500000, 0x0000000084600000|  0%| F|  |TAMS 0x0000000084500000, 0x0000000084500000| Untracked 
|  70|0x0000000084600000, 0x0000000084600000, 0x0000000084700000|  0%| F|  |TAMS 0x0000000084600000, 0x0000000084600000| Untracked 
|  71|0x0000000084700000, 0x0000000084700000, 0x0000000084800000|  0%| F|  |TAMS 0x0000000084700000, 0x0000000084700000| Untracked 
|  72|0x0000000084800000, 0x0000000084800000, 0x0000000084900000|  0%| F|  |TAMS 0x0000000084800000, 0x0000000084800000| Untracked 
|  73|0x0000000084900000, 0x0000000084900000, 0x0000000084a00000|  0%| F|  |TAMS 0x0000000084900000, 0x0000000084900000| Untracked 
|  74|0x0000000084a00000, 0x0000000084a00000, 0x0000000084b00000|  0%| F|  |TAMS 0x0000000084a00000, 0x0000000084a00000| Untracked 
|  75|0x0000000084b00000, 0x0000000084b00000, 0x0000000084c00000|  0%| F|  |TAMS 0x0000000084b00000, 0x0000000084b00000| Untracked 
|  76|0x0000000084c00000, 0x0000000084c00000, 0x0000000084d00000|  0%| F|  |TAMS 0x0000000084c00000, 0x0000000084c00000| Untracked 
|  77|0x0000000084d00000, 0x0000000084d00000, 0x0000000084e00000|  0%| F|  |TAMS 0x0000000084d00000, 0x0000000084d00000| Untracked 
|  78|0x0000000084e00000, 0x0000000084e00000, 0x0000000084f00000|  0%| F|  |TAMS 0x0000000084e00000, 0x0000000084e00000| Untracked 
|  79|0x0000000084f00000, 0x0000000084f00000, 0x0000000085000000|  0%| F|  |TAMS 0x0000000084f00000, 0x0000000084f00000| Untracked 
|  80|0x0000000085000000, 0x0000000085000000, 0x0000000085100000|  0%| F|  |TAMS 0x0000000085000000, 0x0000000085000000| Untracked 
|  81|0x0000000085100000, 0x0000000085100000, 0x0000000085200000|  0%| F|  |TAMS 0x0000000085100000, 0x0000000085100000| Untracked 
|  82|0x0000000085200000, 0x0000000085200000, 0x0000000085300000|  0%| F|  |TAMS 0x0000000085200000, 0x0000000085200000| Untracked 
|  83|0x0000000085300000, 0x0000000085300000, 0x0000000085400000|  0%| F|  |TAMS 0x0000000085300000, 0x0000000085300000| Untracked 
|  84|0x0000000085400000, 0x0000000085400000, 0x0000000085500000|  0%| F|  |TAMS 0x0000000085400000, 0x0000000085400000| Untracked 
|  85|0x0000000085500000, 0x0000000085500000, 0x0000000085600000|  0%| F|  |TAMS 0x0000000085500000, 0x0000000085500000| Untracked 
|  86|0x0000000085600000, 0x0000000085600000, 0x0000000085700000|  0%| F|  |TAMS 0x0000000085600000, 0x0000000085600000| Untracked 
|  87|0x0000000085700000, 0x0000000085700000, 0x0000000085800000|  0%| F|  |TAMS 0x0000000085700000, 0x0000000085700000| Untracked 
|  88|0x0000000085800000, 0x0000000085800000, 0x0000000085900000|  0%| F|  |TAMS 0x0000000085800000, 0x0000000085800000| Untracked 
|  89|0x0000000085900000, 0x0000000085900000, 0x0000000085a00000|  0%| F|  |TAMS 0x0000000085900000, 0x0000000085900000| Untracked 
|  90|0x0000000085a00000, 0x0000000085a00000, 0x0000000085b00000|  0%| F|  |TAMS 0x0000000085a00000, 0x0000000085a00000| Untracked 
|  91|0x0000000085b00000, 0x0000000085b00000, 0x0000000085c00000|  0%| F|  |TAMS 0x0000000085b00000, 0x0000000085b00000| Untracked 
|  92|0x0000000085c00000, 0x0000000085c00000, 0x0000000085d00000|  0%| F|  |TAMS 0x0000000085c00000, 0x0000000085c00000| Untracked 
|  93|0x0000000085d00000, 0x0000000085d00000, 0x0000000085e00000|  0%| F|  |TAMS 0x0000000085d00000, 0x0000000085d00000| Untracked 
|  94|0x0000000085e00000, 0x0000000085e00000, 0x0000000085f00000|  0%| F|  |TAMS 0x0000000085e00000, 0x0000000085e00000| Untracked 
|  95|0x0000000085f00000, 0x0000000085f00000, 0x0000000086000000|  0%| F|  |TAMS 0x0000000085f00000, 0x0000000085f00000| Untracked 
|  96|0x0000000086000000, 0x0000000086000000, 0x0000000086100000|  0%| F|  |TAMS 0x0000000086000000, 0x0000000086000000| Untracked 
|  97|0x0000000086100000, 0x0000000086200000, 0x0000000086200000|100%| E|  |TAMS 0x0000000086100000, 0x0000000086100000| Complete 
|  98|0x0000000086200000, 0x0000000086300000, 0x0000000086300000|100%| E|CS|TAMS 0x0000000086200000, 0x0000000086200000| Complete 
|  99|0x0000000086300000, 0x0000000086400000, 0x0000000086400000|100%| E|CS|TAMS 0x0000000086300000, 0x0000000086300000| Complete 
| 100|0x0000000086400000, 0x0000000086500000, 0x0000000086500000|100%| E|CS|TAMS 0x0000000086400000, 0x0000000086400000| Complete 
| 101|0x0000000086500000, 0x0000000086600000, 0x0000000086600000|100%| E|CS|TAMS 0x0000000086500000, 0x0000000086500000| Complete 
| 102|0x0000000086600000, 0x0000000086700000, 0x0000000086700000|100%| E|CS|TAMS 0x0000000086600000, 0x0000000086600000| Complete 
| 103|0x0000000086700000, 0x0000000086800000, 0x0000000086800000|100%| E|CS|TAMS 0x0000000086700000, 0x0000000086700000| Complete 
| 104|0x0000000086800000, 0x0000000086900000, 0x0000000086900000|100%| E|CS|TAMS 0x0000000086800000, 0x0000000086800000| Complete 
| 105|0x0000000086900000, 0x0000000086a00000, 0x0000000086a00000|100%| E|CS|TAMS 0x0000000086900000, 0x0000000086900000| Complete 
| 106|0x0000000086a00000, 0x0000000086b00000, 0x0000000086b00000|100%| E|CS|TAMS 0x0000000086a00000, 0x0000000086a00000| Complete 
| 107|0x0000000086b00000, 0x0000000086c00000, 0x0000000086c00000|100%| E|CS|TAMS 0x0000000086b00000, 0x0000000086b00000| Complete 
| 108|0x0000000086c00000, 0x0000000086d00000, 0x0000000086d00000|100%| E|CS|TAMS 0x0000000086c00000, 0x0000000086c00000| Complete 
| 109|0x0000000086d00000, 0x0000000086e00000, 0x0000000086e00000|100%| E|CS|TAMS 0x0000000086d00000, 0x0000000086d00000| Complete 
| 110|0x0000000086e00000, 0x0000000086f00000, 0x0000000086f00000|100%| E|CS|TAMS 0x0000000086e00000, 0x0000000086e00000| Complete 
| 111|0x0000000086f00000, 0x0000000087000000, 0x0000000087000000|100%| E|CS|TAMS 0x0000000086f00000, 0x0000000086f00000| Complete 
| 112|0x0000000087000000, 0x0000000087100000, 0x0000000087100000|100%| E|CS|TAMS 0x0000000087000000, 0x0000000087000000| Complete 
| 113|0x0000000087100000, 0x0000000087200000, 0x0000000087200000|100%| E|CS|TAMS 0x0000000087100000, 0x0000000087100000| Complete 
| 114|0x0000000087200000, 0x0000000087300000, 0x0000000087300000|100%| E|CS|TAMS 0x0000000087200000, 0x0000000087200000| Complete 
| 115|0x0000000087300000, 0x0000000087400000, 0x0000000087400000|100%| E|CS|TAMS 0x0000000087300000, 0x0000000087300000| Complete 
| 116|0x0000000087400000, 0x0000000087500000, 0x0000000087500000|100%| E|CS|TAMS 0x0000000087400000, 0x0000000087400000| Complete 
| 117|0x0000000087500000, 0x0000000087600000, 0x0000000087600000|100%| E|CS|TAMS 0x0000000087500000, 0x0000000087500000| Complete 
| 118|0x0000000087600000, 0x0000000087700000, 0x0000000087700000|100%| E|CS|TAMS 0x0000000087600000, 0x0000000087600000| Complete 
| 119|0x0000000087700000, 0x0000000087800000, 0x0000000087800000|100%| E|CS|TAMS 0x0000000087700000, 0x0000000087700000| Complete 
| 120|0x0000000087800000, 0x0000000087900000, 0x0000000087900000|100%| E|CS|TAMS 0x0000000087800000, 0x0000000087800000| Complete 
| 121|0x0000000087900000, 0x0000000087a00000, 0x0000000087a00000|100%| E|CS|TAMS 0x0000000087900000, 0x0000000087900000| Complete 
| 122|0x0000000087a00000, 0x0000000087b00000, 0x0000000087b00000|100%| E|CS|TAMS 0x0000000087a00000, 0x0000000087a00000| Complete 
| 123|0x0000000087b00000, 0x0000000087c00000, 0x0000000087c00000|100%| E|CS|TAMS 0x0000000087b00000, 0x0000000087b00000| Complete 
| 124|0x0000000087c00000, 0x0000000087d00000, 0x0000000087d00000|100%| E|CS|TAMS 0x0000000087c00000, 0x0000000087c00000| Complete 
| 125|0x0000000087d00000, 0x0000000087e00000, 0x0000000087e00000|100%| E|CS|TAMS 0x0000000087d00000, 0x0000000087d00000| Complete 

Card table byte_map: [0x00000273f2160000,0x00000273f2560000] _byte_map_base: 0x00000273f1d60000

Marking Bits (Prev, Next): (CMBitMap*) 0x00000273e8484970, (CMBitMap*) 0x00000273e84849b0
 Prev Bits: [0x00000273f2960000, 0x00000273f4960000)
 Next Bits: [0x00000273f4960000, 0x00000273f6960000)

Polling page: 0x00000273e8110000

Metaspace:

Usage:
  Non-class:     16.86 MB used.
      Class:      2.89 MB used.
       Both:     19.75 MB used.

Virtual space:
  Non-class space:       64.00 MB reserved,      17.00 MB ( 27%) committed,  1 nodes.
      Class space:      416.00 MB reserved,       3.06 MB ( <1%) committed,  1 nodes.
             Both:      480.00 MB reserved,      20.06 MB (  4%) committed. 

Chunk freelists:
   Non-Class:  15.03 MB
       Class:  12.98 MB
        Both:  28.02 MB

MaxMetaspaceSize: 512.00 MB
CompressedClassSpaceSize: 416.00 MB
Initial GC threshold: 21.00 MB
Current GC threshold: 21.00 MB
CDS: on
MetaspaceReclaimPolicy: balanced
 - commit_granule_bytes: 65536.
 - commit_granule_words: 8192.
 - virtual_space_node_default_size: 8388608.
 - enlarge_chunks_in_place: 1.
 - new_chunks_are_fully_committed: 0.
 - uncommit_free_chunks: 1.
 - use_allocation_guard: 0.
 - handle_deallocations: 1.


Internal statistics:

num_allocs_failed_limit: 0.
num_arena_births: 256.
num_arena_deaths: 0.
num_vsnodes_births: 2.
num_vsnodes_deaths: 0.
num_space_committed: 321.
num_space_uncommitted: 0.
num_chunks_returned_to_freelist: 0.
num_chunks_taken_from_freelist: 992.
num_chunk_merges: 0.
num_chunk_splits: 645.
num_chunks_enlarged: 445.
num_inconsistent_stats: 0.

CodeHeap 'non-profiled nmethods': size=120000Kb used=1453Kb max_used=1453Kb free=118546Kb
 bounds [0x0000027387ad0000, 0x0000027387d40000, 0x000002738f000000]
CodeHeap 'profiled nmethods': size=120000Kb used=5390Kb max_used=5390Kb free=114609Kb
 bounds [0x0000027380000000, 0x0000027380550000, 0x0000027387530000]
CodeHeap 'non-nmethods': size=5760Kb used=1237Kb max_used=1323Kb free=4522Kb
 bounds [0x0000027387530000, 0x00000273877a0000, 0x0000027387ad0000]
 total_blobs=3181 nmethods=2636 adapters=457
 compilation: enabled
              stopped_count=0, restarted_count=0
 full_count=0

Compilation events (20 events):
Event: 10.183 Thread 0x00000273f93b1a60 nmethod 2617 0x000002738053c610 code [0x000002738053c840, 0x000002738053d1c8]
Event: 10.183 Thread 0x00000273f93b1a60 2621       3       org.objectweb.asm.Frame::getLocal (46 bytes)
Event: 10.183 Thread 0x00000273f93b1a60 nmethod 2621 0x000002738053d410 code [0x000002738053d5c0, 0x000002738053d7f8]
Event: 10.183 Thread 0x00000273f93b1a60 2620       3       org.objectweb.asm.Frame::pop (53 bytes)
Event: 10.185 Thread 0x00000273f93b1a60 nmethod 2620 0x000002738053d910 code [0x000002738053db60, 0x000002738053e2d8]
Event: 10.185 Thread 0x00000273f93b1a60 2619       1       org.gradle.internal.instantiation.generator.AbstractClassGenerator$PropertyMetadata::getOverridableGetters (5 bytes)
Event: 10.185 Thread 0x00000273f93b1a60 nmethod 2619 0x0000027387c26410 code [0x0000027387c265a0, 0x0000027387c26678]
Event: 10.185 Thread 0x00000273f93b1a60 2622       1       org.objectweb.asm.SymbolTable::getClassName (5 bytes)
Event: 10.185 Thread 0x00000273f93b1a60 nmethod 2622 0x0000027387c26710 code [0x0000027387c268a0, 0x0000027387c26978]
Event: 10.185 Thread 0x00000273f93b1a60 2623       3       org.objectweb.asm.MethodWriter::visitAbstractType (8 bytes)
Event: 10.185 Thread 0x00000273f93b1a60 nmethod 2623 0x000002738053e610 code [0x000002738053e7a0, 0x000002738053e8d8]
Event: 10.187 Thread 0x00000273f93b1a60 2624       3       org.objectweb.asm.Handler::getExceptionTableLength (21 bytes)
Event: 10.188 Thread 0x00000273f93b1a60 nmethod 2624 0x000002738053ea10 code [0x000002738053eba0, 0x000002738053ed38]
Event: 10.188 Thread 0x00000273f93b1a60 2625       3       org.objectweb.asm.ByteVector::putInt (74 bytes)
Event: 10.188 Thread 0x00000273f93b1a60 nmethod 2625 0x000002738053ee10 code [0x000002738053efc0, 0x000002738053f228]
Event: 10.188 Thread 0x00000273f93b1a60 2626       3       org.objectweb.asm.Handler::getExceptionTableSize (10 bytes)
Event: 10.189 Thread 0x00000273f93b1a60 nmethod 2626 0x000002738053f390 code [0x000002738053f540, 0x000002738053f738]
Event: 10.189 Thread 0x00000273f93b1a60 2627       1       org.objectweb.asm.MethodWriter::hasAsmInstructions (5 bytes)
Event: 10.189 Thread 0x00000273f93b1a60 nmethod 2627 0x0000027387c26a10 code [0x0000027387c26ba0, 0x0000027387c26c78]
Event: 10.501 Thread 0x00000273f93b1a60 2628       3       java.util.concurrent.TimeUnit::toNanos (45 bytes)

GC Heap History (8 events):
Event: 1.169 GC heap before
{Heap before GC invocations=0 (full 0):
 garbage-first heap   total 129024K, used 23552K [0x0000000080000000, 0x0000000100000000)
  region size 1024K, 23 young (23552K), 0 survivors (0K)
 Metaspace       used 1029K, committed 1152K, reserved 491520K
  class space    used 73K, committed 128K, reserved 425984K
}
Event: 1.179 GC heap after
{Heap after GC invocations=1 (full 0):
 garbage-first heap   total 129024K, used 1962K [0x0000000080000000, 0x0000000100000000)
  region size 1024K, 2 young (2048K), 2 survivors (2048K)
 Metaspace       used 1029K, committed 1152K, reserved 491520K
  class space    used 73K, committed 128K, reserved 425984K
}
Event: 2.992 GC heap before
{Heap before GC invocations=1 (full 0):
 garbage-first heap   total 129024K, used 39850K [0x0000000080000000, 0x0000000100000000)
  region size 1024K, 37 young (37888K), 2 survivors (2048K)
 Metaspace       used 4366K, committed 4544K, reserved 491520K
  class space    used 546K, committed 640K, reserved 425984K
}
Event: 3.006 GC heap after
{Heap after GC invocations=2 (full 0):
 garbage-first heap   total 129024K, used 10756K [0x0000000080000000, 0x0000000100000000)
  region size 1024K, 5 young (5120K), 5 survivors (5120K)
 Metaspace       used 4366K, committed 4544K, reserved 491520K
  class space    used 546K, committed 640K, reserved 425984K
}
Event: 4.555 GC heap before
{Heap before GC invocations=2 (full 0):
 garbage-first heap   total 129024K, used 58884K [0x0000000080000000, 0x0000000100000000)
  region size 1024K, 50 young (51200K), 5 survivors (5120K)
 Metaspace       used 4594K, committed 4800K, reserved 491520K
  class space    used 571K, committed 640K, reserved 425984K
}
Event: 4.572 GC heap after
{Heap after GC invocations=3 (full 0):
 garbage-first heap   total 129024K, used 16205K [0x0000000080000000, 0x0000000100000000)
  region size 1024K, 5 young (5120K), 5 survivors (5120K)
 Metaspace       used 4594K, committed 4800K, reserved 491520K
  class space    used 571K, committed 640K, reserved 425984K
}
Event: 7.993 GC heap before
{Heap before GC invocations=3 (full 0):
 garbage-first heap   total 129024K, used 87885K [0x0000000080000000, 0x0000000100000000)
  region size 1024K, 75 young (76800K), 5 survivors (5120K)
 Metaspace       used 17030K, committed 17344K, reserved 491520K
  class space    used 2410K, committed 2560K, reserved 425984K
}
Event: 8.007 GC heap after
{Heap after GC invocations=4 (full 0):
 garbage-first heap   total 129024K, used 21712K [0x0000000080000000, 0x0000000100000000)
  region size 1024K, 10 young (10240K), 10 survivors (10240K)
 Metaspace       used 17030K, committed 17344K, reserved 491520K
  class space    used 2410K, committed 2560K, reserved 425984K
}

Deoptimization events (20 events):
Event: 7.532 Thread 0x00000273fec6ed60 Uncommon trap: trap_request=0xffffff45 fr.pc=0x0000027387afdbf4 relative=0x0000000000000634
Event: 7.532 Thread 0x00000273fec6ed60 Uncommon trap: reason=unstable_if action=reinterpret pc=0x0000027387afdbf4 method=java.io.File.getName()Ljava/lang/String; @ 16 c2
Event: 7.532 Thread 0x00000273fec6ed60 DEOPT PACKING pc=0x0000027387afdbf4 sp=0x000000d2422faad0
Event: 7.532 Thread 0x00000273fec6ed60 DEOPT UNPACKING pc=0x00000273875823a3 sp=0x000000d2422faaa0 mode 2
Event: 7.638 Thread 0x00000273fec6ed60 Uncommon trap: trap_request=0xffffff45 fr.pc=0x0000027387b0e904 relative=0x00000000000000e4
Event: 7.638 Thread 0x00000273fec6ed60 Uncommon trap: reason=unstable_if action=reinterpret pc=0x0000027387b0e904 method=java.util.HashMap.hash(Ljava/lang/Object;)I @ 1 c2
Event: 7.638 Thread 0x00000273fec6ed60 DEOPT PACKING pc=0x0000027387b0e904 sp=0x000000d2422fbaf0
Event: 7.638 Thread 0x00000273fec6ed60 DEOPT UNPACKING pc=0x00000273875823a3 sp=0x000000d2422fba30 mode 2
Event: 10.138 Thread 0x00000273fec6ed60 Uncommon trap: trap_request=0xffffff45 fr.pc=0x0000027387c201b0 relative=0x00000000000003f0
Event: 10.138 Thread 0x00000273fec6ed60 Uncommon trap: reason=unstable_if action=reinterpret pc=0x0000027387c201b0 method=java.util.HashMap.getNode(Ljava/lang/Object;)Ljava/util/HashMap$Node; @ 131 c2
Event: 10.138 Thread 0x00000273fec6ed60 DEOPT PACKING pc=0x0000027387c201b0 sp=0x000000d2422fa750
Event: 10.138 Thread 0x00000273fec6ed60 DEOPT UNPACKING pc=0x00000273875823a3 sp=0x000000d2422fa670 mode 2
Event: 10.138 Thread 0x00000273fec6ed60 Uncommon trap: trap_request=0xffffff45 fr.pc=0x0000027387c06200 relative=0x0000000000000820
Event: 10.138 Thread 0x00000273fec6ed60 Uncommon trap: reason=unstable_if action=reinterpret pc=0x0000027387c06200 method=java.util.HashMap.putVal(ILjava/lang/Object;Ljava/lang/Object;ZZ)Ljava/lang/Object; @ 206 c2
Event: 10.138 Thread 0x00000273fec6ed60 DEOPT PACKING pc=0x0000027387c06200 sp=0x000000d2422fa680
Event: 10.138 Thread 0x00000273fec6ed60 DEOPT UNPACKING pc=0x00000273875823a3 sp=0x000000d2422fa618 mode 2
Event: 10.138 Thread 0x00000273fec6ed60 Uncommon trap: trap_request=0xffffff45 fr.pc=0x0000027387c2120c relative=0x000000000000054c
Event: 10.138 Thread 0x00000273fec6ed60 Uncommon trap: reason=unstable_if action=reinterpret pc=0x0000027387c2120c method=java.util.HashMap.getNode(Ljava/lang/Object;)Ljava/util/HashMap$Node; @ 131 c2
Event: 10.138 Thread 0x00000273fec6ed60 DEOPT PACKING pc=0x0000027387c2120c sp=0x000000d2422fa6e0
Event: 10.138 Thread 0x00000273fec6ed60 DEOPT UNPACKING pc=0x00000273875823a3 sp=0x000000d2422fa670 mode 2

Classes unloaded (0 events):
No events

Classes redefined (0 events):
No events

Internal exceptions (20 events):
Event: 7.403 Thread 0x00000273fec6ed60 Exception <a 'java/lang/NoSuchMethodError'{0x00000000844d2928}: 'java.lang.Object java.lang.invoke.DirectMethodHandle$Holder.newInvokeSpecial(java.lang.Object, java.lang.Object, int)'> (0x00000000844d2928) 
thrown [s\open\src\hotspot\share\interpreter\linkResolver.cpp, line 759]
Event: 7.550 Thread 0x00000273fec6ed60 Exception <a 'java/lang/NoSuchMethodError'{0x0000000083f942f8}: 'void java.lang.invoke.DirectMethodHandle$Holder.invokeStatic(java.lang.Object, java.lang.Object, java.lang.Object, java.lang.Object)'> (0x0000000083f942f8) 
thrown [s\open\src\hotspot\share\interpreter\linkResolver.cpp, line 759]
Event: 7.551 Thread 0x00000273fec6ed60 Exception <a 'java/lang/NoSuchMethodError'{0x0000000083f98798}: 'void java.lang.invoke.DirectMethodHandle$Holder.invokeStaticInit(java.lang.Object, java.lang.Object, java.lang.Object, java.lang.Object)'> (0x0000000083f98798) 
thrown [s\open\src\hotspot\share\interpreter\linkResolver.cpp, line 759]
Event: 7.564 Thread 0x00000273fec6ed60 Exception <a 'java/lang/NoSuchMethodError'{0x0000000083ff7940}: 'java.lang.Object java.lang.invoke.DirectMethodHandle$Holder.invokeInterface(java.lang.Object, java.lang.Object, java.lang.Object)'> (0x0000000083ff7940) 
thrown [s\open\src\hotspot\share\interpreter\linkResolver.cpp, line 759]
Event: 7.590 Thread 0x00000273fec6ed60 Exception <a 'java/lang/NoSuchMethodError'{0x0000000083edf560}: 'int java.lang.invoke.DirectMethodHandle$Holder.invokeSpecialIFC(java.lang.Object, java.lang.Object, java.lang.Object, java.lang.Object)'> (0x0000000083edf560) 
thrown [s\open\src\hotspot\share\interpreter\linkResolver.cpp, line 759]
Event: 7.592 Thread 0x00000273fec6ed60 Exception <a 'java/lang/IncompatibleClassChangeError'{0x0000000083eee2f8}: Found class java.lang.Object, but interface was expected> (0x0000000083eee2f8) 
thrown [s\open\src\hotspot\share\interpreter\linkResolver.cpp, line 826]
Event: 7.638 Thread 0x00000273fec6ed60 Implicit null exception at 0x0000027387b0e860 to 0x0000027387b0e8fa
Event: 7.679 Thread 0x00000273fec6ed60 Exception <a 'java/lang/NoSuchMethodError'{0x0000000083cfb390}: 'int java.lang.invoke.DirectMethodHandle$Holder.invokeStatic(java.lang.Object, java.lang.Object, java.lang.Object, java.lang.Object)'> (0x0000000083cfb390) 
thrown [s\open\src\hotspot\share\interpreter\linkResolver.cpp, line 759]
Event: 7.681 Thread 0x00000273fec6ed60 Exception <a 'java/lang/NoSuchMethodError'{0x0000000083cff260}: 'java.lang.Object java.lang.invoke.Invokers$Holder.invokeExact_MT(java.lang.Object, java.lang.Object, java.lang.Object, java.lang.Object, java.lang.Object, java.lang.Object)'> (0x0000000083cff260) 
thrown [s\open\src\hotspot\share\interpreter\linkResolver.cpp, line 759]
Event: 7.821 Thread 0x00000273fec6ed60 Exception <a 'java/lang/IncompatibleClassChangeError'{0x0000000083705710}: Found class java.lang.Object, but interface was expected> (0x0000000083705710) 
thrown [s\open\src\hotspot\share\interpreter\linkResolver.cpp, line 826]
Event: 7.924 Thread 0x00000273fec6e850 Exception <a 'java/lang/NoSuchMethodError'{0x0000000085193500}: static Lorg/gradle/internal/build/event/types/DefaultOperationStartedProgressEvent;.<clinit>()V> (0x0000000085193500) 
thrown [s\open\src\hotspot\share\prims\jni.cpp, line 1112]
Event: 7.925 Thread 0x00000273fec6e850 Exception <a 'java/lang/NoSuchMethodError'{0x0000000085194a88}: static Lorg/gradle/internal/build/event/types/AbstractProgressEvent;.<clinit>()V> (0x0000000085194a88) 
thrown [s\open\src\hotspot\share\prims\jni.cpp, line 1112]
Event: 7.926 Thread 0x00000273fec6e850 Exception <a 'java/lang/NoSuchMethodError'{0x000000008519d7a0}: static Lorg/gradle/internal/build/event/types/DefaultOperationDescriptor;.<clinit>()V> (0x000000008519d7a0) 
thrown [s\open\src\hotspot\share\prims\jni.cpp, line 1112]
Event: 7.931 Thread 0x00000273fec6e850 Exception <a 'java/lang/NoSuchMethodError'{0x00000000851b3100}: static Lorg/gradle/internal/operations/OperationIdentifier;.<clinit>()V> (0x00000000851b3100) 
thrown [s\open\src\hotspot\share\prims\jni.cpp, line 1112]
Event: 8.372 Thread 0x00000273fec6ed60 Exception <a 'java/lang/NoSuchMethodError'{0x0000000087375550}: 'int java.lang.invoke.DirectMethodHandle$Holder.invokeStaticInit(java.lang.Object, java.lang.Object, java.lang.Object)'> (0x0000000087375550) 
thrown [s\open\src\hotspot\share\interpreter\linkResolver.cpp, line 759]
Event: 9.824 Thread 0x00000273fec6ed60 Exception <a 'java/lang/NoSuchMethodError'{0x0000000086834fa8}: 'void java.lang.invoke.DirectMethodHandle$Holder.invokeSpecial(java.lang.Object, java.lang.Object, java.lang.Object, java.lang.Object, java.lang.Object)'> (0x0000000086834fa8) 
thrown [s\open\src\hotspot\share\interpreter\linkResolver.cpp, line 759]
Event: 9.827 Thread 0x00000273fec6ed60 Exception <a 'java/lang/NoSuchMethodError'{0x000000008683c908}: 'java.lang.Object java.lang.invoke.Invokers$Holder.invoker(java.lang.Object, java.lang.Object, java.lang.Object, java.lang.Object)'> (0x000000008683c908) 
thrown [s\open\src\hotspot\share\interpreter\linkResolver.cpp, line 759]
Event: 10.061 Thread 0x00000273fec6ed60 Exception <a 'java/lang/NoSuchMethodError'{0x00000000864168a8}: 'java.lang.Object java.lang.invoke.DirectMethodHandle$Holder.invokeVirtual(java.lang.Object, java.lang.Object, java.lang.Object, java.lang.Object)'> (0x00000000864168a8) 
thrown [s\open\src\hotspot\share\interpreter\linkResolver.cpp, line 759]
Event: 10.163 Thread 0x00000273fec6ed60 Exception <a 'java/lang/NoSuchMethodError'{0x00000000863ede10}: 'java.lang.Object java.lang.invoke.DirectMethodHandle$Holder.newInvokeSpecial(java.lang.Object, java.lang.Object, java.lang.Object, java.lang.Object, java.lang.Object, java.lang.Object, java.lang.Object)'> (0x00000000863ede10) 
thrown [s\open\src\hotspot\share\interpreter\linkResolver.cpp, line 759]
Event: 10.163 Thread 0x00000273fec6ed60 Exception <a 'java/lang/NoSuchMethodError'{0x00000000863f2ae0}: 'java.lang.Object java.lang.invoke.Invokers$Holder.linkToTargetMethod(java.lang.Object, java.lang.Object, java.lang.Object, java.lang.Object, java.lang.Object, java.lang.Object, java.lang.Object)'> (0x00000000863f2ae0) 
thrown [s\open\src\hotspot\share\interpreter\linkResolver.cpp, line 759]

VM Operations (20 events):
Event: 5.576 Executing VM operation: HandshakeAllThreads
Event: 5.576 Executing VM operation: HandshakeAllThreads done
Event: 5.576 Executing VM operation: Cleanup
Event: 5.576 Executing VM operation: Cleanup done
Event: 5.687 Executing VM operation: HandshakeAllThreads
Event: 5.687 Executing VM operation: HandshakeAllThreads done
Event: 5.922 Executing VM operation: HandshakeAllThreads
Event: 5.922 Executing VM operation: HandshakeAllThreads done
Event: 6.932 Executing VM operation: Cleanup
Event: 6.932 Executing VM operation: Cleanup done
Event: 7.787 Executing VM operation: HandshakeAllThreads
Event: 7.787 Executing VM operation: HandshakeAllThreads done
Event: 7.787 Executing VM operation: HandshakeAllThreads
Event: 7.788 Executing VM operation: HandshakeAllThreads done
Event: 7.993 Executing VM operation: G1CollectForAllocation
Event: 8.007 Executing VM operation: G1CollectForAllocation done
Event: 9.012 Executing VM operation: Cleanup
Event: 9.774 Executing VM operation: Cleanup done
Event: 10.774 Executing VM operation: Cleanup
Event: 10.775 Executing VM operation: Cleanup done

Events (20 events):
Event: 7.928 loading class java/nio/charset/CharacterCodingException done
Event: 8.079 loading class java/util/function/LongFunction
Event: 8.079 loading class java/util/function/LongFunction done
Event: 8.172 loading class java/security/InvalidKeyException
Event: 8.173 loading class java/security/KeyException
Event: 8.173 loading class java/security/KeyException done
Event: 8.173 loading class java/security/InvalidKeyException done
Event: 8.676 Thread 0x00000273aa56c810 Thread added: 0x00000273aa56c810
Event: 9.986 loading class javax/xml/parsers/ParserConfigurationException
Event: 9.986 loading class javax/xml/parsers/ParserConfigurationException done
Event: 9.986 loading class org/xml/sax/SAXException
Event: 9.986 loading class org/xml/sax/SAXException done
Event: 9.986 loading class javax/xml/xpath/XPathExpressionException
Event: 9.986 loading class javax/xml/xpath/XPathException
Event: 9.987 loading class javax/xml/xpath/XPathException done
Event: 9.987 loading class javax/xml/xpath/XPathExpressionException done
Event: 9.987 loading class org/xml/sax/ErrorHandler
Event: 9.987 loading class org/xml/sax/ErrorHandler done
Event: 9.998 loading class java/nio/file/AtomicMoveNotSupportedException
Event: 9.999 loading class java/nio/file/AtomicMoveNotSupportedException done


Dynamic libraries:
0x00007ff6fdc90000 - 0x00007ff6fdca0000 	C:\Program Files\Java\jdk-17.0.12\bin\java.exe
0x00007ff9fcfc0000 - 0x00007ff9fd229000 	C:\WINDOWS\SYSTEM32\ntdll.dll
0x00007ff9fbcc0000 - 0x00007ff9fbd89000 	C:\WINDOWS\System32\KERNEL32.DLL
0x00007ff9fa540000 - 0x00007ff9fa933000 	C:\WINDOWS\System32\KERNELBASE.dll
0x00007ff9faac0000 - 0x00007ff9fac0b000 	C:\WINDOWS\System32\ucrtbase.dll
0x00007ff9e1840000 - 0x00007ff9e185b000 	C:\Program Files\Java\jdk-17.0.12\bin\VCRUNTIME140.dll
0x00007ff9d35a0000 - 0x00007ff9d35b9000 	C:\Program Files\Java\jdk-17.0.12\bin\jli.dll
0x00007ff9fcb50000 - 0x00007ff9fcc04000 	C:\WINDOWS\System32\ADVAPI32.dll
0x00007ff9faef0000 - 0x00007ff9faf99000 	C:\WINDOWS\System32\msvcrt.dll
0x00007ff9fb270000 - 0x00007ff9fb316000 	C:\WINDOWS\System32\sechost.dll
0x00007ff9fafa0000 - 0x00007ff9fb0b8000 	C:\WINDOWS\System32\RPCRT4.dll
0x00007ff9fcc10000 - 0x00007ff9fcdd4000 	C:\WINDOWS\System32\USER32.dll
0x00007ff9dac50000 - 0x00007ff9daee3000 	C:\WINDOWS\WinSxS\amd64_microsoft.windows.common-controls_6595b64144ccf1df_6.0.26100.5074_none_3e0d6f78e32fd63f\COMCTL32.dll
0x00007ff9faa90000 - 0x00007ff9faab7000 	C:\WINDOWS\System32\win32u.dll
0x00007ff9fbc80000 - 0x00007ff9fbcab000 	C:\WINDOWS\System32\GDI32.dll
0x00007ff9fa210000 - 0x00007ff9fa33d000 	C:\WINDOWS\System32\gdi32full.dll
0x00007ff9fa9e0000 - 0x00007ff9faa83000 	C:\WINDOWS\System32\msvcp_win.dll
0x00007ff9ef750000 - 0x00007ff9ef75b000 	C:\WINDOWS\SYSTEM32\VERSION.dll
0x00007ff9fc8f0000 - 0x00007ff9fc91f000 	C:\WINDOWS\System32\IMM32.DLL
0x00007ff9dd250000 - 0x00007ff9dd25c000 	C:\Program Files\Java\jdk-17.0.12\bin\vcruntime140_1.dll
0x00007ff9d0810000 - 0x00007ff9d089e000 	C:\Program Files\Java\jdk-17.0.12\bin\msvcp140.dll
0x00007ff97b5e0000 - 0x00007ff97c1c0000 	C:\Program Files\Java\jdk-17.0.12\bin\server\jvm.dll
0x00007ff9fc870000 - 0x00007ff9fc878000 	C:\WINDOWS\System32\PSAPI.DLL
0x00007ff9e59a0000 - 0x00007ff9e59d5000 	C:\WINDOWS\SYSTEM32\WINMM.dll
0x00007ff9710b0000 - 0x00007ff9710ba000 	C:\WINDOWS\SYSTEM32\WSOCK32.dll
0x00007ff9fb1f0000 - 0x00007ff9fb264000 	C:\WINDOWS\System32\WS2_32.dll
0x00007ff9f8f00000 - 0x00007ff9f8f1b000 	C:\WINDOWS\SYSTEM32\kernel.appcore.dll
0x00007ff9d98d0000 - 0x00007ff9d98da000 	C:\Program Files\Java\jdk-17.0.12\bin\jimage.dll
0x00007ff9f78a0000 - 0x00007ff9f7ae2000 	C:\WINDOWS\SYSTEM32\DBGHELP.DLL
0x00007ff9fb320000 - 0x00007ff9fb69b000 	C:\WINDOWS\System32\combase.dll
0x00007ff9fb110000 - 0x00007ff9fb1e7000 	C:\WINDOWS\System32\OLEAUT32.dll
0x00007ff9daf90000 - 0x00007ff9dafcd000 	C:\WINDOWS\SYSTEM32\dbgcore.DLL
0x00007ff9fa940000 - 0x00007ff9fa9d9000 	C:\WINDOWS\System32\bcryptPrimitives.dll
0x00007ff9d64a0000 - 0x00007ff9d64ae000 	C:\Program Files\Java\jdk-17.0.12\bin\instrument.dll
0x00007ff9d3570000 - 0x00007ff9d3595000 	C:\Program Files\Java\jdk-17.0.12\bin\java.dll
0x00007ff9c1970000 - 0x00007ff9c1a47000 	C:\Program Files\Java\jdk-17.0.12\bin\jsvml.dll
0x00007ff9fbf40000 - 0x00007ff9fc68d000 	C:\WINDOWS\System32\SHELL32.dll
0x00007ff9fa340000 - 0x00007ff9fa4ac000 	C:\WINDOWS\System32\wintypes.dll
0x00007ff9f7d90000 - 0x00007ff9f85e9000 	C:\WINDOWS\SYSTEM32\windows.storage.dll
0x00007ff9fc950000 - 0x00007ff9fca40000 	C:\WINDOWS\System32\SHCORE.dll
0x00007ff9fc880000 - 0x00007ff9fc8e2000 	C:\WINDOWS\System32\shlwapi.dll
0x00007ff9fa070000 - 0x00007ff9fa099000 	C:\WINDOWS\SYSTEM32\profapi.dll
0x00007ff9d3550000 - 0x00007ff9d3568000 	C:\Program Files\Java\jdk-17.0.12\bin\zip.dll
0x00007ff9d24e0000 - 0x00007ff9d24f9000 	C:\Program Files\Java\jdk-17.0.12\bin\net.dll
0x00007ff9f1490000 - 0x00007ff9f15af000 	C:\WINDOWS\SYSTEM32\WINHTTP.dll
0x00007ff9f94b0000 - 0x00007ff9f951b000 	C:\WINDOWS\system32\mswsock.dll
0x00007ff9d1e80000 - 0x00007ff9d1e96000 	C:\Program Files\Java\jdk-17.0.12\bin\nio.dll
0x00007ff9d61c0000 - 0x00007ff9d61d0000 	C:\Program Files\Java\jdk-17.0.12\bin\verify.dll
0x00007ff9d4b70000 - 0x00007ff9d4b97000 	C:\Users\sonal\.gradle\native\1def1411415f61bf3af743bc5b6707747c0891f09f0c88961ee8f79bc544acac\windows-amd64\native-platform.dll
0x00007ff9c18f0000 - 0x00007ff9c1968000 	C:\Users\sonal\.gradle\native\0.2.7\x86_64-windows-gnu\gradle-fileevents.dll
0x00007ff9d4b60000 - 0x00007ff9d4b6a000 	C:\Program Files\Java\jdk-17.0.12\bin\management.dll
0x00007ff9d3870000 - 0x00007ff9d387b000 	C:\Program Files\Java\jdk-17.0.12\bin\management_ext.dll
0x00007ff9f88f0000 - 0x00007ff9f8924000 	C:\WINDOWS\SYSTEM32\IPHLPAPI.DLL
0x00007ff9fbcb0000 - 0x00007ff9fbcba000 	C:\WINDOWS\System32\NSI.dll
0x00007ff9f10f0000 - 0x00007ff9f110e000 	C:\WINDOWS\SYSTEM32\dhcpcsvc6.DLL
0x00007ff9f10c0000 - 0x00007ff9f10e3000 	C:\WINDOWS\SYSTEM32\dhcpcsvc.DLL
0x00007ff9f8980000 - 0x00007ff9f8aa6000 	C:\WINDOWS\SYSTEM32\DNSAPI.dll
0x00007ff9f9750000 - 0x00007ff9f976b000 	C:\WINDOWS\SYSTEM32\CRYPTSP.dll
0x00007ff9f8e60000 - 0x00007ff9f8e9b000 	C:\WINDOWS\system32\rsaenh.dll
0x00007ff9f9550000 - 0x00007ff9f957b000 	C:\WINDOWS\SYSTEM32\USERENV.dll
0x00007ff9fa040000 - 0x00007ff9fa066000 	C:\WINDOWS\SYSTEM32\bcrypt.dll
0x00007ff9f9770000 - 0x00007ff9f977c000 	C:\WINDOWS\SYSTEM32\CRYPTBASE.dll
0x00007ff9d5fd0000 - 0x00007ff9d5fde000 	C:\Program Files\Java\jdk-17.0.12\bin\sunmscapi.dll
0x00007ff9fac10000 - 0x00007ff9fad87000 	C:\WINDOWS\System32\CRYPT32.dll
0x00007ff9f9970000 - 0x00007ff9f99a0000 	C:\WINDOWS\SYSTEM32\ncrypt.dll
0x00007ff9f9920000 - 0x00007ff9f995f000 	C:\WINDOWS\SYSTEM32\NTASN1.dll
0x00007ff9e1800000 - 0x00007ff9e1808000 	C:\WINDOWS\system32\wshunix.dll

dbghelp: loaded successfully - version: 4.0.5 - missing functions: none
symbol engine: initialized successfully - sym options: 0x614 - pdb path: .;C:\Program Files\Java\jdk-17.0.12\bin;C:\WINDOWS\SYSTEM32;C:\WINDOWS\WinSxS\amd64_microsoft.windows.common-controls_6595b64144ccf1df_6.0.26100.5074_none_3e0d6f78e32fd63f;C:\Program Files\Java\jdk-17.0.12\bin\server;C:\Users\sonal\.gradle\native\1def1411415f61bf3af743bc5b6707747c0891f09f0c88961ee8f79bc544acac\windows-amd64;C:\Users\sonal\.gradle\native\0.2.7\x86_64-windows-gnu

VM Arguments:
jvm_args: --add-opens=java.base/java.lang=ALL-UNNAMED --add-opens=java.base/java.lang.invoke=ALL-UNNAMED --add-opens=java.base/java.util=ALL-UNNAMED --add-opens=java.prefs/java.util.prefs=ALL-UNNAMED --add-exports=jdk.compiler/com.sun.tools.javac.api=ALL-UNNAMED --add-exports=jdk.compiler/com.sun.tools.javac.util=ALL-UNNAMED --add-opens=java.base/java.util=ALL-UNNAMED --add-opens=java.prefs/java.util.prefs=ALL-UNNAMED --add-opens=java.base/java.nio.charset=ALL-UNNAMED --add-opens=java.base/java.net=ALL-UNNAMED --add-opens=java.base/java.util.concurrent.atomic=ALL-UNNAMED --add-opens=java.xml/javax.xml.namespace=ALL-UNNAMED -XX:MaxMetaspaceSize=512m -Xmx2048m -Dfile.encoding=UTF-8 -Duser.country=IN -Duser.language=en -Duser.variant -javaagent:C:\Users\sonal\.gradle\wrapper\dists\gradle-8.14.1-bin\baw1sv0jfoi8rxs14qo3h49cs\gradle-8.14.1\lib\agents\gradle-instrumentation-agent-8.14.1.jar 
java_command: org.gradle.launcher.daemon.bootstrap.GradleDaemon 8.14.1
java_class_path (initial): C:\Users\sonal\.gradle\wrapper\dists\gradle-8.14.1-bin\baw1sv0jfoi8rxs14qo3h49cs\gradle-8.14.1\lib\gradle-daemon-main-8.14.1.jar
Launcher Type: SUN_STANDARD

[Global flags]
     intx CICompilerCount                          = 4                                         {product} {ergonomic}
   size_t CompressedClassSpaceSize                 = 436207616                                 {product} {ergonomic}
     uint ConcGCThreads                            = 2                                         {product} {ergonomic}
     uint G1ConcRefinementThreads                  = 8                                         {product} {ergonomic}
   size_t G1HeapRegionSize                         = 1048576                                   {product} {ergonomic}
    uintx GCDrainStackTargetSize                   = 64                                        {product} {ergonomic}
   size_t InitialHeapSize                          = 132120576                                 {product} {ergonomic}
   size_t MarkStackSize                            = 4194304                                   {product} {ergonomic}
   size_t MaxHeapSize                              = 2147483648                                {product} {command line}
   size_t MaxMetaspaceSize                         = 536870912                                 {product} {command line}
   size_t MaxNewSize                               = 1287651328                                {product} {ergonomic}
   size_t MinHeapDeltaBytes                        = 1048576                                   {product} {ergonomic}
   size_t MinHeapSize                              = 8388608                                   {product} {ergonomic}
    uintx NonNMethodCodeHeapSize                   = 5839372                                {pd product} {ergonomic}
    uintx NonProfiledCodeHeapSize                  = 122909434                              {pd product} {ergonomic}
    uintx ProfiledCodeHeapSize                     = 122909434                              {pd product} {ergonomic}
    uintx ReservedCodeCacheSize                    = 251658240                              {pd product} {ergonomic}
     bool SegmentedCodeCache                       = true                                      {product} {ergonomic}
   size_t SoftMaxHeapSize                          = 2147483648                             {manageable} {ergonomic}
     bool UseCompressedClassPointers               = true                           {product lp64_product} {ergonomic}
     bool UseCompressedOops                        = true                           {product lp64_product} {ergonomic}
     bool UseG1GC                                  = true                                      {product} {ergonomic}
     bool UseLargePagesIndividualAllocation        = false                                  {pd product} {ergonomic}

Logging:
Log output configuration:
 #0: stdout all=warning uptime,level,tags
 #1: stderr all=off uptime,level,tags

Environment Variables:
JAVA_HOME=C:\Program Files\Java\jdk-17.0.12
PATH=C:\Program Files\Amazon Corretto\jdk17.0.14_7\bin;C:\Program Files\Common Files\Oracle\Java\javapath;C:\Program Files\Java\jdk-11\bin;C:\Python312\Scripts\;C:\Python312\;C:\WINDOWS\system32;C:\WINDOWS;C:\WINDOWS\System32\Wbem;C:\WINDOWS\System32\WindowsPowerShell\v1.0\;C:\WINDOWS\System32\OpenSSH\;C:\ProgramData\chocolatey\bin;C:\Program Files\Git\cmd;C:\Program Files\Java\jdk-17.0.12\bin;C:\adb;C:\Users\sonal\AppData\Local\Android\Sdk;C:\Users\sonal\AppData\Local\Android\Sdk\platform-tools;C:\Users\sonal\AppData\Local\Android\Sdk\tools;C:\Users\sonal\AppData\Local\nvm;C:\nvm4w\nodejs;C:\Program Files\Java\jdk-17.0.12\bin;C:\Program Files\Amazon Corretto\jdk17.0.14_7\bin;C:\Program Files\Common Files\Oracle\Java\javapath;C:\Program Files\Java\jdk-11\bin;C:\Python312\Scripts\;C:\Python312\;C:\WINDOWS\system32;C:\WINDOWS;C:\WINDOWS\System32\Wbem;C:\WINDOWS\System32\WindowsPowerShell\v1.0\;C:\WINDOWS\System32\OpenSSH\;C:\ProgramData\chocolatey\bin;C:\Program Files\Git\cmd;C:\Program Files\Java\jdk-17.0.12\bin;C:\adb;C:\Users\sonal\AppData\Local\Android\Sdk;C:\Users\sonal\AppData\Local\Android\Sdk\platform-tools;C:\Users\sonal\AppData\Local\Android\Sdk\tools;C:\Users\sonal\AppData\Local\nvm;C:\nvm4w\nodejs;C:\Users\sonal\AppData\Local\Programs\Microsoft VS Code\bin;C:\Users\sonal\AppData\Local\nvm;C:\nvm4w\nodejs;C:\Users\sonal\AppData\Local\GitHubDesktop\bin
USERNAME=Sonal Singh
OS=Windows_NT
PROCESSOR_IDENTIFIER=Intel64 Family 6 Model 142 Stepping 12, GenuineIntel



---------------  S Y S T E M  ---------------

OS:
 Windows 11 , 64 bit Build 26100 (10.0.26100.5074)
OS uptime: 4 days 3:54 hours
Hyper-V role detected

CPU: total 8 (initial active 8) (4 cores per cpu, 2 threads per core) family 6 model 142 stepping 12 microcode 0xea, cx8, cmov, fxsr, ht, mmx, 3dnowpref, sse, sse2, sse3, ssse3, sse4.1, sse4.2, popcnt, lzcnt, tsc, tscinvbit, avx, avx2, aes, erms, clmul, bmi1, bmi2, adx, fma, vzeroupper, clflush, clflushopt, hv

Memory: 4k page, system-wide physical 7995M (634M free)
TotalPageFile size 31812M (AvailPageFile size 25M)
current process WorkingSet (physical memory assigned to process): 225M, peak: 243M
current process commit charge ("private bytes"): 303M, peak: 324M

vm_info: Java HotSpot(TM) 64-Bit Server VM (17.0.12+8-LTS-286) for windows-amd64 JRE (17.0.12+8-LTS-286), built on Jun  5 2024 06:46:59 by "mach5one" with MS VC++ 17.6 (VS2022)

END.
